

================================================================
== Vitis HLS Report for 'yolo_npu_v2_core_Pipeline_VITIS_LOOP_123_17'
================================================================
* Date:           Sat Jun 20 09:59:00 2026

* Version:        2025.2 (Build 6295257 on Nov 14 2025)
* Project:        yolo_npu
* Solution:       hls (Vivado IP Flow Target)
* Product family: kintex7
* Target device:  xc7k325t-ffg900-2


================================================================
== Performance Estimates
================================================================
+ Timing: 
    * Summary: 
    +--------+----------+----------+------------+
    |  Clock |  Target  | Estimated| Uncertainty|
    +--------+----------+----------+------------+
    |ap_clk  |  20.00 ns|  2.854 ns|     5.40 ns|
    +--------+----------+----------+------------+

+ Latency: 
    * Summary: 
    +---------+---------+----------+----------+-----+-----+-------------------+
    |  Latency (cycles) |  Latency (absolute) |  Interval |      Pipeline     |
    |   min   |   max   |    min   |    max   | min | max |        Type       |
    +---------+---------+----------+----------+-----+-----+-------------------+
    |       34|       34|  0.680 us|  0.680 us|    0|    0|  loop pipeline stp|
    +---------+---------+----------+----------+-----+-----+-------------------+

    + Detail: 
        * Instance: 
        N/A

        * Loop: 
        +---------------------+---------+---------+----------+-----------+-----------+------+----------+
        |                     |  Latency (cycles) | Iteration|  Initiation Interval  | Trip |          |
        |      Loop Name      |   min   |   max   |  Latency |  achieved |   target  | Count| Pipelined|
        +---------------------+---------+---------+----------+-----------+-----------+------+----------+
        |- VITIS_LOOP_123_17  |       32|       32|         1|          1|          1|    32|       yes|
        +---------------------+---------+---------+----------+-----------+-----------+------+----------+



================================================================
== Utilization Estimates
================================================================
* Summary: 
+-----------------+---------+-----+--------+--------+-----+
|       Name      | BRAM_18K| DSP |   FF   |   LUT  | URAM|
+-----------------+---------+-----+--------+--------+-----+
|DSP              |        -|    -|       -|       -|    -|
|Expression       |        -|    -|       0|      28|    -|
|FIFO             |        -|    -|       -|       -|    -|
|Instance         |        -|    -|       -|       -|    -|
|Memory           |        -|    -|       -|       -|    -|
|Multiplexer      |        -|    -|       0|      27|    -|
|Register         |        -|    -|     520|       -|    -|
+-----------------+---------+-----+--------+--------+-----+
|Total            |        0|    0|     520|      55|    0|
+-----------------+---------+-----+--------+--------+-----+
|Available        |      890|  840|  407600|  203800|    0|
+-----------------+---------+-----+--------+--------+-----+
|Utilization (%)  |        0|    0|      ~0|      ~0|    0|
+-----------------+---------+-----+--------+--------+-----+

+ Detail: 
    * Instance: 
    N/A

    * DSP: 
    N/A

    * Memory: 
    N/A

    * FIFO: 
    N/A

    * Expression: 
    +----------------------+----------+----+---+----+------------+------------+
    |     Variable Name    | Operation| DSP| FF| LUT| Bitwidth P0| Bitwidth P1|
    +----------------------+----------+----+---+----+------------+------------+
    |add_ln123_fu_532_p2   |         +|   0|  0|  14|           6|           1|
    |icmp_ln123_fu_526_p2  |      icmp|   0|  0|  14|           6|           7|
    +----------------------+----------+----+---+----+------------+------------+
    |Total                 |          |   0|  0|  28|          12|           8|
    +----------------------+----------+----+---+----+------------+------------+

    * Multiplexer: 
    +----------------------+----+-----------+-----+-----------+
    |         Name         | LUT| Input Size| Bits| Total Bits|
    +----------------------+----+-----------+-----+-----------+
    |ap_done_int           |   9|          2|    1|          2|
    |ap_sig_allocacmp_i_1  |   9|          2|    6|         12|
    |i_fu_156              |   9|          2|    6|         12|
    +----------------------+----+-----------+-----+-----------+
    |Total                 |  27|          6|   13|         26|
    +----------------------+----+-----------+-----+-----------+

    * Register: 
    +---------------+----+----+-----+-----------+
    |      Name     | FF | LUT| Bits| Const Bits|
    +---------------+----+----+-----+-----------+
    |acc_10_fu_200  |  16|   0|   16|          0|
    |acc_11_fu_204  |  16|   0|   16|          0|
    |acc_12_fu_208  |  16|   0|   16|          0|
    |acc_13_fu_212  |  16|   0|   16|          0|
    |acc_14_fu_216  |  16|   0|   16|          0|
    |acc_15_fu_220  |  16|   0|   16|          0|
    |acc_16_fu_224  |  16|   0|   16|          0|
    |acc_17_fu_228  |  16|   0|   16|          0|
    |acc_18_fu_232  |  16|   0|   16|          0|
    |acc_19_fu_236  |  16|   0|   16|          0|
    |acc_1_fu_164   |  16|   0|   16|          0|
    |acc_20_fu_240  |  16|   0|   16|          0|
    |acc_21_fu_244  |  16|   0|   16|          0|
    |acc_22_fu_248  |  16|   0|   16|          0|
    |acc_23_fu_252  |  16|   0|   16|          0|
    |acc_24_fu_256  |  16|   0|   16|          0|
    |acc_25_fu_260  |  16|   0|   16|          0|
    |acc_26_fu_264  |  16|   0|   16|          0|
    |acc_27_fu_268  |  16|   0|   16|          0|
    |acc_28_fu_272  |  16|   0|   16|          0|
    |acc_29_fu_276  |  16|   0|   16|          0|
    |acc_2_fu_168   |  16|   0|   16|          0|
    |acc_30_fu_280  |  16|   0|   16|          0|
    |acc_31_fu_284  |  16|   0|   16|          0|
    |acc_3_fu_172   |  16|   0|   16|          0|
    |acc_4_fu_176   |  16|   0|   16|          0|
    |acc_5_fu_180   |  16|   0|   16|          0|
    |acc_6_fu_184   |  16|   0|   16|          0|
    |acc_7_fu_188   |  16|   0|   16|          0|
    |acc_8_fu_192   |  16|   0|   16|          0|
    |acc_9_fu_196   |  16|   0|   16|          0|
    |acc_fu_160     |  16|   0|   16|          0|
    |ap_CS_fsm      |   1|   0|    1|          0|
    |ap_done_reg    |   1|   0|    1|          0|
    |i_fu_156       |   6|   0|    6|          0|
    +---------------+----+----+-----+-----------+
    |Total          | 520|   0|  520|          0|
    +---------------+----+----+-----+-----------+



================================================================
== Interface
================================================================
* Summary: 
+-------------------+-----+-----+------------+---------------------------------------------+--------------+
|     RTL Ports     | Dir | Bits|  Protocol  |                Source Object                |    C Type    |
+-------------------+-----+-----+------------+---------------------------------------------+--------------+
|ap_clk             |   in|    1|  ap_ctrl_hs|  yolo_npu_v2_core_Pipeline_VITIS_LOOP_123_17|  return value|
|ap_rst             |   in|    1|  ap_ctrl_hs|  yolo_npu_v2_core_Pipeline_VITIS_LOOP_123_17|  return value|
|ap_start           |   in|    1|  ap_ctrl_hs|  yolo_npu_v2_core_Pipeline_VITIS_LOOP_123_17|  return value|
|ap_done            |  out|    1|  ap_ctrl_hs|  yolo_npu_v2_core_Pipeline_VITIS_LOOP_123_17|  return value|
|ap_idle            |  out|    1|  ap_ctrl_hs|  yolo_npu_v2_core_Pipeline_VITIS_LOOP_123_17|  return value|
|ap_ready           |  out|    1|  ap_ctrl_hs|  yolo_npu_v2_core_Pipeline_VITIS_LOOP_123_17|  return value|
|acc_32             |   in|   16|     ap_none|                                       acc_32|        scalar|
|acc_31_out         |  out|   16|      ap_vld|                                   acc_31_out|       pointer|
|acc_31_out_ap_vld  |  out|    1|      ap_vld|                                   acc_31_out|       pointer|
|acc_30_out         |  out|   16|      ap_vld|                                   acc_30_out|       pointer|
|acc_30_out_ap_vld  |  out|    1|      ap_vld|                                   acc_30_out|       pointer|
|acc_29_out         |  out|   16|      ap_vld|                                   acc_29_out|       pointer|
|acc_29_out_ap_vld  |  out|    1|      ap_vld|                                   acc_29_out|       pointer|
|acc_28_out         |  out|   16|      ap_vld|                                   acc_28_out|       pointer|
|acc_28_out_ap_vld  |  out|    1|      ap_vld|                                   acc_28_out|       pointer|
|acc_27_out         |  out|   16|      ap_vld|                                   acc_27_out|       pointer|
|acc_27_out_ap_vld  |  out|    1|      ap_vld|                                   acc_27_out|       pointer|
|acc_26_out         |  out|   16|      ap_vld|                                   acc_26_out|       pointer|
|acc_26_out_ap_vld  |  out|    1|      ap_vld|                                   acc_26_out|       pointer|
|acc_25_out         |  out|   16|      ap_vld|                                   acc_25_out|       pointer|
|acc_25_out_ap_vld  |  out|    1|      ap_vld|                                   acc_25_out|       pointer|
|acc_24_out         |  out|   16|      ap_vld|                                   acc_24_out|       pointer|
|acc_24_out_ap_vld  |  out|    1|      ap_vld|                                   acc_24_out|       pointer|
|acc_23_out         |  out|   16|      ap_vld|                                   acc_23_out|       pointer|
|acc_23_out_ap_vld  |  out|    1|      ap_vld|                                   acc_23_out|       pointer|
|acc_22_out         |  out|   16|      ap_vld|                                   acc_22_out|       pointer|
|acc_22_out_ap_vld  |  out|    1|      ap_vld|                                   acc_22_out|       pointer|
|acc_21_out         |  out|   16|      ap_vld|                                   acc_21_out|       pointer|
|acc_21_out_ap_vld  |  out|    1|      ap_vld|                                   acc_21_out|       pointer|
|acc_20_out         |  out|   16|      ap_vld|                                   acc_20_out|       pointer|
|acc_20_out_ap_vld  |  out|    1|      ap_vld|                                   acc_20_out|       pointer|
|acc_19_out         |  out|   16|      ap_vld|                                   acc_19_out|       pointer|
|acc_19_out_ap_vld  |  out|    1|      ap_vld|                                   acc_19_out|       pointer|
|acc_18_out         |  out|   16|      ap_vld|                                   acc_18_out|       pointer|
|acc_18_out_ap_vld  |  out|    1|      ap_vld|                                   acc_18_out|       pointer|
|acc_17_out         |  out|   16|      ap_vld|                                   acc_17_out|       pointer|
|acc_17_out_ap_vld  |  out|    1|      ap_vld|                                   acc_17_out|       pointer|
|acc_16_out         |  out|   16|      ap_vld|                                   acc_16_out|       pointer|
|acc_16_out_ap_vld  |  out|    1|      ap_vld|                                   acc_16_out|       pointer|
|acc_15_out         |  out|   16|      ap_vld|                                   acc_15_out|       pointer|
|acc_15_out_ap_vld  |  out|    1|      ap_vld|                                   acc_15_out|       pointer|
|acc_14_out         |  out|   16|      ap_vld|                                   acc_14_out|       pointer|
|acc_14_out_ap_vld  |  out|    1|      ap_vld|                                   acc_14_out|       pointer|
|acc_13_out         |  out|   16|      ap_vld|                                   acc_13_out|       pointer|
|acc_13_out_ap_vld  |  out|    1|      ap_vld|                                   acc_13_out|       pointer|
|acc_12_out         |  out|   16|      ap_vld|                                   acc_12_out|       pointer|
|acc_12_out_ap_vld  |  out|    1|      ap_vld|                                   acc_12_out|       pointer|
|acc_11_out         |  out|   16|      ap_vld|                                   acc_11_out|       pointer|
|acc_11_out_ap_vld  |  out|    1|      ap_vld|                                   acc_11_out|       pointer|
|acc_10_out         |  out|   16|      ap_vld|                                   acc_10_out|       pointer|
|acc_10_out_ap_vld  |  out|    1|      ap_vld|                                   acc_10_out|       pointer|
|acc_9_out          |  out|   16|      ap_vld|                                    acc_9_out|       pointer|
|acc_9_out_ap_vld   |  out|    1|      ap_vld|                                    acc_9_out|       pointer|
|acc_8_out          |  out|   16|      ap_vld|                                    acc_8_out|       pointer|
|acc_8_out_ap_vld   |  out|    1|      ap_vld|                                    acc_8_out|       pointer|
|acc_7_out          |  out|   16|      ap_vld|                                    acc_7_out|       pointer|
|acc_7_out_ap_vld   |  out|    1|      ap_vld|                                    acc_7_out|       pointer|
|acc_6_out          |  out|   16|      ap_vld|                                    acc_6_out|       pointer|
|acc_6_out_ap_vld   |  out|    1|      ap_vld|                                    acc_6_out|       pointer|
|acc_5_out          |  out|   16|      ap_vld|                                    acc_5_out|       pointer|
|acc_5_out_ap_vld   |  out|    1|      ap_vld|                                    acc_5_out|       pointer|
|acc_4_out          |  out|   16|      ap_vld|                                    acc_4_out|       pointer|
|acc_4_out_ap_vld   |  out|    1|      ap_vld|                                    acc_4_out|       pointer|
|acc_3_out          |  out|   16|      ap_vld|                                    acc_3_out|       pointer|
|acc_3_out_ap_vld   |  out|    1|      ap_vld|                                    acc_3_out|       pointer|
|acc_2_out          |  out|   16|      ap_vld|                                    acc_2_out|       pointer|
|acc_2_out_ap_vld   |  out|    1|      ap_vld|                                    acc_2_out|       pointer|
|acc_1_out          |  out|   16|      ap_vld|                                    acc_1_out|       pointer|
|acc_1_out_ap_vld   |  out|    1|      ap_vld|                                    acc_1_out|       pointer|
|acc_out            |  out|   16|      ap_vld|                                      acc_out|       pointer|
|acc_out_ap_vld     |  out|    1|      ap_vld|                                      acc_out|       pointer|
+-------------------+-----+-----+------------+---------------------------------------------+--------------+

