

================================================================
== Vitis HLS Report for 'systolic_8x8'
================================================================
* Date:           Mon Jun 15 23:14:58 2026

* Version:        2025.2 (Build 6295257 on Nov 14 2025)
* Project:        tpu_integrated_accel
* Solution:       hls (Vivado IP Flow Target)
* Product family: kintex7
* Target device:  xc7k325t-ffg900-2


================================================================
== Performance Estimates
================================================================
+ Timing: 
    * Summary: 
    +--------+----------+----------+------------+
    |  Clock |  Target  | Estimated| Uncertainty|
    +--------+----------+----------+------------+
    |ap_clk  |  10.00 ns|      0 ns|     2.70 ns|
    +--------+----------+----------+------------+

+ Latency: 
    * Summary: 
    +---------+---------+----------+----------+-----+-----+---------+
    |  Latency (cycles) |  Latency (absolute) |  Interval | Pipeline|
    |   min   |   max   |    min   |    max   | min | max |   Type  |
    +---------+---------+----------+----------+-----+-----+---------+
    |        0|        0|      0 ns|      0 ns|    1|    1|      yes|
    +---------+---------+----------+----------+-----+-----+---------+

    + Detail: 
        * Instance: 
        N/A

        * Loop: 
        N/A

============================================================
+ Verbose Summary: Synthesis Manager
============================================================
InlineROM: 1
ExposeGlobal: 0
============================================================
+ Verbose Summary: CDFG Model
============================================================
IsTopModel: 0
ResetActiveHigh: 1
IsCombinational: 0
IsDatapathOnly: 0
HasWiredReturn: 1
HasMFsm: 2
HasVarLatency: 0
IsPipeline: 1
IsRtlPipelined: 0
IsInstanceOverlapped: 0
IsDontTouch: 0
HasImplIP: 0
IsGatedGlobalClock: 0

+ Individual pipeline summary: 
  * Pipeline-0: initiation interval (II) = 1, depth = 1


============================================================
+ Verbose Summary: Schedule
============================================================
* Number of FSM states : 1
* Pipeline : 1
  Pipeline-0 : II = 1, D = 1, States = { 1 }
* Dataflow Pipeline: 0

* FSM state transitions: 
1 --> 

* FSM state operations: 

State 1 <SV = 0> <Delay = 0.00>
ST_1 : Operation 2 [1/1] (0.00ns)   --->   "%specpipeline_ln14 = specpipeline void @_ssdm_op_SpecPipeline, i32 1, i32 0, i32 0, i32 0, i32 4294967295, void @empty_22" [../task_detection_tpu/systolic_8x8.cpp:14]   --->   Operation 2 'specpipeline' 'specpipeline_ln14' <Predicate = true> <Delay = 0.00>
ST_1 : Operation 3 [1/1] (0.00ns)   --->   "%store_ln18 = store i16 0, i16 %p_ZZ12systolic_8x8P8ap_fixedILi16ELi6EL9ap_q_mode5EL9ap_o_mode3ELi0EES3_PA8_S2_bE_96" [../task_detection_tpu/pe.cpp:18->../task_detection_tpu/systolic_8x8.cpp:52]   --->   Operation 3 'store' 'store_ln18' <Predicate = true> <Delay = 0.00>
ST_1 : Operation 4 [1/1] (0.00ns)   --->   "%store_ln18 = store i16 0, i16 %p_ZZ12systolic_8x8P8ap_fixedILi16ELi6EL9ap_q_mode5EL9ap_o_mode3ELi0EES3_PA8_S2_bE_97" [../task_detection_tpu/pe.cpp:18->../task_detection_tpu/systolic_8x8.cpp:52]   --->   Operation 4 'store' 'store_ln18' <Predicate = true> <Delay = 0.00>
ST_1 : Operation 5 [1/1] (0.00ns)   --->   "%store_ln21 = store i16 0, i16 %p_ZZ12systolic_8x8P8ap_fixedILi16ELi6EL9ap_q_mode5EL9ap_o_mode3ELi0EES3_PA8_S2_bE_48" [../task_detection_tpu/pe.cpp:21->../task_detection_tpu/systolic_8x8.cpp:52]   --->   Operation 5 'store' 'store_ln21' <Predicate = true> <Delay = 0.00>
ST_1 : Operation 6 [1/1] (0.00ns)   --->   "%store_ln18 = store i16 0, i16 %p_ZZ12systolic_8x8P8ap_fixedILi16ELi6EL9ap_q_mode5EL9ap_o_mode3ELi0EES3_PA8_S2_bE_98" [../task_detection_tpu/pe.cpp:18->../task_detection_tpu/systolic_8x8.cpp:52]   --->   Operation 6 'store' 'store_ln18' <Predicate = true> <Delay = 0.00>
ST_1 : Operation 7 [1/1] (0.00ns)   --->   "%store_ln21 = store i16 0, i16 %p_ZZ12systolic_8x8P8ap_fixedILi16ELi6EL9ap_q_mode5EL9ap_o_mode3ELi0EES3_PA8_S2_bE_49" [../task_detection_tpu/pe.cpp:21->../task_detection_tpu/systolic_8x8.cpp:52]   --->   Operation 7 'store' 'store_ln21' <Predicate = true> <Delay = 0.00>
ST_1 : Operation 8 [1/1] (0.00ns)   --->   "%store_ln18 = store i16 0, i16 %p_ZZ12systolic_8x8P8ap_fixedILi16ELi6EL9ap_q_mode5EL9ap_o_mode3ELi0EES3_PA8_S2_bE_99" [../task_detection_tpu/pe.cpp:18->../task_detection_tpu/systolic_8x8.cpp:52]   --->   Operation 8 'store' 'store_ln18' <Predicate = true> <Delay = 0.00>
ST_1 : Operation 9 [1/1] (0.00ns)   --->   "%store_ln21 = store i16 0, i16 %p_ZZ12systolic_8x8P8ap_fixedILi16ELi6EL9ap_q_mode5EL9ap_o_mode3ELi0EES3_PA8_S2_bE_50" [../task_detection_tpu/pe.cpp:21->../task_detection_tpu/systolic_8x8.cpp:52]   --->   Operation 9 'store' 'store_ln21' <Predicate = true> <Delay = 0.00>
ST_1 : Operation 10 [1/1] (0.00ns)   --->   "%store_ln18 = store i16 0, i16 %p_ZZ12systolic_8x8P8ap_fixedILi16ELi6EL9ap_q_mode5EL9ap_o_mode3ELi0EES3_PA8_S2_bE_190" [../task_detection_tpu/pe.cpp:18->../task_detection_tpu/systolic_8x8.cpp:52]   --->   Operation 10 'store' 'store_ln18' <Predicate = true> <Delay = 0.00>
ST_1 : Operation 11 [1/1] (0.00ns)   --->   "%store_ln21 = store i16 0, i16 %p_ZZ12systolic_8x8P8ap_fixedILi16ELi6EL9ap_q_mode5EL9ap_o_mode3ELi0EES3_PA8_S2_bE_51" [../task_detection_tpu/pe.cpp:21->../task_detection_tpu/systolic_8x8.cpp:52]   --->   Operation 11 'store' 'store_ln21' <Predicate = true> <Delay = 0.00>
ST_1 : Operation 12 [1/1] (0.00ns)   --->   "%store_ln18 = store i16 0, i16 %p_ZZ12systolic_8x8P8ap_fixedILi16ELi6EL9ap_q_mode5EL9ap_o_mode3ELi0EES3_PA8_S2_bE_189" [../task_detection_tpu/pe.cpp:18->../task_detection_tpu/systolic_8x8.cpp:52]   --->   Operation 12 'store' 'store_ln18' <Predicate = true> <Delay = 0.00>
ST_1 : Operation 13 [1/1] (0.00ns)   --->   "%store_ln21 = store i16 0, i16 %p_ZZ12systolic_8x8P8ap_fixedILi16ELi6EL9ap_q_mode5EL9ap_o_mode3ELi0EES3_PA8_S2_bE_52" [../task_detection_tpu/pe.cpp:21->../task_detection_tpu/systolic_8x8.cpp:52]   --->   Operation 13 'store' 'store_ln21' <Predicate = true> <Delay = 0.00>
ST_1 : Operation 14 [1/1] (0.00ns)   --->   "%store_ln18 = store i16 0, i16 %p_ZZ12systolic_8x8P8ap_fixedILi16ELi6EL9ap_q_mode5EL9ap_o_mode3ELi0EES3_PA8_S2_bE_188" [../task_detection_tpu/pe.cpp:18->../task_detection_tpu/systolic_8x8.cpp:52]   --->   Operation 14 'store' 'store_ln18' <Predicate = true> <Delay = 0.00>
ST_1 : Operation 15 [1/1] (0.00ns)   --->   "%store_ln21 = store i16 0, i16 %p_ZZ12systolic_8x8P8ap_fixedILi16ELi6EL9ap_q_mode5EL9ap_o_mode3ELi0EES3_PA8_S2_bE_53" [../task_detection_tpu/pe.cpp:21->../task_detection_tpu/systolic_8x8.cpp:52]   --->   Operation 15 'store' 'store_ln21' <Predicate = true> <Delay = 0.00>
ST_1 : Operation 16 [1/1] (0.00ns)   --->   "%store_ln18 = store i16 0, i16 %p_ZZ12systolic_8x8P8ap_fixedILi16ELi6EL9ap_q_mode5EL9ap_o_mode3ELi0EES3_PA8_S2_bE_187" [../task_detection_tpu/pe.cpp:18->../task_detection_tpu/systolic_8x8.cpp:52]   --->   Operation 16 'store' 'store_ln18' <Predicate = true> <Delay = 0.00>
ST_1 : Operation 17 [1/1] (0.00ns)   --->   "%store_ln18 = store i16 0, i16 %p_ZZ12systolic_8x8P8ap_fixedILi16ELi6EL9ap_q_mode5EL9ap_o_mode3ELi0EES3_PA8_S2_bE_186" [../task_detection_tpu/pe.cpp:18->../task_detection_tpu/systolic_8x8.cpp:52]   --->   Operation 17 'store' 'store_ln18' <Predicate = true> <Delay = 0.00>
ST_1 : Operation 18 [1/1] (0.00ns)   --->   "%store_ln22 = store i16 0, i16 %p_ZZ12systolic_8x8P8ap_fixedILi16ELi6EL9ap_q_mode5EL9ap_o_mode3ELi0EES3_PA8_S2_bE" [../task_detection_tpu/pe.cpp:22->../task_detection_tpu/systolic_8x8.cpp:52]   --->   Operation 18 'store' 'store_ln22' <Predicate = true> <Delay = 0.00>
ST_1 : Operation 19 [1/1] (0.00ns)   --->   "%store_ln18 = store i16 0, i16 %p_ZZ12systolic_8x8P8ap_fixedILi16ELi6EL9ap_q_mode5EL9ap_o_mode3ELi0EES3_PA8_S2_bE_185" [../task_detection_tpu/pe.cpp:18->../task_detection_tpu/systolic_8x8.cpp:52]   --->   Operation 19 'store' 'store_ln18' <Predicate = true> <Delay = 0.00>
ST_1 : Operation 20 [1/1] (0.00ns)   --->   "%store_ln21 = store i16 0, i16 %p_ZZ12systolic_8x8P8ap_fixedILi16ELi6EL9ap_q_mode5EL9ap_o_mode3ELi0EES3_PA8_S2_bE_54" [../task_detection_tpu/pe.cpp:21->../task_detection_tpu/systolic_8x8.cpp:52]   --->   Operation 20 'store' 'store_ln21' <Predicate = true> <Delay = 0.00>
ST_1 : Operation 21 [1/1] (0.00ns)   --->   "%store_ln22 = store i16 0, i16 %p_ZZ12systolic_8x8P8ap_fixedILi16ELi6EL9ap_q_mode5EL9ap_o_mode3ELi0EES3_PA8_S2_bE_1" [../task_detection_tpu/pe.cpp:22->../task_detection_tpu/systolic_8x8.cpp:52]   --->   Operation 21 'store' 'store_ln22' <Predicate = true> <Delay = 0.00>
ST_1 : Operation 22 [1/1] (0.00ns)   --->   "%store_ln18 = store i16 0, i16 %p_ZZ12systolic_8x8P8ap_fixedILi16ELi6EL9ap_q_mode5EL9ap_o_mode3ELi0EES3_PA8_S2_bE_184" [../task_detection_tpu/pe.cpp:18->../task_detection_tpu/systolic_8x8.cpp:52]   --->   Operation 22 'store' 'store_ln18' <Predicate = true> <Delay = 0.00>
ST_1 : Operation 23 [1/1] (0.00ns)   --->   "%store_ln21 = store i16 0, i16 %p_ZZ12systolic_8x8P8ap_fixedILi16ELi6EL9ap_q_mode5EL9ap_o_mode3ELi0EES3_PA8_S2_bE_55" [../task_detection_tpu/pe.cpp:21->../task_detection_tpu/systolic_8x8.cpp:52]   --->   Operation 23 'store' 'store_ln21' <Predicate = true> <Delay = 0.00>
ST_1 : Operation 24 [1/1] (0.00ns)   --->   "%store_ln22 = store i16 0, i16 %p_ZZ12systolic_8x8P8ap_fixedILi16ELi6EL9ap_q_mode5EL9ap_o_mode3ELi0EES3_PA8_S2_bE_2" [../task_detection_tpu/pe.cpp:22->../task_detection_tpu/systolic_8x8.cpp:52]   --->   Operation 24 'store' 'store_ln22' <Predicate = true> <Delay = 0.00>
ST_1 : Operation 25 [1/1] (0.00ns)   --->   "%store_ln18 = store i16 0, i16 %p_ZZ12systolic_8x8P8ap_fixedILi16ELi6EL9ap_q_mode5EL9ap_o_mode3ELi0EES3_PA8_S2_bE_183" [../task_detection_tpu/pe.cpp:18->../task_detection_tpu/systolic_8x8.cpp:52]   --->   Operation 25 'store' 'store_ln18' <Predicate = true> <Delay = 0.00>
ST_1 : Operation 26 [1/1] (0.00ns)   --->   "%store_ln21 = store i16 0, i16 %p_ZZ12systolic_8x8P8ap_fixedILi16ELi6EL9ap_q_mode5EL9ap_o_mode3ELi0EES3_PA8_S2_bE_56" [../task_detection_tpu/pe.cpp:21->../task_detection_tpu/systolic_8x8.cpp:52]   --->   Operation 26 'store' 'store_ln21' <Predicate = true> <Delay = 0.00>
ST_1 : Operation 27 [1/1] (0.00ns)   --->   "%store_ln22 = store i16 0, i16 %p_ZZ12systolic_8x8P8ap_fixedILi16ELi6EL9ap_q_mode5EL9ap_o_mode3ELi0EES3_PA8_S2_bE_3" [../task_detection_tpu/pe.cpp:22->../task_detection_tpu/systolic_8x8.cpp:52]   --->   Operation 27 'store' 'store_ln22' <Predicate = true> <Delay = 0.00>
ST_1 : Operation 28 [1/1] (0.00ns)   --->   "%store_ln18 = store i16 0, i16 %p_ZZ12systolic_8x8P8ap_fixedILi16ELi6EL9ap_q_mode5EL9ap_o_mode3ELi0EES3_PA8_S2_bE_182" [../task_detection_tpu/pe.cpp:18->../task_detection_tpu/systolic_8x8.cpp:52]   --->   Operation 28 'store' 'store_ln18' <Predicate = true> <Delay = 0.00>
ST_1 : Operation 29 [1/1] (0.00ns)   --->   "%store_ln21 = store i16 0, i16 %p_ZZ12systolic_8x8P8ap_fixedILi16ELi6EL9ap_q_mode5EL9ap_o_mode3ELi0EES3_PA8_S2_bE_57" [../task_detection_tpu/pe.cpp:21->../task_detection_tpu/systolic_8x8.cpp:52]   --->   Operation 29 'store' 'store_ln21' <Predicate = true> <Delay = 0.00>
ST_1 : Operation 30 [1/1] (0.00ns)   --->   "%store_ln22 = store i16 0, i16 %p_ZZ12systolic_8x8P8ap_fixedILi16ELi6EL9ap_q_mode5EL9ap_o_mode3ELi0EES3_PA8_S2_bE_4" [../task_detection_tpu/pe.cpp:22->../task_detection_tpu/systolic_8x8.cpp:52]   --->   Operation 30 'store' 'store_ln22' <Predicate = true> <Delay = 0.00>
ST_1 : Operation 31 [1/1] (0.00ns)   --->   "%store_ln18 = store i16 0, i16 %p_ZZ12systolic_8x8P8ap_fixedILi16ELi6EL9ap_q_mode5EL9ap_o_mode3ELi0EES3_PA8_S2_bE_181" [../task_detection_tpu/pe.cpp:18->../task_detection_tpu/systolic_8x8.cpp:52]   --->   Operation 31 'store' 'store_ln18' <Predicate = true> <Delay = 0.00>
ST_1 : Operation 32 [1/1] (0.00ns)   --->   "%store_ln21 = store i16 0, i16 %p_ZZ12systolic_8x8P8ap_fixedILi16ELi6EL9ap_q_mode5EL9ap_o_mode3ELi0EES3_PA8_S2_bE_58" [../task_detection_tpu/pe.cpp:21->../task_detection_tpu/systolic_8x8.cpp:52]   --->   Operation 32 'store' 'store_ln21' <Predicate = true> <Delay = 0.00>
ST_1 : Operation 33 [1/1] (0.00ns)   --->   "%store_ln22 = store i16 0, i16 %p_ZZ12systolic_8x8P8ap_fixedILi16ELi6EL9ap_q_mode5EL9ap_o_mode3ELi0EES3_PA8_S2_bE_5" [../task_detection_tpu/pe.cpp:22->../task_detection_tpu/systolic_8x8.cpp:52]   --->   Operation 33 'store' 'store_ln22' <Predicate = true> <Delay = 0.00>
ST_1 : Operation 34 [1/1] (0.00ns)   --->   "%store_ln18 = store i16 0, i16 %p_ZZ12systolic_8x8P8ap_fixedILi16ELi6EL9ap_q_mode5EL9ap_o_mode3ELi0EES3_PA8_S2_bE_180" [../task_detection_tpu/pe.cpp:18->../task_detection_tpu/systolic_8x8.cpp:52]   --->   Operation 34 'store' 'store_ln18' <Predicate = true> <Delay = 0.00>
ST_1 : Operation 35 [1/1] (0.00ns)   --->   "%store_ln21 = store i16 0, i16 %p_ZZ12systolic_8x8P8ap_fixedILi16ELi6EL9ap_q_mode5EL9ap_o_mode3ELi0EES3_PA8_S2_bE_59" [../task_detection_tpu/pe.cpp:21->../task_detection_tpu/systolic_8x8.cpp:52]   --->   Operation 35 'store' 'store_ln21' <Predicate = true> <Delay = 0.00>
ST_1 : Operation 36 [1/1] (0.00ns)   --->   "%store_ln22 = store i16 0, i16 %p_ZZ12systolic_8x8P8ap_fixedILi16ELi6EL9ap_q_mode5EL9ap_o_mode3ELi0EES3_PA8_S2_bE_6" [../task_detection_tpu/pe.cpp:22->../task_detection_tpu/systolic_8x8.cpp:52]   --->   Operation 36 'store' 'store_ln22' <Predicate = true> <Delay = 0.00>
ST_1 : Operation 37 [1/1] (0.00ns)   --->   "%store_ln18 = store i16 0, i16 %p_ZZ12systolic_8x8P8ap_fixedILi16ELi6EL9ap_q_mode5EL9ap_o_mode3ELi0EES3_PA8_S2_bE_179" [../task_detection_tpu/pe.cpp:18->../task_detection_tpu/systolic_8x8.cpp:52]   --->   Operation 37 'store' 'store_ln18' <Predicate = true> <Delay = 0.00>
ST_1 : Operation 38 [1/1] (0.00ns)   --->   "%store_ln22 = store i16 0, i16 %p_ZZ12systolic_8x8P8ap_fixedILi16ELi6EL9ap_q_mode5EL9ap_o_mode3ELi0EES3_PA8_S2_bE_7" [../task_detection_tpu/pe.cpp:22->../task_detection_tpu/systolic_8x8.cpp:52]   --->   Operation 38 'store' 'store_ln22' <Predicate = true> <Delay = 0.00>
ST_1 : Operation 39 [1/1] (0.00ns)   --->   "%store_ln18 = store i16 0, i16 %p_ZZ12systolic_8x8P8ap_fixedILi16ELi6EL9ap_q_mode5EL9ap_o_mode3ELi0EES3_PA8_S2_bE_178" [../task_detection_tpu/pe.cpp:18->../task_detection_tpu/systolic_8x8.cpp:52]   --->   Operation 39 'store' 'store_ln18' <Predicate = true> <Delay = 0.00>
ST_1 : Operation 40 [1/1] (0.00ns)   --->   "%store_ln22 = store i16 0, i16 %p_ZZ12systolic_8x8P8ap_fixedILi16ELi6EL9ap_q_mode5EL9ap_o_mode3ELi0EES3_PA8_S2_bE_8" [../task_detection_tpu/pe.cpp:22->../task_detection_tpu/systolic_8x8.cpp:52]   --->   Operation 40 'store' 'store_ln22' <Predicate = true> <Delay = 0.00>
ST_1 : Operation 41 [1/1] (0.00ns)   --->   "%store_ln18 = store i16 0, i16 %p_ZZ12systolic_8x8P8ap_fixedILi16ELi6EL9ap_q_mode5EL9ap_o_mode3ELi0EES3_PA8_S2_bE_177" [../task_detection_tpu/pe.cpp:18->../task_detection_tpu/systolic_8x8.cpp:52]   --->   Operation 41 'store' 'store_ln18' <Predicate = true> <Delay = 0.00>
ST_1 : Operation 42 [1/1] (0.00ns)   --->   "%store_ln21 = store i16 0, i16 %p_ZZ12systolic_8x8P8ap_fixedILi16ELi6EL9ap_q_mode5EL9ap_o_mode3ELi0EES3_PA8_S2_bE_60" [../task_detection_tpu/pe.cpp:21->../task_detection_tpu/systolic_8x8.cpp:52]   --->   Operation 42 'store' 'store_ln21' <Predicate = true> <Delay = 0.00>
ST_1 : Operation 43 [1/1] (0.00ns)   --->   "%store_ln22 = store i16 0, i16 %p_ZZ12systolic_8x8P8ap_fixedILi16ELi6EL9ap_q_mode5EL9ap_o_mode3ELi0EES3_PA8_S2_bE_9" [../task_detection_tpu/pe.cpp:22->../task_detection_tpu/systolic_8x8.cpp:52]   --->   Operation 43 'store' 'store_ln22' <Predicate = true> <Delay = 0.00>
ST_1 : Operation 44 [1/1] (0.00ns)   --->   "%store_ln18 = store i16 0, i16 %p_ZZ12systolic_8x8P8ap_fixedILi16ELi6EL9ap_q_mode5EL9ap_o_mode3ELi0EES3_PA8_S2_bE_176" [../task_detection_tpu/pe.cpp:18->../task_detection_tpu/systolic_8x8.cpp:52]   --->   Operation 44 'store' 'store_ln18' <Predicate = true> <Delay = 0.00>
ST_1 : Operation 45 [1/1] (0.00ns)   --->   "%store_ln21 = store i16 0, i16 %p_ZZ12systolic_8x8P8ap_fixedILi16ELi6EL9ap_q_mode5EL9ap_o_mode3ELi0EES3_PA8_S2_bE_61" [../task_detection_tpu/pe.cpp:21->../task_detection_tpu/systolic_8x8.cpp:52]   --->   Operation 45 'store' 'store_ln21' <Predicate = true> <Delay = 0.00>
ST_1 : Operation 46 [1/1] (0.00ns)   --->   "%store_ln22 = store i16 0, i16 %p_ZZ12systolic_8x8P8ap_fixedILi16ELi6EL9ap_q_mode5EL9ap_o_mode3ELi0EES3_PA8_S2_bE_10" [../task_detection_tpu/pe.cpp:22->../task_detection_tpu/systolic_8x8.cpp:52]   --->   Operation 46 'store' 'store_ln22' <Predicate = true> <Delay = 0.00>
ST_1 : Operation 47 [1/1] (0.00ns)   --->   "%store_ln18 = store i16 0, i16 %p_ZZ12systolic_8x8P8ap_fixedILi16ELi6EL9ap_q_mode5EL9ap_o_mode3ELi0EES3_PA8_S2_bE_175" [../task_detection_tpu/pe.cpp:18->../task_detection_tpu/systolic_8x8.cpp:52]   --->   Operation 47 'store' 'store_ln18' <Predicate = true> <Delay = 0.00>
ST_1 : Operation 48 [1/1] (0.00ns)   --->   "%store_ln21 = store i16 0, i16 %p_ZZ12systolic_8x8P8ap_fixedILi16ELi6EL9ap_q_mode5EL9ap_o_mode3ELi0EES3_PA8_S2_bE_62" [../task_detection_tpu/pe.cpp:21->../task_detection_tpu/systolic_8x8.cpp:52]   --->   Operation 48 'store' 'store_ln21' <Predicate = true> <Delay = 0.00>
ST_1 : Operation 49 [1/1] (0.00ns)   --->   "%store_ln22 = store i16 0, i16 %p_ZZ12systolic_8x8P8ap_fixedILi16ELi6EL9ap_q_mode5EL9ap_o_mode3ELi0EES3_PA8_S2_bE_11" [../task_detection_tpu/pe.cpp:22->../task_detection_tpu/systolic_8x8.cpp:52]   --->   Operation 49 'store' 'store_ln22' <Predicate = true> <Delay = 0.00>
ST_1 : Operation 50 [1/1] (0.00ns)   --->   "%store_ln18 = store i16 0, i16 %p_ZZ12systolic_8x8P8ap_fixedILi16ELi6EL9ap_q_mode5EL9ap_o_mode3ELi0EES3_PA8_S2_bE_174" [../task_detection_tpu/pe.cpp:18->../task_detection_tpu/systolic_8x8.cpp:52]   --->   Operation 50 'store' 'store_ln18' <Predicate = true> <Delay = 0.00>
ST_1 : Operation 51 [1/1] (0.00ns)   --->   "%store_ln21 = store i16 0, i16 %p_ZZ12systolic_8x8P8ap_fixedILi16ELi6EL9ap_q_mode5EL9ap_o_mode3ELi0EES3_PA8_S2_bE_63" [../task_detection_tpu/pe.cpp:21->../task_detection_tpu/systolic_8x8.cpp:52]   --->   Operation 51 'store' 'store_ln21' <Predicate = true> <Delay = 0.00>
ST_1 : Operation 52 [1/1] (0.00ns)   --->   "%store_ln22 = store i16 0, i16 %p_ZZ12systolic_8x8P8ap_fixedILi16ELi6EL9ap_q_mode5EL9ap_o_mode3ELi0EES3_PA8_S2_bE_12" [../task_detection_tpu/pe.cpp:22->../task_detection_tpu/systolic_8x8.cpp:52]   --->   Operation 52 'store' 'store_ln22' <Predicate = true> <Delay = 0.00>
ST_1 : Operation 53 [1/1] (0.00ns)   --->   "%store_ln18 = store i16 0, i16 %p_ZZ12systolic_8x8P8ap_fixedILi16ELi6EL9ap_q_mode5EL9ap_o_mode3ELi0EES3_PA8_S2_bE_173" [../task_detection_tpu/pe.cpp:18->../task_detection_tpu/systolic_8x8.cpp:52]   --->   Operation 53 'store' 'store_ln18' <Predicate = true> <Delay = 0.00>
ST_1 : Operation 54 [1/1] (0.00ns)   --->   "%store_ln21 = store i16 0, i16 %p_ZZ12systolic_8x8P8ap_fixedILi16ELi6EL9ap_q_mode5EL9ap_o_mode3ELi0EES3_PA8_S2_bE_64" [../task_detection_tpu/pe.cpp:21->../task_detection_tpu/systolic_8x8.cpp:52]   --->   Operation 54 'store' 'store_ln21' <Predicate = true> <Delay = 0.00>
ST_1 : Operation 55 [1/1] (0.00ns)   --->   "%store_ln22 = store i16 0, i16 %p_ZZ12systolic_8x8P8ap_fixedILi16ELi6EL9ap_q_mode5EL9ap_o_mode3ELi0EES3_PA8_S2_bE_13" [../task_detection_tpu/pe.cpp:22->../task_detection_tpu/systolic_8x8.cpp:52]   --->   Operation 55 'store' 'store_ln22' <Predicate = true> <Delay = 0.00>
ST_1 : Operation 56 [1/1] (0.00ns)   --->   "%store_ln18 = store i16 0, i16 %p_ZZ12systolic_8x8P8ap_fixedILi16ELi6EL9ap_q_mode5EL9ap_o_mode3ELi0EES3_PA8_S2_bE_172" [../task_detection_tpu/pe.cpp:18->../task_detection_tpu/systolic_8x8.cpp:52]   --->   Operation 56 'store' 'store_ln18' <Predicate = true> <Delay = 0.00>
ST_1 : Operation 57 [1/1] (0.00ns)   --->   "%store_ln21 = store i16 0, i16 %p_ZZ12systolic_8x8P8ap_fixedILi16ELi6EL9ap_q_mode5EL9ap_o_mode3ELi0EES3_PA8_S2_bE_65" [../task_detection_tpu/pe.cpp:21->../task_detection_tpu/systolic_8x8.cpp:52]   --->   Operation 57 'store' 'store_ln21' <Predicate = true> <Delay = 0.00>
ST_1 : Operation 58 [1/1] (0.00ns)   --->   "%store_ln22 = store i16 0, i16 %p_ZZ12systolic_8x8P8ap_fixedILi16ELi6EL9ap_q_mode5EL9ap_o_mode3ELi0EES3_PA8_S2_bE_14" [../task_detection_tpu/pe.cpp:22->../task_detection_tpu/systolic_8x8.cpp:52]   --->   Operation 58 'store' 'store_ln22' <Predicate = true> <Delay = 0.00>
ST_1 : Operation 59 [1/1] (0.00ns)   --->   "%store_ln18 = store i16 0, i16 %p_ZZ12systolic_8x8P8ap_fixedILi16ELi6EL9ap_q_mode5EL9ap_o_mode3ELi0EES3_PA8_S2_bE_171" [../task_detection_tpu/pe.cpp:18->../task_detection_tpu/systolic_8x8.cpp:52]   --->   Operation 59 'store' 'store_ln18' <Predicate = true> <Delay = 0.00>
ST_1 : Operation 60 [1/1] (0.00ns)   --->   "%store_ln22 = store i16 0, i16 %p_ZZ12systolic_8x8P8ap_fixedILi16ELi6EL9ap_q_mode5EL9ap_o_mode3ELi0EES3_PA8_S2_bE_15" [../task_detection_tpu/pe.cpp:22->../task_detection_tpu/systolic_8x8.cpp:52]   --->   Operation 60 'store' 'store_ln22' <Predicate = true> <Delay = 0.00>
ST_1 : Operation 61 [1/1] (0.00ns)   --->   "%store_ln18 = store i16 0, i16 %p_ZZ12systolic_8x8P8ap_fixedILi16ELi6EL9ap_q_mode5EL9ap_o_mode3ELi0EES3_PA8_S2_bE_170" [../task_detection_tpu/pe.cpp:18->../task_detection_tpu/systolic_8x8.cpp:52]   --->   Operation 61 'store' 'store_ln18' <Predicate = true> <Delay = 0.00>
ST_1 : Operation 62 [1/1] (0.00ns)   --->   "%store_ln22 = store i16 0, i16 %p_ZZ12systolic_8x8P8ap_fixedILi16ELi6EL9ap_q_mode5EL9ap_o_mode3ELi0EES3_PA8_S2_bE_16" [../task_detection_tpu/pe.cpp:22->../task_detection_tpu/systolic_8x8.cpp:52]   --->   Operation 62 'store' 'store_ln22' <Predicate = true> <Delay = 0.00>
ST_1 : Operation 63 [1/1] (0.00ns)   --->   "%store_ln18 = store i16 0, i16 %p_ZZ12systolic_8x8P8ap_fixedILi16ELi6EL9ap_q_mode5EL9ap_o_mode3ELi0EES3_PA8_S2_bE_169" [../task_detection_tpu/pe.cpp:18->../task_detection_tpu/systolic_8x8.cpp:52]   --->   Operation 63 'store' 'store_ln18' <Predicate = true> <Delay = 0.00>
ST_1 : Operation 64 [1/1] (0.00ns)   --->   "%store_ln21 = store i16 0, i16 %p_ZZ12systolic_8x8P8ap_fixedILi16ELi6EL9ap_q_mode5EL9ap_o_mode3ELi0EES3_PA8_S2_bE_66" [../task_detection_tpu/pe.cpp:21->../task_detection_tpu/systolic_8x8.cpp:52]   --->   Operation 64 'store' 'store_ln21' <Predicate = true> <Delay = 0.00>
ST_1 : Operation 65 [1/1] (0.00ns)   --->   "%store_ln22 = store i16 0, i16 %p_ZZ12systolic_8x8P8ap_fixedILi16ELi6EL9ap_q_mode5EL9ap_o_mode3ELi0EES3_PA8_S2_bE_17" [../task_detection_tpu/pe.cpp:22->../task_detection_tpu/systolic_8x8.cpp:52]   --->   Operation 65 'store' 'store_ln22' <Predicate = true> <Delay = 0.00>
ST_1 : Operation 66 [1/1] (0.00ns)   --->   "%store_ln18 = store i16 0, i16 %p_ZZ12systolic_8x8P8ap_fixedILi16ELi6EL9ap_q_mode5EL9ap_o_mode3ELi0EES3_PA8_S2_bE_168" [../task_detection_tpu/pe.cpp:18->../task_detection_tpu/systolic_8x8.cpp:52]   --->   Operation 66 'store' 'store_ln18' <Predicate = true> <Delay = 0.00>
ST_1 : Operation 67 [1/1] (0.00ns)   --->   "%store_ln21 = store i16 0, i16 %p_ZZ12systolic_8x8P8ap_fixedILi16ELi6EL9ap_q_mode5EL9ap_o_mode3ELi0EES3_PA8_S2_bE_67" [../task_detection_tpu/pe.cpp:21->../task_detection_tpu/systolic_8x8.cpp:52]   --->   Operation 67 'store' 'store_ln21' <Predicate = true> <Delay = 0.00>
ST_1 : Operation 68 [1/1] (0.00ns)   --->   "%store_ln22 = store i16 0, i16 %p_ZZ12systolic_8x8P8ap_fixedILi16ELi6EL9ap_q_mode5EL9ap_o_mode3ELi0EES3_PA8_S2_bE_18" [../task_detection_tpu/pe.cpp:22->../task_detection_tpu/systolic_8x8.cpp:52]   --->   Operation 68 'store' 'store_ln22' <Predicate = true> <Delay = 0.00>
ST_1 : Operation 69 [1/1] (0.00ns)   --->   "%store_ln18 = store i16 0, i16 %p_ZZ12systolic_8x8P8ap_fixedILi16ELi6EL9ap_q_mode5EL9ap_o_mode3ELi0EES3_PA8_S2_bE_167" [../task_detection_tpu/pe.cpp:18->../task_detection_tpu/systolic_8x8.cpp:52]   --->   Operation 69 'store' 'store_ln18' <Predicate = true> <Delay = 0.00>
ST_1 : Operation 70 [1/1] (0.00ns)   --->   "%store_ln21 = store i16 0, i16 %p_ZZ12systolic_8x8P8ap_fixedILi16ELi6EL9ap_q_mode5EL9ap_o_mode3ELi0EES3_PA8_S2_bE_68" [../task_detection_tpu/pe.cpp:21->../task_detection_tpu/systolic_8x8.cpp:52]   --->   Operation 70 'store' 'store_ln21' <Predicate = true> <Delay = 0.00>
ST_1 : Operation 71 [1/1] (0.00ns)   --->   "%store_ln22 = store i16 0, i16 %p_ZZ12systolic_8x8P8ap_fixedILi16ELi6EL9ap_q_mode5EL9ap_o_mode3ELi0EES3_PA8_S2_bE_19" [../task_detection_tpu/pe.cpp:22->../task_detection_tpu/systolic_8x8.cpp:52]   --->   Operation 71 'store' 'store_ln22' <Predicate = true> <Delay = 0.00>
ST_1 : Operation 72 [1/1] (0.00ns)   --->   "%store_ln18 = store i16 0, i16 %p_ZZ12systolic_8x8P8ap_fixedILi16ELi6EL9ap_q_mode5EL9ap_o_mode3ELi0EES3_PA8_S2_bE_166" [../task_detection_tpu/pe.cpp:18->../task_detection_tpu/systolic_8x8.cpp:52]   --->   Operation 72 'store' 'store_ln18' <Predicate = true> <Delay = 0.00>
ST_1 : Operation 73 [1/1] (0.00ns)   --->   "%store_ln21 = store i16 0, i16 %p_ZZ12systolic_8x8P8ap_fixedILi16ELi6EL9ap_q_mode5EL9ap_o_mode3ELi0EES3_PA8_S2_bE_69" [../task_detection_tpu/pe.cpp:21->../task_detection_tpu/systolic_8x8.cpp:52]   --->   Operation 73 'store' 'store_ln21' <Predicate = true> <Delay = 0.00>
ST_1 : Operation 74 [1/1] (0.00ns)   --->   "%store_ln22 = store i16 0, i16 %p_ZZ12systolic_8x8P8ap_fixedILi16ELi6EL9ap_q_mode5EL9ap_o_mode3ELi0EES3_PA8_S2_bE_20" [../task_detection_tpu/pe.cpp:22->../task_detection_tpu/systolic_8x8.cpp:52]   --->   Operation 74 'store' 'store_ln22' <Predicate = true> <Delay = 0.00>
ST_1 : Operation 75 [1/1] (0.00ns)   --->   "%store_ln18 = store i16 0, i16 %p_ZZ12systolic_8x8P8ap_fixedILi16ELi6EL9ap_q_mode5EL9ap_o_mode3ELi0EES3_PA8_S2_bE_165" [../task_detection_tpu/pe.cpp:18->../task_detection_tpu/systolic_8x8.cpp:52]   --->   Operation 75 'store' 'store_ln18' <Predicate = true> <Delay = 0.00>
ST_1 : Operation 76 [1/1] (0.00ns)   --->   "%store_ln21 = store i16 0, i16 %p_ZZ12systolic_8x8P8ap_fixedILi16ELi6EL9ap_q_mode5EL9ap_o_mode3ELi0EES3_PA8_S2_bE_70" [../task_detection_tpu/pe.cpp:21->../task_detection_tpu/systolic_8x8.cpp:52]   --->   Operation 76 'store' 'store_ln21' <Predicate = true> <Delay = 0.00>
ST_1 : Operation 77 [1/1] (0.00ns)   --->   "%store_ln22 = store i16 0, i16 %p_ZZ12systolic_8x8P8ap_fixedILi16ELi6EL9ap_q_mode5EL9ap_o_mode3ELi0EES3_PA8_S2_bE_21" [../task_detection_tpu/pe.cpp:22->../task_detection_tpu/systolic_8x8.cpp:52]   --->   Operation 77 'store' 'store_ln22' <Predicate = true> <Delay = 0.00>
ST_1 : Operation 78 [1/1] (0.00ns)   --->   "%store_ln18 = store i16 0, i16 %p_ZZ12systolic_8x8P8ap_fixedILi16ELi6EL9ap_q_mode5EL9ap_o_mode3ELi0EES3_PA8_S2_bE_164" [../task_detection_tpu/pe.cpp:18->../task_detection_tpu/systolic_8x8.cpp:52]   --->   Operation 78 'store' 'store_ln18' <Predicate = true> <Delay = 0.00>
ST_1 : Operation 79 [1/1] (0.00ns)   --->   "%store_ln21 = store i16 0, i16 %p_ZZ12systolic_8x8P8ap_fixedILi16ELi6EL9ap_q_mode5EL9ap_o_mode3ELi0EES3_PA8_S2_bE_71" [../task_detection_tpu/pe.cpp:21->../task_detection_tpu/systolic_8x8.cpp:52]   --->   Operation 79 'store' 'store_ln21' <Predicate = true> <Delay = 0.00>
ST_1 : Operation 80 [1/1] (0.00ns)   --->   "%store_ln22 = store i16 0, i16 %p_ZZ12systolic_8x8P8ap_fixedILi16ELi6EL9ap_q_mode5EL9ap_o_mode3ELi0EES3_PA8_S2_bE_22" [../task_detection_tpu/pe.cpp:22->../task_detection_tpu/systolic_8x8.cpp:52]   --->   Operation 80 'store' 'store_ln22' <Predicate = true> <Delay = 0.00>
ST_1 : Operation 81 [1/1] (0.00ns)   --->   "%store_ln18 = store i16 0, i16 %p_ZZ12systolic_8x8P8ap_fixedILi16ELi6EL9ap_q_mode5EL9ap_o_mode3ELi0EES3_PA8_S2_bE_163" [../task_detection_tpu/pe.cpp:18->../task_detection_tpu/systolic_8x8.cpp:52]   --->   Operation 81 'store' 'store_ln18' <Predicate = true> <Delay = 0.00>
ST_1 : Operation 82 [1/1] (0.00ns)   --->   "%store_ln22 = store i16 0, i16 %p_ZZ12systolic_8x8P8ap_fixedILi16ELi6EL9ap_q_mode5EL9ap_o_mode3ELi0EES3_PA8_S2_bE_23" [../task_detection_tpu/pe.cpp:22->../task_detection_tpu/systolic_8x8.cpp:52]   --->   Operation 82 'store' 'store_ln22' <Predicate = true> <Delay = 0.00>
ST_1 : Operation 83 [1/1] (0.00ns)   --->   "%store_ln18 = store i16 0, i16 %p_ZZ12systolic_8x8P8ap_fixedILi16ELi6EL9ap_q_mode5EL9ap_o_mode3ELi0EES3_PA8_S2_bE_162" [../task_detection_tpu/pe.cpp:18->../task_detection_tpu/systolic_8x8.cpp:52]   --->   Operation 83 'store' 'store_ln18' <Predicate = true> <Delay = 0.00>
ST_1 : Operation 84 [1/1] (0.00ns)   --->   "%store_ln22 = store i16 0, i16 %p_ZZ12systolic_8x8P8ap_fixedILi16ELi6EL9ap_q_mode5EL9ap_o_mode3ELi0EES3_PA8_S2_bE_24" [../task_detection_tpu/pe.cpp:22->../task_detection_tpu/systolic_8x8.cpp:52]   --->   Operation 84 'store' 'store_ln22' <Predicate = true> <Delay = 0.00>
ST_1 : Operation 85 [1/1] (0.00ns)   --->   "%store_ln18 = store i16 0, i16 %p_ZZ12systolic_8x8P8ap_fixedILi16ELi6EL9ap_q_mode5EL9ap_o_mode3ELi0EES3_PA8_S2_bE_161" [../task_detection_tpu/pe.cpp:18->../task_detection_tpu/systolic_8x8.cpp:52]   --->   Operation 85 'store' 'store_ln18' <Predicate = true> <Delay = 0.00>
ST_1 : Operation 86 [1/1] (0.00ns)   --->   "%store_ln21 = store i16 0, i16 %p_ZZ12systolic_8x8P8ap_fixedILi16ELi6EL9ap_q_mode5EL9ap_o_mode3ELi0EES3_PA8_S2_bE_72" [../task_detection_tpu/pe.cpp:21->../task_detection_tpu/systolic_8x8.cpp:52]   --->   Operation 86 'store' 'store_ln21' <Predicate = true> <Delay = 0.00>
ST_1 : Operation 87 [1/1] (0.00ns)   --->   "%store_ln22 = store i16 0, i16 %p_ZZ12systolic_8x8P8ap_fixedILi16ELi6EL9ap_q_mode5EL9ap_o_mode3ELi0EES3_PA8_S2_bE_25" [../task_detection_tpu/pe.cpp:22->../task_detection_tpu/systolic_8x8.cpp:52]   --->   Operation 87 'store' 'store_ln22' <Predicate = true> <Delay = 0.00>
ST_1 : Operation 88 [1/1] (0.00ns)   --->   "%store_ln18 = store i16 0, i16 %p_ZZ12systolic_8x8P8ap_fixedILi16ELi6EL9ap_q_mode5EL9ap_o_mode3ELi0EES3_PA8_S2_bE_160" [../task_detection_tpu/pe.cpp:18->../task_detection_tpu/systolic_8x8.cpp:52]   --->   Operation 88 'store' 'store_ln18' <Predicate = true> <Delay = 0.00>
ST_1 : Operation 89 [1/1] (0.00ns)   --->   "%store_ln21 = store i16 0, i16 %p_ZZ12systolic_8x8P8ap_fixedILi16ELi6EL9ap_q_mode5EL9ap_o_mode3ELi0EES3_PA8_S2_bE_73" [../task_detection_tpu/pe.cpp:21->../task_detection_tpu/systolic_8x8.cpp:52]   --->   Operation 89 'store' 'store_ln21' <Predicate = true> <Delay = 0.00>
ST_1 : Operation 90 [1/1] (0.00ns)   --->   "%store_ln22 = store i16 0, i16 %p_ZZ12systolic_8x8P8ap_fixedILi16ELi6EL9ap_q_mode5EL9ap_o_mode3ELi0EES3_PA8_S2_bE_26" [../task_detection_tpu/pe.cpp:22->../task_detection_tpu/systolic_8x8.cpp:52]   --->   Operation 90 'store' 'store_ln22' <Predicate = true> <Delay = 0.00>
ST_1 : Operation 91 [1/1] (0.00ns)   --->   "%store_ln18 = store i16 0, i16 %p_ZZ12systolic_8x8P8ap_fixedILi16ELi6EL9ap_q_mode5EL9ap_o_mode3ELi0EES3_PA8_S2_bE_159" [../task_detection_tpu/pe.cpp:18->../task_detection_tpu/systolic_8x8.cpp:52]   --->   Operation 91 'store' 'store_ln18' <Predicate = true> <Delay = 0.00>
ST_1 : Operation 92 [1/1] (0.00ns)   --->   "%store_ln21 = store i16 0, i16 %p_ZZ12systolic_8x8P8ap_fixedILi16ELi6EL9ap_q_mode5EL9ap_o_mode3ELi0EES3_PA8_S2_bE_74" [../task_detection_tpu/pe.cpp:21->../task_detection_tpu/systolic_8x8.cpp:52]   --->   Operation 92 'store' 'store_ln21' <Predicate = true> <Delay = 0.00>
ST_1 : Operation 93 [1/1] (0.00ns)   --->   "%store_ln22 = store i16 0, i16 %p_ZZ12systolic_8x8P8ap_fixedILi16ELi6EL9ap_q_mode5EL9ap_o_mode3ELi0EES3_PA8_S2_bE_27" [../task_detection_tpu/pe.cpp:22->../task_detection_tpu/systolic_8x8.cpp:52]   --->   Operation 93 'store' 'store_ln22' <Predicate = true> <Delay = 0.00>
ST_1 : Operation 94 [1/1] (0.00ns)   --->   "%store_ln18 = store i16 0, i16 %p_ZZ12systolic_8x8P8ap_fixedILi16ELi6EL9ap_q_mode5EL9ap_o_mode3ELi0EES3_PA8_S2_bE_158" [../task_detection_tpu/pe.cpp:18->../task_detection_tpu/systolic_8x8.cpp:52]   --->   Operation 94 'store' 'store_ln18' <Predicate = true> <Delay = 0.00>
ST_1 : Operation 95 [1/1] (0.00ns)   --->   "%store_ln21 = store i16 0, i16 %p_ZZ12systolic_8x8P8ap_fixedILi16ELi6EL9ap_q_mode5EL9ap_o_mode3ELi0EES3_PA8_S2_bE_75" [../task_detection_tpu/pe.cpp:21->../task_detection_tpu/systolic_8x8.cpp:52]   --->   Operation 95 'store' 'store_ln21' <Predicate = true> <Delay = 0.00>
ST_1 : Operation 96 [1/1] (0.00ns)   --->   "%store_ln22 = store i16 0, i16 %p_ZZ12systolic_8x8P8ap_fixedILi16ELi6EL9ap_q_mode5EL9ap_o_mode3ELi0EES3_PA8_S2_bE_28" [../task_detection_tpu/pe.cpp:22->../task_detection_tpu/systolic_8x8.cpp:52]   --->   Operation 96 'store' 'store_ln22' <Predicate = true> <Delay = 0.00>
ST_1 : Operation 97 [1/1] (0.00ns)   --->   "%store_ln18 = store i16 0, i16 %p_ZZ12systolic_8x8P8ap_fixedILi16ELi6EL9ap_q_mode5EL9ap_o_mode3ELi0EES3_PA8_S2_bE_157" [../task_detection_tpu/pe.cpp:18->../task_detection_tpu/systolic_8x8.cpp:52]   --->   Operation 97 'store' 'store_ln18' <Predicate = true> <Delay = 0.00>
ST_1 : Operation 98 [1/1] (0.00ns)   --->   "%store_ln21 = store i16 0, i16 %p_ZZ12systolic_8x8P8ap_fixedILi16ELi6EL9ap_q_mode5EL9ap_o_mode3ELi0EES3_PA8_S2_bE_76" [../task_detection_tpu/pe.cpp:21->../task_detection_tpu/systolic_8x8.cpp:52]   --->   Operation 98 'store' 'store_ln21' <Predicate = true> <Delay = 0.00>
ST_1 : Operation 99 [1/1] (0.00ns)   --->   "%store_ln22 = store i16 0, i16 %p_ZZ12systolic_8x8P8ap_fixedILi16ELi6EL9ap_q_mode5EL9ap_o_mode3ELi0EES3_PA8_S2_bE_29" [../task_detection_tpu/pe.cpp:22->../task_detection_tpu/systolic_8x8.cpp:52]   --->   Operation 99 'store' 'store_ln22' <Predicate = true> <Delay = 0.00>
ST_1 : Operation 100 [1/1] (0.00ns)   --->   "%store_ln18 = store i16 0, i16 %p_ZZ12systolic_8x8P8ap_fixedILi16ELi6EL9ap_q_mode5EL9ap_o_mode3ELi0EES3_PA8_S2_bE_156" [../task_detection_tpu/pe.cpp:18->../task_detection_tpu/systolic_8x8.cpp:52]   --->   Operation 100 'store' 'store_ln18' <Predicate = true> <Delay = 0.00>
ST_1 : Operation 101 [1/1] (0.00ns)   --->   "%store_ln21 = store i16 0, i16 %p_ZZ12systolic_8x8P8ap_fixedILi16ELi6EL9ap_q_mode5EL9ap_o_mode3ELi0EES3_PA8_S2_bE_77" [../task_detection_tpu/pe.cpp:21->../task_detection_tpu/systolic_8x8.cpp:52]   --->   Operation 101 'store' 'store_ln21' <Predicate = true> <Delay = 0.00>
ST_1 : Operation 102 [1/1] (0.00ns)   --->   "%store_ln22 = store i16 0, i16 %p_ZZ12systolic_8x8P8ap_fixedILi16ELi6EL9ap_q_mode5EL9ap_o_mode3ELi0EES3_PA8_S2_bE_30" [../task_detection_tpu/pe.cpp:22->../task_detection_tpu/systolic_8x8.cpp:52]   --->   Operation 102 'store' 'store_ln22' <Predicate = true> <Delay = 0.00>
ST_1 : Operation 103 [1/1] (0.00ns)   --->   "%store_ln18 = store i16 0, i16 %p_ZZ12systolic_8x8P8ap_fixedILi16ELi6EL9ap_q_mode5EL9ap_o_mode3ELi0EES3_PA8_S2_bE_155" [../task_detection_tpu/pe.cpp:18->../task_detection_tpu/systolic_8x8.cpp:52]   --->   Operation 103 'store' 'store_ln18' <Predicate = true> <Delay = 0.00>
ST_1 : Operation 104 [1/1] (0.00ns)   --->   "%store_ln22 = store i16 0, i16 %p_ZZ12systolic_8x8P8ap_fixedILi16ELi6EL9ap_q_mode5EL9ap_o_mode3ELi0EES3_PA8_S2_bE_31" [../task_detection_tpu/pe.cpp:22->../task_detection_tpu/systolic_8x8.cpp:52]   --->   Operation 104 'store' 'store_ln22' <Predicate = true> <Delay = 0.00>
ST_1 : Operation 105 [1/1] (0.00ns)   --->   "%store_ln18 = store i16 0, i16 %p_ZZ12systolic_8x8P8ap_fixedILi16ELi6EL9ap_q_mode5EL9ap_o_mode3ELi0EES3_PA8_S2_bE_154" [../task_detection_tpu/pe.cpp:18->../task_detection_tpu/systolic_8x8.cpp:52]   --->   Operation 105 'store' 'store_ln18' <Predicate = true> <Delay = 0.00>
ST_1 : Operation 106 [1/1] (0.00ns)   --->   "%store_ln22 = store i16 0, i16 %p_ZZ12systolic_8x8P8ap_fixedILi16ELi6EL9ap_q_mode5EL9ap_o_mode3ELi0EES3_PA8_S2_bE_32" [../task_detection_tpu/pe.cpp:22->../task_detection_tpu/systolic_8x8.cpp:52]   --->   Operation 106 'store' 'store_ln22' <Predicate = true> <Delay = 0.00>
ST_1 : Operation 107 [1/1] (0.00ns)   --->   "%store_ln18 = store i16 0, i16 %p_ZZ12systolic_8x8P8ap_fixedILi16ELi6EL9ap_q_mode5EL9ap_o_mode3ELi0EES3_PA8_S2_bE_153" [../task_detection_tpu/pe.cpp:18->../task_detection_tpu/systolic_8x8.cpp:52]   --->   Operation 107 'store' 'store_ln18' <Predicate = true> <Delay = 0.00>
ST_1 : Operation 108 [1/1] (0.00ns)   --->   "%store_ln21 = store i16 0, i16 %p_ZZ12systolic_8x8P8ap_fixedILi16ELi6EL9ap_q_mode5EL9ap_o_mode3ELi0EES3_PA8_S2_bE_78" [../task_detection_tpu/pe.cpp:21->../task_detection_tpu/systolic_8x8.cpp:52]   --->   Operation 108 'store' 'store_ln21' <Predicate = true> <Delay = 0.00>
ST_1 : Operation 109 [1/1] (0.00ns)   --->   "%store_ln22 = store i16 0, i16 %p_ZZ12systolic_8x8P8ap_fixedILi16ELi6EL9ap_q_mode5EL9ap_o_mode3ELi0EES3_PA8_S2_bE_33" [../task_detection_tpu/pe.cpp:22->../task_detection_tpu/systolic_8x8.cpp:52]   --->   Operation 109 'store' 'store_ln22' <Predicate = true> <Delay = 0.00>
ST_1 : Operation 110 [1/1] (0.00ns)   --->   "%store_ln18 = store i16 0, i16 %p_ZZ12systolic_8x8P8ap_fixedILi16ELi6EL9ap_q_mode5EL9ap_o_mode3ELi0EES3_PA8_S2_bE_152" [../task_detection_tpu/pe.cpp:18->../task_detection_tpu/systolic_8x8.cpp:52]   --->   Operation 110 'store' 'store_ln18' <Predicate = true> <Delay = 0.00>
ST_1 : Operation 111 [1/1] (0.00ns)   --->   "%store_ln21 = store i16 0, i16 %p_ZZ12systolic_8x8P8ap_fixedILi16ELi6EL9ap_q_mode5EL9ap_o_mode3ELi0EES3_PA8_S2_bE_79" [../task_detection_tpu/pe.cpp:21->../task_detection_tpu/systolic_8x8.cpp:52]   --->   Operation 111 'store' 'store_ln21' <Predicate = true> <Delay = 0.00>
ST_1 : Operation 112 [1/1] (0.00ns)   --->   "%store_ln22 = store i16 0, i16 %p_ZZ12systolic_8x8P8ap_fixedILi16ELi6EL9ap_q_mode5EL9ap_o_mode3ELi0EES3_PA8_S2_bE_34" [../task_detection_tpu/pe.cpp:22->../task_detection_tpu/systolic_8x8.cpp:52]   --->   Operation 112 'store' 'store_ln22' <Predicate = true> <Delay = 0.00>
ST_1 : Operation 113 [1/1] (0.00ns)   --->   "%store_ln18 = store i16 0, i16 %p_ZZ12systolic_8x8P8ap_fixedILi16ELi6EL9ap_q_mode5EL9ap_o_mode3ELi0EES3_PA8_S2_bE_151" [../task_detection_tpu/pe.cpp:18->../task_detection_tpu/systolic_8x8.cpp:52]   --->   Operation 113 'store' 'store_ln18' <Predicate = true> <Delay = 0.00>
ST_1 : Operation 114 [1/1] (0.00ns)   --->   "%store_ln21 = store i16 0, i16 %p_ZZ12systolic_8x8P8ap_fixedILi16ELi6EL9ap_q_mode5EL9ap_o_mode3ELi0EES3_PA8_S2_bE_80" [../task_detection_tpu/pe.cpp:21->../task_detection_tpu/systolic_8x8.cpp:52]   --->   Operation 114 'store' 'store_ln21' <Predicate = true> <Delay = 0.00>
ST_1 : Operation 115 [1/1] (0.00ns)   --->   "%store_ln22 = store i16 0, i16 %p_ZZ12systolic_8x8P8ap_fixedILi16ELi6EL9ap_q_mode5EL9ap_o_mode3ELi0EES3_PA8_S2_bE_35" [../task_detection_tpu/pe.cpp:22->../task_detection_tpu/systolic_8x8.cpp:52]   --->   Operation 115 'store' 'store_ln22' <Predicate = true> <Delay = 0.00>
ST_1 : Operation 116 [1/1] (0.00ns)   --->   "%store_ln18 = store i16 0, i16 %p_ZZ12systolic_8x8P8ap_fixedILi16ELi6EL9ap_q_mode5EL9ap_o_mode3ELi0EES3_PA8_S2_bE_150" [../task_detection_tpu/pe.cpp:18->../task_detection_tpu/systolic_8x8.cpp:52]   --->   Operation 116 'store' 'store_ln18' <Predicate = true> <Delay = 0.00>
ST_1 : Operation 117 [1/1] (0.00ns)   --->   "%store_ln21 = store i16 0, i16 %p_ZZ12systolic_8x8P8ap_fixedILi16ELi6EL9ap_q_mode5EL9ap_o_mode3ELi0EES3_PA8_S2_bE_81" [../task_detection_tpu/pe.cpp:21->../task_detection_tpu/systolic_8x8.cpp:52]   --->   Operation 117 'store' 'store_ln21' <Predicate = true> <Delay = 0.00>
ST_1 : Operation 118 [1/1] (0.00ns)   --->   "%store_ln22 = store i16 0, i16 %p_ZZ12systolic_8x8P8ap_fixedILi16ELi6EL9ap_q_mode5EL9ap_o_mode3ELi0EES3_PA8_S2_bE_36" [../task_detection_tpu/pe.cpp:22->../task_detection_tpu/systolic_8x8.cpp:52]   --->   Operation 118 'store' 'store_ln22' <Predicate = true> <Delay = 0.00>
ST_1 : Operation 119 [1/1] (0.00ns)   --->   "%store_ln18 = store i16 0, i16 %p_ZZ12systolic_8x8P8ap_fixedILi16ELi6EL9ap_q_mode5EL9ap_o_mode3ELi0EES3_PA8_S2_bE_149" [../task_detection_tpu/pe.cpp:18->../task_detection_tpu/systolic_8x8.cpp:52]   --->   Operation 119 'store' 'store_ln18' <Predicate = true> <Delay = 0.00>
ST_1 : Operation 120 [1/1] (0.00ns)   --->   "%store_ln21 = store i16 0, i16 %p_ZZ12systolic_8x8P8ap_fixedILi16ELi6EL9ap_q_mode5EL9ap_o_mode3ELi0EES3_PA8_S2_bE_82" [../task_detection_tpu/pe.cpp:21->../task_detection_tpu/systolic_8x8.cpp:52]   --->   Operation 120 'store' 'store_ln21' <Predicate = true> <Delay = 0.00>
ST_1 : Operation 121 [1/1] (0.00ns)   --->   "%store_ln22 = store i16 0, i16 %p_ZZ12systolic_8x8P8ap_fixedILi16ELi6EL9ap_q_mode5EL9ap_o_mode3ELi0EES3_PA8_S2_bE_37" [../task_detection_tpu/pe.cpp:22->../task_detection_tpu/systolic_8x8.cpp:52]   --->   Operation 121 'store' 'store_ln22' <Predicate = true> <Delay = 0.00>
ST_1 : Operation 122 [1/1] (0.00ns)   --->   "%store_ln18 = store i16 0, i16 %p_ZZ12systolic_8x8P8ap_fixedILi16ELi6EL9ap_q_mode5EL9ap_o_mode3ELi0EES3_PA8_S2_bE_148" [../task_detection_tpu/pe.cpp:18->../task_detection_tpu/systolic_8x8.cpp:52]   --->   Operation 122 'store' 'store_ln18' <Predicate = true> <Delay = 0.00>
ST_1 : Operation 123 [1/1] (0.00ns)   --->   "%store_ln21 = store i16 0, i16 %p_ZZ12systolic_8x8P8ap_fixedILi16ELi6EL9ap_q_mode5EL9ap_o_mode3ELi0EES3_PA8_S2_bE_83" [../task_detection_tpu/pe.cpp:21->../task_detection_tpu/systolic_8x8.cpp:52]   --->   Operation 123 'store' 'store_ln21' <Predicate = true> <Delay = 0.00>
ST_1 : Operation 124 [1/1] (0.00ns)   --->   "%store_ln22 = store i16 0, i16 %p_ZZ12systolic_8x8P8ap_fixedILi16ELi6EL9ap_q_mode5EL9ap_o_mode3ELi0EES3_PA8_S2_bE_38" [../task_detection_tpu/pe.cpp:22->../task_detection_tpu/systolic_8x8.cpp:52]   --->   Operation 124 'store' 'store_ln22' <Predicate = true> <Delay = 0.00>
ST_1 : Operation 125 [1/1] (0.00ns)   --->   "%store_ln18 = store i16 0, i16 %p_ZZ12systolic_8x8P8ap_fixedILi16ELi6EL9ap_q_mode5EL9ap_o_mode3ELi0EES3_PA8_S2_bE_147" [../task_detection_tpu/pe.cpp:18->../task_detection_tpu/systolic_8x8.cpp:52]   --->   Operation 125 'store' 'store_ln18' <Predicate = true> <Delay = 0.00>
ST_1 : Operation 126 [1/1] (0.00ns)   --->   "%store_ln22 = store i16 0, i16 %p_ZZ12systolic_8x8P8ap_fixedILi16ELi6EL9ap_q_mode5EL9ap_o_mode3ELi0EES3_PA8_S2_bE_39" [../task_detection_tpu/pe.cpp:22->../task_detection_tpu/systolic_8x8.cpp:52]   --->   Operation 126 'store' 'store_ln22' <Predicate = true> <Delay = 0.00>
ST_1 : Operation 127 [1/1] (0.00ns)   --->   "%store_ln22 = store i16 0, i16 %p_ZZ12systolic_8x8P8ap_fixedILi16ELi6EL9ap_q_mode5EL9ap_o_mode3ELi0EES3_PA8_S2_bE_40" [../task_detection_tpu/pe.cpp:22->../task_detection_tpu/systolic_8x8.cpp:52]   --->   Operation 127 'store' 'store_ln22' <Predicate = true> <Delay = 0.00>
ST_1 : Operation 128 [1/1] (0.00ns)   --->   "%store_ln21 = store i16 0, i16 %p_ZZ12systolic_8x8P8ap_fixedILi16ELi6EL9ap_q_mode5EL9ap_o_mode3ELi0EES3_PA8_S2_bE_84" [../task_detection_tpu/pe.cpp:21->../task_detection_tpu/systolic_8x8.cpp:52]   --->   Operation 128 'store' 'store_ln21' <Predicate = true> <Delay = 0.00>
ST_1 : Operation 129 [1/1] (0.00ns)   --->   "%store_ln22 = store i16 0, i16 %p_ZZ12systolic_8x8P8ap_fixedILi16ELi6EL9ap_q_mode5EL9ap_o_mode3ELi0EES3_PA8_S2_bE_41" [../task_detection_tpu/pe.cpp:22->../task_detection_tpu/systolic_8x8.cpp:52]   --->   Operation 129 'store' 'store_ln22' <Predicate = true> <Delay = 0.00>
ST_1 : Operation 130 [1/1] (0.00ns)   --->   "%store_ln21 = store i16 0, i16 %p_ZZ12systolic_8x8P8ap_fixedILi16ELi6EL9ap_q_mode5EL9ap_o_mode3ELi0EES3_PA8_S2_bE_85" [../task_detection_tpu/pe.cpp:21->../task_detection_tpu/systolic_8x8.cpp:52]   --->   Operation 130 'store' 'store_ln21' <Predicate = true> <Delay = 0.00>
ST_1 : Operation 131 [1/1] (0.00ns)   --->   "%store_ln22 = store i16 0, i16 %p_ZZ12systolic_8x8P8ap_fixedILi16ELi6EL9ap_q_mode5EL9ap_o_mode3ELi0EES3_PA8_S2_bE_42" [../task_detection_tpu/pe.cpp:22->../task_detection_tpu/systolic_8x8.cpp:52]   --->   Operation 131 'store' 'store_ln22' <Predicate = true> <Delay = 0.00>
ST_1 : Operation 132 [1/1] (0.00ns)   --->   "%store_ln21 = store i16 0, i16 %p_ZZ12systolic_8x8P8ap_fixedILi16ELi6EL9ap_q_mode5EL9ap_o_mode3ELi0EES3_PA8_S2_bE_86" [../task_detection_tpu/pe.cpp:21->../task_detection_tpu/systolic_8x8.cpp:52]   --->   Operation 132 'store' 'store_ln21' <Predicate = true> <Delay = 0.00>
ST_1 : Operation 133 [1/1] (0.00ns)   --->   "%store_ln22 = store i16 0, i16 %p_ZZ12systolic_8x8P8ap_fixedILi16ELi6EL9ap_q_mode5EL9ap_o_mode3ELi0EES3_PA8_S2_bE_43" [../task_detection_tpu/pe.cpp:22->../task_detection_tpu/systolic_8x8.cpp:52]   --->   Operation 133 'store' 'store_ln22' <Predicate = true> <Delay = 0.00>
ST_1 : Operation 134 [1/1] (0.00ns)   --->   "%store_ln21 = store i16 0, i16 %p_ZZ12systolic_8x8P8ap_fixedILi16ELi6EL9ap_q_mode5EL9ap_o_mode3ELi0EES3_PA8_S2_bE_87" [../task_detection_tpu/pe.cpp:21->../task_detection_tpu/systolic_8x8.cpp:52]   --->   Operation 134 'store' 'store_ln21' <Predicate = true> <Delay = 0.00>
ST_1 : Operation 135 [1/1] (0.00ns)   --->   "%store_ln22 = store i16 0, i16 %p_ZZ12systolic_8x8P8ap_fixedILi16ELi6EL9ap_q_mode5EL9ap_o_mode3ELi0EES3_PA8_S2_bE_44" [../task_detection_tpu/pe.cpp:22->../task_detection_tpu/systolic_8x8.cpp:52]   --->   Operation 135 'store' 'store_ln22' <Predicate = true> <Delay = 0.00>
ST_1 : Operation 136 [1/1] (0.00ns)   --->   "%store_ln21 = store i16 0, i16 %p_ZZ12systolic_8x8P8ap_fixedILi16ELi6EL9ap_q_mode5EL9ap_o_mode3ELi0EES3_PA8_S2_bE_88" [../task_detection_tpu/pe.cpp:21->../task_detection_tpu/systolic_8x8.cpp:52]   --->   Operation 136 'store' 'store_ln21' <Predicate = true> <Delay = 0.00>
ST_1 : Operation 137 [1/1] (0.00ns)   --->   "%store_ln22 = store i16 0, i16 %p_ZZ12systolic_8x8P8ap_fixedILi16ELi6EL9ap_q_mode5EL9ap_o_mode3ELi0EES3_PA8_S2_bE_45" [../task_detection_tpu/pe.cpp:22->../task_detection_tpu/systolic_8x8.cpp:52]   --->   Operation 137 'store' 'store_ln22' <Predicate = true> <Delay = 0.00>
ST_1 : Operation 138 [1/1] (0.00ns)   --->   "%store_ln21 = store i16 0, i16 %p_ZZ12systolic_8x8P8ap_fixedILi16ELi6EL9ap_q_mode5EL9ap_o_mode3ELi0EES3_PA8_S2_bE_89" [../task_detection_tpu/pe.cpp:21->../task_detection_tpu/systolic_8x8.cpp:52]   --->   Operation 138 'store' 'store_ln21' <Predicate = true> <Delay = 0.00>
ST_1 : Operation 139 [1/1] (0.00ns)   --->   "%store_ln22 = store i16 0, i16 %p_ZZ12systolic_8x8P8ap_fixedILi16ELi6EL9ap_q_mode5EL9ap_o_mode3ELi0EES3_PA8_S2_bE_46" [../task_detection_tpu/pe.cpp:22->../task_detection_tpu/systolic_8x8.cpp:52]   --->   Operation 139 'store' 'store_ln22' <Predicate = true> <Delay = 0.00>
ST_1 : Operation 140 [1/1] (0.00ns)   --->   "%store_ln18 = store i16 0, i16 %p_ZZ12systolic_8x8P8ap_fixedILi16ELi6EL9ap_q_mode5EL9ap_o_mode3ELi0EES3_PA8_S2_bE_146" [../task_detection_tpu/pe.cpp:18->../task_detection_tpu/systolic_8x8.cpp:52]   --->   Operation 140 'store' 'store_ln18' <Predicate = true> <Delay = 0.00>
ST_1 : Operation 141 [1/1] (0.00ns)   --->   "%store_ln22 = store i16 0, i16 %p_ZZ12systolic_8x8P8ap_fixedILi16ELi6EL9ap_q_mode5EL9ap_o_mode3ELi0EES3_PA8_S2_bE_47" [../task_detection_tpu/pe.cpp:22->../task_detection_tpu/systolic_8x8.cpp:52]   --->   Operation 141 'store' 'store_ln22' <Predicate = true> <Delay = 0.00>
ST_1 : Operation 142 [1/1] (0.00ns)   --->   "%store_ln21 = store i16 0, i16 %p_ZZ12systolic_8x8P8ap_fixedILi16ELi6EL9ap_q_mode5EL9ap_o_mode3ELi0EES3_PA8_S2_bE_90" [../task_detection_tpu/pe.cpp:21->../task_detection_tpu/systolic_8x8.cpp:52]   --->   Operation 142 'store' 'store_ln21' <Predicate = true> <Delay = 0.00>
ST_1 : Operation 143 [1/1] (0.00ns)   --->   "%store_ln21 = store i16 0, i16 %p_ZZ12systolic_8x8P8ap_fixedILi16ELi6EL9ap_q_mode5EL9ap_o_mode3ELi0EES3_PA8_S2_bE_91" [../task_detection_tpu/pe.cpp:21->../task_detection_tpu/systolic_8x8.cpp:52]   --->   Operation 143 'store' 'store_ln21' <Predicate = true> <Delay = 0.00>
ST_1 : Operation 144 [1/1] (0.00ns)   --->   "%store_ln21 = store i16 0, i16 %p_ZZ12systolic_8x8P8ap_fixedILi16ELi6EL9ap_q_mode5EL9ap_o_mode3ELi0EES3_PA8_S2_bE_92" [../task_detection_tpu/pe.cpp:21->../task_detection_tpu/systolic_8x8.cpp:52]   --->   Operation 144 'store' 'store_ln21' <Predicate = true> <Delay = 0.00>
ST_1 : Operation 145 [1/1] (0.00ns)   --->   "%store_ln21 = store i16 0, i16 %p_ZZ12systolic_8x8P8ap_fixedILi16ELi6EL9ap_q_mode5EL9ap_o_mode3ELi0EES3_PA8_S2_bE_93" [../task_detection_tpu/pe.cpp:21->../task_detection_tpu/systolic_8x8.cpp:52]   --->   Operation 145 'store' 'store_ln21' <Predicate = true> <Delay = 0.00>
ST_1 : Operation 146 [1/1] (0.00ns)   --->   "%store_ln21 = store i16 0, i16 %p_ZZ12systolic_8x8P8ap_fixedILi16ELi6EL9ap_q_mode5EL9ap_o_mode3ELi0EES3_PA8_S2_bE_94" [../task_detection_tpu/pe.cpp:21->../task_detection_tpu/systolic_8x8.cpp:52]   --->   Operation 146 'store' 'store_ln21' <Predicate = true> <Delay = 0.00>
ST_1 : Operation 147 [1/1] (0.00ns)   --->   "%store_ln21 = store i16 0, i16 %p_ZZ12systolic_8x8P8ap_fixedILi16ELi6EL9ap_q_mode5EL9ap_o_mode3ELi0EES3_PA8_S2_bE_95" [../task_detection_tpu/pe.cpp:21->../task_detection_tpu/systolic_8x8.cpp:52]   --->   Operation 147 'store' 'store_ln21' <Predicate = true> <Delay = 0.00>
ST_1 : Operation 148 [1/1] (0.00ns)   --->   "%store_ln18 = store i16 0, i16 %p_ZZ12systolic_8x8P8ap_fixedILi16ELi6EL9ap_q_mode5EL9ap_o_mode3ELi0EES3_PA8_S2_bE_145" [../task_detection_tpu/pe.cpp:18->../task_detection_tpu/systolic_8x8.cpp:52]   --->   Operation 148 'store' 'store_ln18' <Predicate = true> <Delay = 0.00>
ST_1 : Operation 149 [1/1] (0.00ns)   --->   "%ret_ln0 = ret"   --->   Operation 149 'ret' 'ret_ln0' <Predicate = true> <Delay = 0.00>


============================================================
+ Verbose Summary: Timing violations
============================================================
Target clock period: 10.000ns, clock uncertainty: 2.700ns.

 <State 1>: 0.000ns
The critical path consists of the following:


============================================================
+ Verbose Summary: Binding
============================================================
N/A
* FSMD analyzer results:
  - Output states:
 - Input state : 
  - Chain level:
	State 1


============================================================
+ Verbose Summary: Datapath Resource usage 
============================================================
N/A
