

================================================================
== Vitis HLS Report for 'task_detection_accel_Pipeline_VITIS_LOOP_134_10'
================================================================
* Date:           Mon Jun 15 23:15:05 2026

* Version:        2025.2 (Build 6295257 on Nov 14 2025)
* Project:        tpu_integrated_accel
* Solution:       hls (Vivado IP Flow Target)
* Product family: kintex7
* Target device:  xc7k325t-ffg900-2


================================================================
== Performance Estimates
================================================================
+ Timing: 
    * Summary: 
    +--------+----------+----------+------------+
    |  Clock |  Target  | Estimated| Uncertainty|
    +--------+----------+----------+------------+
    |ap_clk  |  10.00 ns|  4.760 ns|     2.70 ns|
    +--------+----------+----------+------------+

+ Latency: 
    * Summary: 
    +---------+---------+----------+----------+-----+-----+-------------------+
    |  Latency (cycles) |  Latency (absolute) |  Interval |      Pipeline     |
    |   min   |   max   |    min   |    max   | min | max |        Type       |
    +---------+---------+----------+----------+-----+-----+-------------------+
    |       10|       10|  0.100 us|  0.100 us|    0|    0|  loop pipeline stp|
    +---------+---------+----------+----------+-----+-----+-------------------+

    + Detail: 
        * Instance: 
        N/A

        * Loop: 
        +---------------------+---------+---------+----------+-----------+-----------+------+----------+
        |                     |  Latency (cycles) | Iteration|  Initiation Interval  | Trip |          |
        |      Loop Name      |   min   |   max   |  Latency |  achieved |   target  | Count| Pipelined|
        +---------------------+---------+---------+----------+-----------+-----------+------+----------+
        |- VITIS_LOOP_134_10  |        8|        8|         2|          1|          1|     8|       yes|
        +---------------------+---------+---------+----------+-----------+-----------+------+----------+

============================================================
+ Verbose Summary: Synthesis Manager
============================================================
InlineROM: 1
ExposeGlobal: 0
============================================================
+ Verbose Summary: CDFG Model
============================================================
IsTopModel: 0
ResetActiveHigh: 1
IsCombinational: 0
IsDatapathOnly: 0
HasWiredReturn: 1
HasMFsm: 2
HasVarLatency: 1
IsPipeline: 0
IsRtlPipelined: 0
IsInstanceOverlapped: 0
IsDontTouch: 0
HasImplIP: 0
IsGatedGlobalClock: 0

+ Individual pipeline summary: 
  * Pipeline-0: initiation interval (II) = 1, depth = 2


============================================================
+ Verbose Summary: Schedule
============================================================
* Number of FSM states : 2
* Pipeline : 1
  Pipeline-0 : II = 1, D = 2, States = { 1 2 }
* Dataflow Pipeline: 0

* FSM state transitions: 
1 --> 2 
2 --> 

* FSM state operations: 

State 1 <SV = 0> <Delay = 3.16>
ST_1 : Operation 5 [1/1] (0.00ns)   --->   "%i = alloca i32 1" [../task_detection_tpu/tpu_accel.cpp:134->../task_detection_tpu/tpu_accel.cpp:179]   --->   Operation 5 'alloca' 'i' <Predicate = true> <Delay = 0.00>
ST_1 : Operation 6 [1/1] (0.00ns)   --->   "%shl_ln3_read = read i6 @_ssdm_op_Read.ap_auto.i6, i6 %shl_ln3"   --->   Operation 6 'read' 'shl_ln3_read' <Predicate = true> <Delay = 0.00>
ST_1 : Operation 7 [1/1] (0.83ns)   --->   "%store_ln134 = store i4 0, i4 %i" [../task_detection_tpu/tpu_accel.cpp:134->../task_detection_tpu/tpu_accel.cpp:179]   --->   Operation 7 'store' 'store_ln134' <Predicate = true> <Delay = 0.83>
ST_1 : Operation 8 [1/1] (0.00ns)   --->   "%br_ln0 = br void %for.body87.i96"   --->   Operation 8 'br' 'br_ln0' <Predicate = true> <Delay = 0.00>
ST_1 : Operation 9 [1/1] (0.00ns)   --->   "%i_9 = load i4 %i" [../task_detection_tpu/tpu_accel.cpp:134->../task_detection_tpu/tpu_accel.cpp:179]   --->   Operation 9 'load' 'i_9' <Predicate = true> <Delay = 0.00>
ST_1 : Operation 10 [1/1] (1.01ns)   --->   "%icmp_ln134 = icmp_eq  i4 %i_9, i4 8" [../task_detection_tpu/tpu_accel.cpp:134->../task_detection_tpu/tpu_accel.cpp:179]   --->   Operation 10 'icmp' 'icmp_ln134' <Predicate = true> <Delay = 1.01> <CoreInst = "Cmp">   --->   Core 9 'Cmp' <Latency = 0> <II = 1> <Delay = 1.01> <FuncUnit> <Opcode : 'seteq' 'setne' 'setle' 'setge' 'setlt' 'setgt'> <InPorts = 2> <OutPorts = 1>
ST_1 : Operation 11 [1/1] (1.01ns)   --->   "%add_ln134_2 = add i4 %i_9, i4 1" [../task_detection_tpu/tpu_accel.cpp:134->../task_detection_tpu/tpu_accel.cpp:179]   --->   Operation 11 'add' 'add_ln134_2' <Predicate = true> <Delay = 1.01> <CoreInst = "Adder">   --->   Core 1 'Adder' <Latency = 0> <II = 1> <Delay = 1.01> <FuncUnit> <Opcode : 'add' 'sub'> <InPorts = 2> <OutPorts = 1>
ST_1 : Operation 12 [1/1] (0.00ns)   --->   "%br_ln134 = br i1 %icmp_ln134, void %for.body87.i96.split, void %for.inc103.i99.exitStub" [../task_detection_tpu/tpu_accel.cpp:134->../task_detection_tpu/tpu_accel.cpp:179]   --->   Operation 12 'br' 'br_ln134' <Predicate = true> <Delay = 0.00>
ST_1 : Operation 13 [1/1] (0.00ns)   --->   "%zext_ln134 = zext i4 %i_9" [../task_detection_tpu/tpu_accel.cpp:134->../task_detection_tpu/tpu_accel.cpp:179]   --->   Operation 13 'zext' 'zext_ln134' <Predicate = (!icmp_ln134)> <Delay = 0.00>
ST_1 : Operation 14 [1/1] (0.00ns)   --->   "%zext_ln134_1 = zext i4 %i_9" [../task_detection_tpu/tpu_accel.cpp:134->../task_detection_tpu/tpu_accel.cpp:179]   --->   Operation 14 'zext' 'zext_ln134_1' <Predicate = (!icmp_ln134)> <Delay = 0.00>
ST_1 : Operation 15 [1/1] (1.18ns)   --->   "%add_ln134 = add i6 %zext_ln134_1, i6 %shl_ln3_read" [../task_detection_tpu/tpu_accel.cpp:134->../task_detection_tpu/tpu_accel.cpp:179]   --->   Operation 15 'add' 'add_ln134' <Predicate = (!icmp_ln134)> <Delay = 1.18> <CoreInst = "Adder">   --->   Core 1 'Adder' <Latency = 0> <II = 1> <Delay = 1.18> <FuncUnit> <Opcode : 'add' 'sub'> <InPorts = 2> <OutPorts = 1>
ST_1 : Operation 16 [1/1] (0.00ns)   --->   "%zext_ln134_2 = zext i6 %add_ln134" [../task_detection_tpu/tpu_accel.cpp:134->../task_detection_tpu/tpu_accel.cpp:179]   --->   Operation 16 'zext' 'zext_ln134_2' <Predicate = (!icmp_ln134)> <Delay = 0.00>
ST_1 : Operation 17 [1/1] (0.00ns)   --->   "%y_tile_addr = getelementptr i16 %y_tile, i64 0, i64 %zext_ln134" [../task_detection_tpu/tpu_accel.cpp:134->../task_detection_tpu/tpu_accel.cpp:179]   --->   Operation 17 'getelementptr' 'y_tile_addr' <Predicate = (!icmp_ln134)> <Delay = 0.00>
ST_1 : Operation 18 [2/2] (1.14ns)   --->   "%y_tile_load = load i3 %y_tile_addr" [../task_detection_tpu/tpu_accel.cpp:134->../task_detection_tpu/tpu_accel.cpp:179]   --->   Operation 18 'load' 'y_tile_load' <Predicate = (!icmp_ln134)> <Delay = 1.14> <CoreInst = "RAM">   --->   Core 81 'RAM' <Latency = 1> <II = 1> <Delay = 1.14> <Storage> <Opcode : 'load' 'store'> <Ports = 2> <Width = 16> <Depth = 8> <RAM>
ST_1 : Operation 19 [1/1] (0.00ns)   --->   "%bias_addr = getelementptr i1 %bias, i64 0, i64 %zext_ln134_2" [../task_detection_tpu/tpu_accel.cpp:134->../task_detection_tpu/tpu_accel.cpp:179]   --->   Operation 19 'getelementptr' 'bias_addr' <Predicate = (!icmp_ln134)> <Delay = 0.00>
ST_1 : Operation 20 [2/2] (1.14ns)   --->   "%bias_load = load i6 %bias_addr" [../task_detection_tpu/tpu_accel.cpp:134->../task_detection_tpu/tpu_accel.cpp:179]   --->   Operation 20 'load' 'bias_load' <Predicate = (!icmp_ln134)> <Delay = 1.14> <CoreInst = "RAM">   --->   Core 81 'RAM' <Latency = 1> <II = 1> <Delay = 1.14> <Storage> <Opcode : 'load' 'store'> <Ports = 2> <Width = 1> <Depth = 64> <RAM>
ST_1 : Operation 21 [1/1] (0.83ns)   --->   "%store_ln134 = store i4 %add_ln134_2, i4 %i" [../task_detection_tpu/tpu_accel.cpp:134->../task_detection_tpu/tpu_accel.cpp:179]   --->   Operation 21 'store' 'store_ln134' <Predicate = (!icmp_ln134)> <Delay = 0.83>
ST_1 : Operation 32 [1/1] (0.83ns)   --->   "%ret_ln0 = ret"   --->   Operation 32 'ret' 'ret_ln0' <Predicate = (icmp_ln134)> <Delay = 0.83>

State 2 <SV = 1> <Delay = 4.76>
ST_2 : Operation 22 [1/1] (0.00ns)   --->   "%specpipeline_ln134 = specpipeline void @_ssdm_op_SpecPipeline, i32 4294967295, i32 0, i32 0, i32 0, i32 4294967295, void @empty_22" [../task_detection_tpu/tpu_accel.cpp:134->../task_detection_tpu/tpu_accel.cpp:179]   --->   Operation 22 'specpipeline' 'specpipeline_ln134' <Predicate = true> <Delay = 0.00>
ST_2 : Operation 23 [1/1] (0.00ns)   --->   "%speclooptripcount_ln134 = speclooptripcount void @_ssdm_op_SpecLoopTripCount, i64 8, i64 8, i64 8" [../task_detection_tpu/tpu_accel.cpp:134->../task_detection_tpu/tpu_accel.cpp:179]   --->   Operation 23 'speclooptripcount' 'speclooptripcount_ln134' <Predicate = true> <Delay = 0.00>
ST_2 : Operation 24 [1/1] (0.00ns)   --->   "%specloopname_ln134 = specloopname void @_ssdm_op_SpecLoopName, void @empty_18" [../task_detection_tpu/tpu_accel.cpp:134->../task_detection_tpu/tpu_accel.cpp:179]   --->   Operation 24 'specloopname' 'specloopname_ln134' <Predicate = true> <Delay = 0.00>
ST_2 : Operation 25 [1/2] ( I:1.14ns O:1.14ns )   --->   "%y_tile_load = load i3 %y_tile_addr" [../task_detection_tpu/tpu_accel.cpp:134->../task_detection_tpu/tpu_accel.cpp:179]   --->   Operation 25 'load' 'y_tile_load' <Predicate = true> <Delay = 1.14> <CoreInst = "RAM">   --->   Core 81 'RAM' <Latency = 1> <II = 1> <Delay = 1.14> <Storage> <Opcode : 'load' 'store'> <Ports = 2> <Width = 16> <Depth = 8> <RAM>
ST_2 : Operation 26 [1/2] ( I:1.14ns O:1.14ns )   --->   "%bias_load = load i6 %bias_addr" [../task_detection_tpu/tpu_accel.cpp:134->../task_detection_tpu/tpu_accel.cpp:179]   --->   Operation 26 'load' 'bias_load' <Predicate = true> <Delay = 1.14> <CoreInst = "RAM">   --->   Core 81 'RAM' <Latency = 1> <II = 1> <Delay = 1.14> <Storage> <Opcode : 'load' 'store'> <Ports = 2> <Width = 1> <Depth = 64> <RAM>
ST_2 : Operation 27 [1/1] (0.00ns)   --->   "%zext_ln134_3 = zext i1 %bias_load" [../task_detection_tpu/tpu_accel.cpp:134->../task_detection_tpu/tpu_accel.cpp:179]   --->   Operation 27 'zext' 'zext_ln134_3' <Predicate = true> <Delay = 0.00>
ST_2 : Operation 28 [1/1] (1.34ns)   --->   "%add_ln134_1 = add i16 %zext_ln134_3, i16 %y_tile_load" [../task_detection_tpu/tpu_accel.cpp:134->../task_detection_tpu/tpu_accel.cpp:179]   --->   Operation 28 'add' 'add_ln134_1' <Predicate = true> <Delay = 1.34> <CoreInst = "Adder">   --->   Core 1 'Adder' <Latency = 0> <II = 1> <Delay = 1.34> <FuncUnit> <Opcode : 'add' 'sub'> <InPorts = 2> <OutPorts = 1>
ST_2 : Operation 29 [1/1] (0.00ns)   --->   "%l3_out_addr = getelementptr i16 %l3_out, i64 0, i64 %zext_ln134_2" [../task_detection_tpu/tpu_accel.cpp:134->../task_detection_tpu/tpu_accel.cpp:179]   --->   Operation 29 'getelementptr' 'l3_out_addr' <Predicate = true> <Delay = 0.00>
ST_2 : Operation 30 [1/1] ( I:2.26ns O:2.26ns )   --->   "%store_ln134 = store i16 %add_ln134_1, i6 %l3_out_addr" [../task_detection_tpu/tpu_accel.cpp:134->../task_detection_tpu/tpu_accel.cpp:179]   --->   Operation 30 'store' 'store_ln134' <Predicate = true> <Delay = 2.26> <CoreInst = "RAM">   --->   Core 81 'RAM' <Latency = 1> <II = 1> <Delay = 2.26> <Storage> <Opcode : 'load' 'store'> <Ports = 2> <Width = 16> <Depth = 64> <RAM>
ST_2 : Operation 31 [1/1] (0.00ns)   --->   "%br_ln134 = br void %for.body87.i96" [../task_detection_tpu/tpu_accel.cpp:134->../task_detection_tpu/tpu_accel.cpp:179]   --->   Operation 31 'br' 'br_ln134' <Predicate = true> <Delay = 0.00>


============================================================
+ Verbose Summary: Timing violations
============================================================
Target clock period: 10.000ns, clock uncertainty: 2.700ns.

 <State 1>: 3.169ns
The critical path consists of the following:
	'store' operation ('store_ln134', ../task_detection_tpu/tpu_accel.cpp:134->../task_detection_tpu/tpu_accel.cpp:179) of constant 0 4 bit on local variable 'i', ../task_detection_tpu/tpu_accel.cpp:134->../task_detection_tpu/tpu_accel.cpp:179 [7]  (0.833 ns)
	'load' operation 4 bit ('i', ../task_detection_tpu/tpu_accel.cpp:134->../task_detection_tpu/tpu_accel.cpp:179) on local variable 'i', ../task_detection_tpu/tpu_accel.cpp:134->../task_detection_tpu/tpu_accel.cpp:179 [10]  (0.000 ns)
	'add' operation 6 bit ('add_ln134', ../task_detection_tpu/tpu_accel.cpp:134->../task_detection_tpu/tpu_accel.cpp:179) [20]  (1.188 ns)
	'getelementptr' operation 6 bit ('bias_addr', ../task_detection_tpu/tpu_accel.cpp:134->../task_detection_tpu/tpu_accel.cpp:179) [24]  (0.000 ns)
	'load' operation 1 bit ('bias_load', ../task_detection_tpu/tpu_accel.cpp:134->../task_detection_tpu/tpu_accel.cpp:179) on array 'bias' [25]  (1.148 ns)

 <State 2>: 4.760ns
The critical path consists of the following:
	'load' operation 16 bit ('y_tile_load', ../task_detection_tpu/tpu_accel.cpp:134->../task_detection_tpu/tpu_accel.cpp:179) on array 'y_tile' [23]  (1.148 ns)
	'add' operation 16 bit ('add_ln134_1', ../task_detection_tpu/tpu_accel.cpp:134->../task_detection_tpu/tpu_accel.cpp:179) [27]  (1.346 ns)
	'store' operation ('store_ln134', ../task_detection_tpu/tpu_accel.cpp:134->../task_detection_tpu/tpu_accel.cpp:179) of variable 'add_ln134_1', ../task_detection_tpu/tpu_accel.cpp:134->../task_detection_tpu/tpu_accel.cpp:179 16 bit on array 'l3_out' [29]  (2.266 ns)


============================================================
+ Verbose Summary: Binding
============================================================
N/A
* FSMD analyzer results:
  - Output states:
 - Input state : 
  - Chain level:
	State 1
	State 2


============================================================
+ Verbose Summary: Datapath Resource usage 
============================================================
N/A
