

================================================================
== Vitis HLS Report for 'max_pool_2x2'
================================================================
* Date:           Wed Jun 17 16:35:42 2026

* Version:        2025.2 (Build 6295257 on Nov 14 2025)
* Project:        yolo_backbone_3
* Solution:       hls (Vivado IP Flow Target)
* Product family: kintex7
* Target device:  xc7k325t-ffg900-2


================================================================
== Performance Estimates
================================================================
+ Timing: 
    * Summary: 
    +--------+----------+----------+------------+
    |  Clock |  Target  | Estimated| Uncertainty|
    +--------+----------+----------+------------+
    |ap_clk  |  10.00 ns|  5.352 ns|     2.70 ns|
    +--------+----------+----------+------------+

+ Latency: 
    * Summary: 
    +---------+---------+----------+----------+-----+-----+------------------------------------------------+
    |  Latency (cycles) |  Latency (absolute) |  Interval |                    Pipeline                    |
    |   min   |   max   |    min   |    max   | min | max |                      Type                      |
    +---------+---------+----------+----------+-----+-----+------------------------------------------------+
    |      146|      146|  1.460 us|  1.460 us|  144|  144|  loop auto-rewind stp (delay=0 clock cycles(s))|
    +---------+---------+----------+----------+-----+-----+------------------------------------------------+

    + Detail: 
        * Instance: 
        N/A

        * Loop: 
        +-------------------------------------+---------+---------+----------+-----------+-----------+------+----------+
        |                                     |  Latency (cycles) | Iteration|  Initiation Interval  | Trip |          |
        |              Loop Name              |   min   |   max   |  Latency |  achieved |   target  | Count| Pipelined|
        +-------------------------------------+---------+---------+----------+-----------+-----------+------+----------+
        |- VITIS_LOOP_185_1_VITIS_LOOP_189_2  |      144|      144|         2|          1|          1|   144|       yes|
        +-------------------------------------+---------+---------+----------+-----------+-----------+------+----------+



================================================================
== Utilization Estimates
================================================================
* Summary: 
+-----------------+---------+-----+--------+--------+-----+
|       Name      | BRAM_18K| DSP |   FF   |   LUT  | URAM|
+-----------------+---------+-----+--------+--------+-----+
|DSP              |        -|    -|       -|       -|    -|
|Expression       |        -|    -|       0|    2587|    -|
|FIFO             |        -|    -|       -|       -|    -|
|Instance         |        -|    -|       -|       -|    -|
|Memory           |        0|    -|     512|      64|    0|
|Multiplexer      |        -|    -|       0|     117|    -|
|Register         |        -|    -|    1052|       -|    -|
+-----------------+---------+-----+--------+--------+-----+
|Total            |        0|    0|    1564|    2768|    0|
+-----------------+---------+-----+--------+--------+-----+
|Available        |      890|  840|  407600|  203800|    0|
+-----------------+---------+-----+--------+--------+-----+
|Utilization (%)  |        0|    0|      ~0|       1|    0|
+-----------------+---------+-----+--------+--------+-----+

+ Detail: 
    * Instance: 
    N/A

    * DSP: 
    N/A

    * Memory: 
    +------------------+----------------------------------------+---------+----+----+-----+------+-----+------+-------------+
    |      Memory      |                 Module                 | BRAM_18K| FF | LUT| URAM| Words| Bits| Banks| W*Bits*Banks|
    +------------------+----------------------------------------+---------+----+----+-----+------+-----+------+-------------+
    |top_row_max_U     |max_pool_2x2_top_row_max_RAM_AUTO_1R1W  |        0|  16|   2|    0|     6|   16|     1|           96|
    |top_row_max_1_U   |max_pool_2x2_top_row_max_RAM_AUTO_1R1W  |        0|  16|   2|    0|     6|   16|     1|           96|
    |top_row_max_2_U   |max_pool_2x2_top_row_max_RAM_AUTO_1R1W  |        0|  16|   2|    0|     6|   16|     1|           96|
    |top_row_max_3_U   |max_pool_2x2_top_row_max_RAM_AUTO_1R1W  |        0|  16|   2|    0|     6|   16|     1|           96|
    |top_row_max_4_U   |max_pool_2x2_top_row_max_RAM_AUTO_1R1W  |        0|  16|   2|    0|     6|   16|     1|           96|
    |top_row_max_5_U   |max_pool_2x2_top_row_max_RAM_AUTO_1R1W  |        0|  16|   2|    0|     6|   16|     1|           96|
    |top_row_max_6_U   |max_pool_2x2_top_row_max_RAM_AUTO_1R1W  |        0|  16|   2|    0|     6|   16|     1|           96|
    |top_row_max_7_U   |max_pool_2x2_top_row_max_RAM_AUTO_1R1W  |        0|  16|   2|    0|     6|   16|     1|           96|
    |top_row_max_8_U   |max_pool_2x2_top_row_max_RAM_AUTO_1R1W  |        0|  16|   2|    0|     6|   16|     1|           96|
    |top_row_max_9_U   |max_pool_2x2_top_row_max_RAM_AUTO_1R1W  |        0|  16|   2|    0|     6|   16|     1|           96|
    |top_row_max_10_U  |max_pool_2x2_top_row_max_RAM_AUTO_1R1W  |        0|  16|   2|    0|     6|   16|     1|           96|
    |top_row_max_11_U  |max_pool_2x2_top_row_max_RAM_AUTO_1R1W  |        0|  16|   2|    0|     6|   16|     1|           96|
    |top_row_max_12_U  |max_pool_2x2_top_row_max_RAM_AUTO_1R1W  |        0|  16|   2|    0|     6|   16|     1|           96|
    |top_row_max_13_U  |max_pool_2x2_top_row_max_RAM_AUTO_1R1W  |        0|  16|   2|    0|     6|   16|     1|           96|
    |top_row_max_14_U  |max_pool_2x2_top_row_max_RAM_AUTO_1R1W  |        0|  16|   2|    0|     6|   16|     1|           96|
    |top_row_max_15_U  |max_pool_2x2_top_row_max_RAM_AUTO_1R1W  |        0|  16|   2|    0|     6|   16|     1|           96|
    |top_row_max_16_U  |max_pool_2x2_top_row_max_RAM_AUTO_1R1W  |        0|  16|   2|    0|     6|   16|     1|           96|
    |top_row_max_17_U  |max_pool_2x2_top_row_max_RAM_AUTO_1R1W  |        0|  16|   2|    0|     6|   16|     1|           96|
    |top_row_max_18_U  |max_pool_2x2_top_row_max_RAM_AUTO_1R1W  |        0|  16|   2|    0|     6|   16|     1|           96|
    |top_row_max_19_U  |max_pool_2x2_top_row_max_RAM_AUTO_1R1W  |        0|  16|   2|    0|     6|   16|     1|           96|
    |top_row_max_20_U  |max_pool_2x2_top_row_max_RAM_AUTO_1R1W  |        0|  16|   2|    0|     6|   16|     1|           96|
    |top_row_max_21_U  |max_pool_2x2_top_row_max_RAM_AUTO_1R1W  |        0|  16|   2|    0|     6|   16|     1|           96|
    |top_row_max_22_U  |max_pool_2x2_top_row_max_RAM_AUTO_1R1W  |        0|  16|   2|    0|     6|   16|     1|           96|
    |top_row_max_23_U  |max_pool_2x2_top_row_max_RAM_AUTO_1R1W  |        0|  16|   2|    0|     6|   16|     1|           96|
    |top_row_max_24_U  |max_pool_2x2_top_row_max_RAM_AUTO_1R1W  |        0|  16|   2|    0|     6|   16|     1|           96|
    |top_row_max_25_U  |max_pool_2x2_top_row_max_RAM_AUTO_1R1W  |        0|  16|   2|    0|     6|   16|     1|           96|
    |top_row_max_26_U  |max_pool_2x2_top_row_max_RAM_AUTO_1R1W  |        0|  16|   2|    0|     6|   16|     1|           96|
    |top_row_max_27_U  |max_pool_2x2_top_row_max_RAM_AUTO_1R1W  |        0|  16|   2|    0|     6|   16|     1|           96|
    |top_row_max_28_U  |max_pool_2x2_top_row_max_RAM_AUTO_1R1W  |        0|  16|   2|    0|     6|   16|     1|           96|
    |top_row_max_29_U  |max_pool_2x2_top_row_max_RAM_AUTO_1R1W  |        0|  16|   2|    0|     6|   16|     1|           96|
    |top_row_max_30_U  |max_pool_2x2_top_row_max_RAM_AUTO_1R1W  |        0|  16|   2|    0|     6|   16|     1|           96|
    |top_row_max_31_U  |max_pool_2x2_top_row_max_RAM_AUTO_1R1W  |        0|  16|   2|    0|     6|   16|     1|           96|
    +------------------+----------------------------------------+---------+----+----+-----+------+-----+------+-------------+
    |Total             |                                        |        0| 512|  64|    0|   192|  512|    32|         3072|
    +------------------+----------------------------------------+---------+----+----+-----+------+-----+------+-------------+

    * FIFO: 
    N/A

    * Expression: 
    +----------------------------------+----------+----+---+----+------------+------------+
    |           Variable Name          | Operation| DSP| FF| LUT| Bitwidth P0| Bitwidth P1|
    +----------------------------------+----------+----+---+----+------------+------------+
    |add_ln185_fu_1271_p2              |         +|   0|  0|  15|           8|           1|
    |c_5_fu_2059_p2                    |         +|   0|  0|  13|           4|           1|
    |r_13_fu_2071_p2                   |         +|   0|  0|  13|           4|           1|
    |ap_block_state2_pp0_stage0_iter1  |       and|   0|  0|   2|           1|           1|
    |ap_condition_1895                 |       and|   0|  0|   2|           1|           1|
    |ap_condition_230                  |       and|   0|  0|   2|           1|           1|
    |ap_predicate_op464_write_state2   |       and|   0|  0|   2|           1|           1|
    |icmp_ln185_fu_2077_p2             |      icmp|   0|  0|  15|           8|           8|
    |icmp_ln189_fu_2065_p2             |      icmp|   0|  0|  13|           4|           4|
    |icmp_ln202_10_fu_1683_p2          |      icmp|   0|  0|  23|          16|          16|
    |icmp_ln202_11_fu_1698_p2          |      icmp|   0|  0|  23|          16|          16|
    |icmp_ln202_12_fu_1713_p2          |      icmp|   0|  0|  23|          16|          16|
    |icmp_ln202_13_fu_1728_p2          |      icmp|   0|  0|  23|          16|          16|
    |icmp_ln202_14_fu_1743_p2          |      icmp|   0|  0|  23|          16|          16|
    |icmp_ln202_15_fu_1758_p2          |      icmp|   0|  0|  23|          16|          16|
    |icmp_ln202_16_fu_1773_p2          |      icmp|   0|  0|  23|          16|          16|
    |icmp_ln202_17_fu_1788_p2          |      icmp|   0|  0|  23|          16|          16|
    |icmp_ln202_18_fu_1803_p2          |      icmp|   0|  0|  23|          16|          16|
    |icmp_ln202_19_fu_1818_p2          |      icmp|   0|  0|  23|          16|          16|
    |icmp_ln202_1_fu_1548_p2           |      icmp|   0|  0|  23|          16|          16|
    |icmp_ln202_20_fu_1833_p2          |      icmp|   0|  0|  23|          16|          16|
    |icmp_ln202_21_fu_1848_p2          |      icmp|   0|  0|  23|          16|          16|
    |icmp_ln202_22_fu_1863_p2          |      icmp|   0|  0|  23|          16|          16|
    |icmp_ln202_23_fu_1878_p2          |      icmp|   0|  0|  23|          16|          16|
    |icmp_ln202_24_fu_1893_p2          |      icmp|   0|  0|  23|          16|          16|
    |icmp_ln202_25_fu_1908_p2          |      icmp|   0|  0|  23|          16|          16|
    |icmp_ln202_26_fu_1923_p2          |      icmp|   0|  0|  23|          16|          16|
    |icmp_ln202_27_fu_1938_p2          |      icmp|   0|  0|  23|          16|          16|
    |icmp_ln202_28_fu_1953_p2          |      icmp|   0|  0|  23|          16|          16|
    |icmp_ln202_29_fu_1968_p2          |      icmp|   0|  0|  23|          16|          16|
    |icmp_ln202_2_fu_1563_p2           |      icmp|   0|  0|  23|          16|          16|
    |icmp_ln202_30_fu_1983_p2          |      icmp|   0|  0|  23|          16|          16|
    |icmp_ln202_31_fu_1998_p2          |      icmp|   0|  0|  23|          16|          16|
    |icmp_ln202_3_fu_1578_p2           |      icmp|   0|  0|  23|          16|          16|
    |icmp_ln202_4_fu_1593_p2           |      icmp|   0|  0|  23|          16|          16|
    |icmp_ln202_5_fu_1608_p2           |      icmp|   0|  0|  23|          16|          16|
    |icmp_ln202_6_fu_1623_p2           |      icmp|   0|  0|  23|          16|          16|
    |icmp_ln202_7_fu_1638_p2           |      icmp|   0|  0|  23|          16|          16|
    |icmp_ln202_8_fu_1653_p2           |      icmp|   0|  0|  23|          16|          16|
    |icmp_ln202_9_fu_1668_p2           |      icmp|   0|  0|  23|          16|          16|
    |icmp_ln202_fu_1533_p2             |      icmp|   0|  0|  23|          16|          16|
    |icmp_ln215_10_fu_2223_p2          |      icmp|   0|  0|  23|          16|          16|
    |icmp_ln215_11_fu_2235_p2          |      icmp|   0|  0|  23|          16|          16|
    |icmp_ln215_12_fu_2247_p2          |      icmp|   0|  0|  23|          16|          16|
    |icmp_ln215_13_fu_2259_p2          |      icmp|   0|  0|  23|          16|          16|
    |icmp_ln215_14_fu_2271_p2          |      icmp|   0|  0|  23|          16|          16|
    |icmp_ln215_15_fu_2283_p2          |      icmp|   0|  0|  23|          16|          16|
    |icmp_ln215_16_fu_2295_p2          |      icmp|   0|  0|  23|          16|          16|
    |icmp_ln215_17_fu_2307_p2          |      icmp|   0|  0|  23|          16|          16|
    |icmp_ln215_18_fu_2319_p2          |      icmp|   0|  0|  23|          16|          16|
    |icmp_ln215_19_fu_2331_p2          |      icmp|   0|  0|  23|          16|          16|
    |icmp_ln215_1_fu_2115_p2           |      icmp|   0|  0|  23|          16|          16|
    |icmp_ln215_20_fu_2343_p2          |      icmp|   0|  0|  23|          16|          16|
    |icmp_ln215_21_fu_2355_p2          |      icmp|   0|  0|  23|          16|          16|
    |icmp_ln215_22_fu_2367_p2          |      icmp|   0|  0|  23|          16|          16|
    |icmp_ln215_23_fu_2379_p2          |      icmp|   0|  0|  23|          16|          16|
    |icmp_ln215_24_fu_2391_p2          |      icmp|   0|  0|  23|          16|          16|
    |icmp_ln215_25_fu_2403_p2          |      icmp|   0|  0|  23|          16|          16|
    |icmp_ln215_26_fu_2415_p2          |      icmp|   0|  0|  23|          16|          16|
    |icmp_ln215_27_fu_2427_p2          |      icmp|   0|  0|  23|          16|          16|
    |icmp_ln215_28_fu_2439_p2          |      icmp|   0|  0|  23|          16|          16|
    |icmp_ln215_29_fu_2451_p2          |      icmp|   0|  0|  23|          16|          16|
    |icmp_ln215_2_fu_2127_p2           |      icmp|   0|  0|  23|          16|          16|
    |icmp_ln215_30_fu_2463_p2          |      icmp|   0|  0|  23|          16|          16|
    |icmp_ln215_31_fu_2475_p2          |      icmp|   0|  0|  23|          16|          16|
    |icmp_ln215_3_fu_2139_p2           |      icmp|   0|  0|  23|          16|          16|
    |icmp_ln215_4_fu_2151_p2           |      icmp|   0|  0|  23|          16|          16|
    |icmp_ln215_5_fu_2163_p2           |      icmp|   0|  0|  23|          16|          16|
    |icmp_ln215_6_fu_2175_p2           |      icmp|   0|  0|  23|          16|          16|
    |icmp_ln215_7_fu_2187_p2           |      icmp|   0|  0|  23|          16|          16|
    |icmp_ln215_8_fu_2199_p2           |      icmp|   0|  0|  23|          16|          16|
    |icmp_ln215_9_fu_2211_p2           |      icmp|   0|  0|  23|          16|          16|
    |icmp_ln215_fu_2103_p2             |      icmp|   0|  0|  23|          16|          16|
    |ap_block_pp0_stage0_01001         |        or|   0|  0|   2|           1|           1|
    |ap_block_state1_pp0_stage0_iter0  |        or|   0|  0|   2|           1|           1|
    |h_max_10_fu_1689_p3               |    select|   0|  0|  16|           1|          16|
    |h_max_11_fu_1704_p3               |    select|   0|  0|  16|           1|          16|
    |h_max_12_fu_1719_p3               |    select|   0|  0|  16|           1|          16|
    |h_max_13_fu_1734_p3               |    select|   0|  0|  16|           1|          16|
    |h_max_14_fu_1749_p3               |    select|   0|  0|  16|           1|          16|
    |h_max_15_fu_1764_p3               |    select|   0|  0|  16|           1|          16|
    |h_max_16_fu_1779_p3               |    select|   0|  0|  16|           1|          16|
    |h_max_17_fu_1794_p3               |    select|   0|  0|  16|           1|          16|
    |h_max_18_fu_1809_p3               |    select|   0|  0|  16|           1|          16|
    |h_max_19_fu_1824_p3               |    select|   0|  0|  16|           1|          16|
    |h_max_1_fu_1554_p3                |    select|   0|  0|  16|           1|          16|
    |h_max_20_fu_1839_p3               |    select|   0|  0|  16|           1|          16|
    |h_max_21_fu_1854_p3               |    select|   0|  0|  16|           1|          16|
    |h_max_22_fu_1869_p3               |    select|   0|  0|  16|           1|          16|
    |h_max_23_fu_1884_p3               |    select|   0|  0|  16|           1|          16|
    |h_max_24_fu_1899_p3               |    select|   0|  0|  16|           1|          16|
    |h_max_25_fu_1914_p3               |    select|   0|  0|  16|           1|          16|
    |h_max_26_fu_1929_p3               |    select|   0|  0|  16|           1|          16|
    |h_max_27_fu_1944_p3               |    select|   0|  0|  16|           1|          16|
    |h_max_28_fu_1959_p3               |    select|   0|  0|  16|           1|          16|
    |h_max_29_fu_1974_p3               |    select|   0|  0|  16|           1|          16|
    |h_max_2_fu_1569_p3                |    select|   0|  0|  16|           1|          16|
    |h_max_30_fu_1989_p3               |    select|   0|  0|  16|           1|          16|
    |h_max_31_fu_2004_p3               |    select|   0|  0|  16|           1|          16|
    |h_max_3_fu_1584_p3                |    select|   0|  0|  16|           1|          16|
    |h_max_4_fu_1599_p3                |    select|   0|  0|  16|           1|          16|
    |h_max_5_fu_1614_p3                |    select|   0|  0|  16|           1|          16|
    |h_max_6_fu_1629_p3                |    select|   0|  0|  16|           1|          16|
    |h_max_7_fu_1644_p3                |    select|   0|  0|  16|           1|          16|
    |h_max_8_fu_1659_p3                |    select|   0|  0|  16|           1|          16|
    |h_max_9_fu_1674_p3                |    select|   0|  0|  16|           1|          16|
    |h_max_fu_1539_p3                  |    select|   0|  0|  16|           1|          16|
    |r_12_fu_941_p3                    |    select|   0|  0|   4|           1|           4|
    |select_ln186_fu_933_p3            |    select|   0|  0|   4|           1|           1|
    |select_ln215_10_fu_2228_p3        |    select|   0|  0|  16|           1|          16|
    |select_ln215_11_fu_2240_p3        |    select|   0|  0|  16|           1|          16|
    |select_ln215_12_fu_2252_p3        |    select|   0|  0|  16|           1|          16|
    |select_ln215_13_fu_2264_p3        |    select|   0|  0|  16|           1|          16|
    |select_ln215_14_fu_2276_p3        |    select|   0|  0|  16|           1|          16|
    |select_ln215_15_fu_2288_p3        |    select|   0|  0|  16|           1|          16|
    |select_ln215_16_fu_2300_p3        |    select|   0|  0|  16|           1|          16|
    |select_ln215_17_fu_2312_p3        |    select|   0|  0|  16|           1|          16|
    |select_ln215_18_fu_2324_p3        |    select|   0|  0|  16|           1|          16|
    |select_ln215_19_fu_2336_p3        |    select|   0|  0|  16|           1|          16|
    |select_ln215_1_fu_2120_p3         |    select|   0|  0|  16|           1|          16|
    |select_ln215_20_fu_2348_p3        |    select|   0|  0|  16|           1|          16|
    |select_ln215_21_fu_2360_p3        |    select|   0|  0|  16|           1|          16|
    |select_ln215_22_fu_2372_p3        |    select|   0|  0|  16|           1|          16|
    |select_ln215_23_fu_2384_p3        |    select|   0|  0|  16|           1|          16|
    |select_ln215_24_fu_2396_p3        |    select|   0|  0|  16|           1|          16|
    |select_ln215_25_fu_2408_p3        |    select|   0|  0|  16|           1|          16|
    |select_ln215_26_fu_2420_p3        |    select|   0|  0|  16|           1|          16|
    |select_ln215_27_fu_2432_p3        |    select|   0|  0|  16|           1|          16|
    |select_ln215_28_fu_2444_p3        |    select|   0|  0|  16|           1|          16|
    |select_ln215_29_fu_2456_p3        |    select|   0|  0|  16|           1|          16|
    |select_ln215_2_fu_2132_p3         |    select|   0|  0|  16|           1|          16|
    |select_ln215_30_fu_2468_p3        |    select|   0|  0|  16|           1|          16|
    |select_ln215_31_fu_2480_p3        |    select|   0|  0|  16|           1|          16|
    |select_ln215_3_fu_2144_p3         |    select|   0|  0|  16|           1|          16|
    |select_ln215_4_fu_2156_p3         |    select|   0|  0|  16|           1|          16|
    |select_ln215_5_fu_2168_p3         |    select|   0|  0|  16|           1|          16|
    |select_ln215_6_fu_2180_p3         |    select|   0|  0|  16|           1|          16|
    |select_ln215_7_fu_2192_p3         |    select|   0|  0|  16|           1|          16|
    |select_ln215_8_fu_2204_p3         |    select|   0|  0|  16|           1|          16|
    |select_ln215_9_fu_2216_p3         |    select|   0|  0|  16|           1|          16|
    |select_ln215_fu_2108_p3           |    select|   0|  0|  16|           1|          16|
    |ap_enable_pp0                     |       xor|   0|  0|   2|           1|           2|
    +----------------------------------+----------+----+---+----+------------+------------+
    |Total                             |          |   0|  0|2587|        1125|        2076|
    +----------------------------------+----------+----+---+----+------------+------------+

    * Multiplexer: 
    +-----------------------------------------+----+-----------+-----+-----------+
    |                   Name                  | LUT| Input Size| Bits| Total Bits|
    +-----------------------------------------+----+-----------+-----+-----------+
    |ap_done_int                              |   9|          2|    1|          2|
    |ap_loop_exit_ready_pp0_iter1_reg         |   9|          2|    1|          2|
    |ap_phi_mux_icmp_ln189225_phi_fu_894_p4   |   9|          2|    1|          2|
    |ap_sig_allocacmp_c_4                     |   9|          2|    4|          8|
    |ap_sig_allocacmp_indvar_flatten190_load  |   9|          2|    8|         16|
    |ap_sig_allocacmp_r_10                    |   9|          2|    4|          8|
    |ap_sig_allocacmp_r_11                    |   9|          2|    4|          8|
    |c_fu_198                                 |   9|          2|    4|          8|
    |indvar_flatten190_fu_190                 |   9|          2|    8|         16|
    |r_8_fu_202                               |   9|          2|    4|          8|
    |r_fu_194                                 |   9|          2|    4|          8|
    |s_add_out_blk_n                          |   9|          2|    1|          2|
    |s_pool_out_blk_n                         |   9|          2|    1|          2|
    +-----------------------------------------+----+-----------+-----+-----------+
    |Total                                    | 117|         26|   45|         90|
    +-----------------------------------------+----+-----------+-----+-----------+

    * Register: 
    +----------------------------------+----+----+-----+-----------+
    |               Name               | FF | LUT| Bits| Const Bits|
    +----------------------------------+----+----+-----+-----------+
    |ap_CS_fsm                         |   1|   0|    1|          0|
    |ap_done_reg                       |   1|   0|    1|          0|
    |ap_enable_reg_pp0_iter1           |   1|   0|    1|          0|
    |ap_loop_exit_ready_pp0_iter1_reg  |   1|   0|    1|          0|
    |c_fu_198                          |   4|   0|    4|          0|
    |h_max_10_reg_2844                 |  16|   0|   16|          0|
    |h_max_11_reg_2850                 |  16|   0|   16|          0|
    |h_max_12_reg_2856                 |  16|   0|   16|          0|
    |h_max_13_reg_2862                 |  16|   0|   16|          0|
    |h_max_14_reg_2868                 |  16|   0|   16|          0|
    |h_max_15_reg_2874                 |  16|   0|   16|          0|
    |h_max_16_reg_2880                 |  16|   0|   16|          0|
    |h_max_17_reg_2886                 |  16|   0|   16|          0|
    |h_max_18_reg_2892                 |  16|   0|   16|          0|
    |h_max_19_reg_2898                 |  16|   0|   16|          0|
    |h_max_1_reg_2790                  |  16|   0|   16|          0|
    |h_max_20_reg_2904                 |  16|   0|   16|          0|
    |h_max_21_reg_2910                 |  16|   0|   16|          0|
    |h_max_22_reg_2916                 |  16|   0|   16|          0|
    |h_max_23_reg_2922                 |  16|   0|   16|          0|
    |h_max_24_reg_2928                 |  16|   0|   16|          0|
    |h_max_25_reg_2934                 |  16|   0|   16|          0|
    |h_max_26_reg_2940                 |  16|   0|   16|          0|
    |h_max_27_reg_2946                 |  16|   0|   16|          0|
    |h_max_28_reg_2952                 |  16|   0|   16|          0|
    |h_max_29_reg_2958                 |  16|   0|   16|          0|
    |h_max_2_reg_2796                  |  16|   0|   16|          0|
    |h_max_30_reg_2964                 |  16|   0|   16|          0|
    |h_max_31_reg_2970                 |  16|   0|   16|          0|
    |h_max_3_reg_2802                  |  16|   0|   16|          0|
    |h_max_4_reg_2808                  |  16|   0|   16|          0|
    |h_max_5_reg_2814                  |  16|   0|   16|          0|
    |h_max_6_reg_2820                  |  16|   0|   16|          0|
    |h_max_7_reg_2826                  |  16|   0|   16|          0|
    |h_max_8_reg_2832                  |  16|   0|   16|          0|
    |h_max_9_reg_2838                  |  16|   0|   16|          0|
    |h_max_reg_2784                    |  16|   0|   16|          0|
    |icmp_ln185_reg_3141               |   1|   0|    1|          0|
    |icmp_ln189_reg_3136               |   1|   0|    1|          0|
    |indvar_flatten190_fu_190          |   8|   0|    8|          0|
    |p_0_0_0_0_02223_fu_330            |  16|   0|   16|          0|
    |p_0_10_0_0_022213_fu_290          |  16|   0|   16|          0|
    |p_0_11_0_0_024212_fu_286          |  16|   0|   16|          0|
    |p_0_12_0_0_026211_fu_282          |  16|   0|   16|          0|
    |p_0_13_0_0_028210_fu_278          |  16|   0|   16|          0|
    |p_0_14_0_0_030209_fu_274          |  16|   0|   16|          0|
    |p_0_15_0_0_032208_fu_270          |  16|   0|   16|          0|
    |p_0_16_0_0_034207_fu_266          |  16|   0|   16|          0|
    |p_0_17_0_0_036206_fu_262          |  16|   0|   16|          0|
    |p_0_18_0_0_038205_fu_258          |  16|   0|   16|          0|
    |p_0_19_0_0_040204_fu_254          |  16|   0|   16|          0|
    |p_0_1_0_0_04222_fu_326            |  16|   0|   16|          0|
    |p_0_20_0_0_042203_fu_250          |  16|   0|   16|          0|
    |p_0_21_0_0_044202_fu_246          |  16|   0|   16|          0|
    |p_0_22_0_0_046201_fu_242          |  16|   0|   16|          0|
    |p_0_23_0_0_048200_fu_238          |  16|   0|   16|          0|
    |p_0_24_0_0_050199_fu_234          |  16|   0|   16|          0|
    |p_0_25_0_0_052198_fu_230          |  16|   0|   16|          0|
    |p_0_26_0_0_054197_fu_226          |  16|   0|   16|          0|
    |p_0_27_0_0_056196_fu_222          |  16|   0|   16|          0|
    |p_0_28_0_0_058195_fu_218          |  16|   0|   16|          0|
    |p_0_29_0_0_060194_fu_214          |  16|   0|   16|          0|
    |p_0_2_0_0_06221_fu_322            |  16|   0|   16|          0|
    |p_0_30_0_0_062193_fu_210          |  16|   0|   16|          0|
    |p_0_31_0_0_064192_fu_206          |  16|   0|   16|          0|
    |p_0_3_0_0_08220_fu_318            |  16|   0|   16|          0|
    |p_0_4_0_0_010219_fu_314           |  16|   0|   16|          0|
    |p_0_5_0_0_012218_fu_310           |  16|   0|   16|          0|
    |p_0_6_0_0_014217_fu_306           |  16|   0|   16|          0|
    |p_0_7_0_0_016216_fu_302           |  16|   0|   16|          0|
    |p_0_8_0_0_018215_fu_298           |  16|   0|   16|          0|
    |p_0_9_0_0_020214_fu_294           |  16|   0|   16|          0|
    |r_8_fu_202                        |   4|   0|    4|          0|
    |r_fu_194                          |   4|   0|    4|          0|
    |trunc_ln185_reg_2776              |   1|   0|    1|          0|
    |trunc_ln189_reg_2780              |   1|   0|    1|          0|
    +----------------------------------+----+----+-----+-----------+
    |Total                             |1052|   0| 1052|          0|
    +----------------------------------+----+----+-----+-----------+



================================================================
== Interface
================================================================
* Summary: 
+---------------------------+-----+-----+------------+--------------+--------------+
|         RTL Ports         | Dir | Bits|  Protocol  | Source Object|    C Type    |
+---------------------------+-----+-----+------------+--------------+--------------+
|ap_clk                     |   in|    1|  ap_ctrl_hs|  max_pool_2x2|  return value|
|ap_rst                     |   in|    1|  ap_ctrl_hs|  max_pool_2x2|  return value|
|ap_start                   |   in|    1|  ap_ctrl_hs|  max_pool_2x2|  return value|
|ap_done                    |  out|    1|  ap_ctrl_hs|  max_pool_2x2|  return value|
|ap_continue                |   in|    1|  ap_ctrl_hs|  max_pool_2x2|  return value|
|ap_idle                    |  out|    1|  ap_ctrl_hs|  max_pool_2x2|  return value|
|ap_ready                   |  out|    1|  ap_ctrl_hs|  max_pool_2x2|  return value|
|s_add_out_dout             |   in|  512|     ap_fifo|     s_add_out|       pointer|
|s_add_out_empty_n          |   in|    1|     ap_fifo|     s_add_out|       pointer|
|s_add_out_read             |  out|    1|     ap_fifo|     s_add_out|       pointer|
|s_add_out_num_data_valid   |   in|    3|     ap_fifo|     s_add_out|       pointer|
|s_add_out_fifo_cap         |   in|    3|     ap_fifo|     s_add_out|       pointer|
|s_pool_out_din             |  out|  512|     ap_fifo|    s_pool_out|       pointer|
|s_pool_out_full_n          |   in|    1|     ap_fifo|    s_pool_out|       pointer|
|s_pool_out_write           |  out|    1|     ap_fifo|    s_pool_out|       pointer|
|s_pool_out_num_data_valid  |   in|   32|     ap_fifo|    s_pool_out|       pointer|
|s_pool_out_fifo_cap        |   in|   32|     ap_fifo|    s_pool_out|       pointer|
+---------------------------+-----+-----+------------+--------------+--------------+

