

================================================================
== Vitis HLS Report for 'task_detection_accel_Pipeline_VITIS_LOOP_97_8'
================================================================
* Date:           Mon Jun 15 23:15:15 2026

* Version:        2025.2 (Build 6295257 on Nov 14 2025)
* Project:        tpu_integrated_accel
* Solution:       hls (Vivado IP Flow Target)
* Product family: kintex7
* Target device:  xc7k325t-ffg900-2


================================================================
== Performance Estimates
================================================================
+ Timing: 
    * Summary: 
    +--------+----------+----------+------------+
    |  Clock |  Target  | Estimated| Uncertainty|
    +--------+----------+----------+------------+
    |ap_clk  |  10.00 ns|  4.456 ns|     2.70 ns|
    +--------+----------+----------+------------+

+ Latency: 
    * Summary: 
    +---------+---------+----------+----------+-----+-----+-------------------+
    |  Latency (cycles) |  Latency (absolute) |  Interval |      Pipeline     |
    |   min   |   max   |    min   |    max   | min | max |        Type       |
    +---------+---------+----------+----------+-----+-----+-------------------+
    |       10|       10|  0.100 us|  0.100 us|    0|    0|  loop pipeline stp|
    +---------+---------+----------+----------+-----+-----+-------------------+

    + Detail: 
        * Instance: 
        N/A

        * Loop: 
        +-------------------+---------+---------+----------+-----------+-----------+------+----------+
        |                   |  Latency (cycles) | Iteration|  Initiation Interval  | Trip |          |
        |     Loop Name     |   min   |   max   |  Latency |  achieved |   target  | Count| Pipelined|
        +-------------------+---------+---------+----------+-----------+-----------+------+----------+
        |- VITIS_LOOP_97_8  |        8|        8|         2|          1|          1|     8|       yes|
        +-------------------+---------+---------+----------+-----------+-----------+------+----------+



================================================================
== Utilization Estimates
================================================================
* Summary: 
+-----------------+---------+-----+--------+--------+-----+
|       Name      | BRAM_18K| DSP |   FF   |   LUT  | URAM|
+-----------------+---------+-----+--------+--------+-----+
|DSP              |        -|    -|       -|       -|    -|
|Expression       |        -|    -|       0|      62|    -|
|FIFO             |        -|    -|       -|       -|    -|
|Instance         |        -|    -|       -|       -|    -|
|Memory           |        -|    -|       -|       -|    -|
|Multiplexer      |        -|    -|       0|      36|    -|
|Register         |        -|    -|     270|       -|    -|
+-----------------+---------+-----+--------+--------+-----+
|Total            |        0|    0|     270|      98|    0|
+-----------------+---------+-----+--------+--------+-----+
|Available        |      890|  840|  407600|  203800|    0|
+-----------------+---------+-----+--------+--------+-----+
|Utilization (%)  |        0|    0|      ~0|      ~0|    0|
+-----------------+---------+-----+--------+--------+-----+

+ Detail: 
    * Instance: 
    N/A

    * DSP: 
    N/A

    * Memory: 
    N/A

    * FIFO: 
    N/A

    * Expression: 
    +----------------------+----------+----+---+----+------------+------------+
    |     Variable Name    | Operation| DSP| FF| LUT| Bitwidth P0| Bitwidth P1|
    +----------------------+----------+----+---+----+------------+------------+
    |add_ln97_fu_1063_p2   |         +|   0|  0|  13|           4|           1|
    |add_ln98_fu_1099_p2   |         +|   0|  0|  15|           8|           8|
    |add_ln99_fu_1073_p2   |         +|   0|  0|  19|          12|          12|
    |icmp_ln97_fu_1057_p2  |      icmp|   0|  0|  13|           4|           5|
    |ap_enable_pp0         |       xor|   0|  0|   2|           1|           2|
    +----------------------+----------+----+---+----+------------+------------+
    |Total                 |          |   0|  0|  62|          29|          28|
    +----------------------+----------+----+---+----+------------+------------+

    * Multiplexer: 
    +-------------------------+----+-----------+-----+-----------+
    |           Name          | LUT| Input Size| Bits| Total Bits|
    +-------------------------+----+-----------+-----+-----------+
    |ap_done_int              |   9|          2|    1|          2|
    |ap_enable_reg_pp0_iter1  |   9|          2|    1|          2|
    |ap_sig_allocacmp_i_4     |   9|          2|    4|          8|
    |i_fu_198                 |   9|          2|    4|          8|
    +-------------------------+----+-----------+-----+-----------+
    |Total                    |  36|          8|   10|         20|
    +-------------------------+----+-----------+-----+-----------+

    * Register: 
    +-------------------------+---+----+-----+-----------+
    |           Name          | FF| LUT| Bits| Const Bits|
    +-------------------------+---+----+-----+-----------+
    |ap_CS_fsm                |  1|   0|    1|          0|
    |ap_done_reg              |  1|   0|    1|          0|
    |ap_enable_reg_pp0_iter1  |  1|   0|    1|          0|
    |i_4_reg_2104             |  4|   0|    4|          0|
    |i_fu_198                 |  4|   0|    4|          0|
    |trunc_ln97_reg_2152      |  3|   0|    3|          0|
    |w_tile_135_073_fu_454    |  4|   0|    4|          0|
    |w_tile_136_072_fu_450    |  4|   0|    4|          0|
    |w_tile_137_071_fu_446    |  4|   0|    4|          0|
    |w_tile_138_070_fu_442    |  4|   0|    4|          0|
    |w_tile_139_069_fu_438    |  4|   0|    4|          0|
    |w_tile_140_068_fu_434    |  4|   0|    4|          0|
    |w_tile_141_067_fu_430    |  4|   0|    4|          0|
    |w_tile_142_066_fu_426    |  4|   0|    4|          0|
    |w_tile_143_065_fu_422    |  4|   0|    4|          0|
    |w_tile_144_064_fu_418    |  4|   0|    4|          0|
    |w_tile_145_063_fu_414    |  4|   0|    4|          0|
    |w_tile_146_062_fu_410    |  4|   0|    4|          0|
    |w_tile_147_061_fu_406    |  4|   0|    4|          0|
    |w_tile_148_060_fu_402    |  4|   0|    4|          0|
    |w_tile_149_059_fu_398    |  4|   0|    4|          0|
    |w_tile_150_058_fu_394    |  4|   0|    4|          0|
    |w_tile_151_057_fu_390    |  4|   0|    4|          0|
    |w_tile_152_056_fu_386    |  4|   0|    4|          0|
    |w_tile_153_055_fu_382    |  4|   0|    4|          0|
    |w_tile_154_054_fu_378    |  4|   0|    4|          0|
    |w_tile_155_053_fu_374    |  4|   0|    4|          0|
    |w_tile_156_052_fu_370    |  4|   0|    4|          0|
    |w_tile_157_051_fu_366    |  4|   0|    4|          0|
    |w_tile_158_050_fu_362    |  4|   0|    4|          0|
    |w_tile_159_049_fu_358    |  4|   0|    4|          0|
    |w_tile_160_048_fu_354    |  4|   0|    4|          0|
    |w_tile_161_047_fu_350    |  4|   0|    4|          0|
    |w_tile_162_046_fu_346    |  4|   0|    4|          0|
    |w_tile_163_045_fu_342    |  4|   0|    4|          0|
    |w_tile_164_044_fu_338    |  4|   0|    4|          0|
    |w_tile_165_043_fu_334    |  4|   0|    4|          0|
    |w_tile_166_042_fu_330    |  4|   0|    4|          0|
    |w_tile_167_041_fu_326    |  4|   0|    4|          0|
    |w_tile_168_040_fu_322    |  4|   0|    4|          0|
    |w_tile_169_039_fu_318    |  4|   0|    4|          0|
    |w_tile_170_038_fu_314    |  4|   0|    4|          0|
    |w_tile_171_037_fu_310    |  4|   0|    4|          0|
    |w_tile_172_036_fu_306    |  4|   0|    4|          0|
    |w_tile_173_035_fu_302    |  4|   0|    4|          0|
    |w_tile_174_034_fu_298    |  4|   0|    4|          0|
    |w_tile_175_033_fu_294    |  4|   0|    4|          0|
    |w_tile_176_032_fu_290    |  4|   0|    4|          0|
    |w_tile_177_031_fu_286    |  4|   0|    4|          0|
    |w_tile_178_030_fu_282    |  4|   0|    4|          0|
    |w_tile_179_029_fu_278    |  4|   0|    4|          0|
    |w_tile_180_028_fu_274    |  4|   0|    4|          0|
    |w_tile_181_027_fu_270    |  4|   0|    4|          0|
    |w_tile_182_026_fu_266    |  4|   0|    4|          0|
    |w_tile_183_025_fu_262    |  4|   0|    4|          0|
    |w_tile_184_024_fu_258    |  4|   0|    4|          0|
    |w_tile_185_023_fu_254    |  4|   0|    4|          0|
    |w_tile_186_022_fu_250    |  4|   0|    4|          0|
    |w_tile_187_021_fu_246    |  4|   0|    4|          0|
    |w_tile_188_020_fu_242    |  4|   0|    4|          0|
    |w_tile_189_019_fu_238    |  4|   0|    4|          0|
    |w_tile_190_018_fu_234    |  4|   0|    4|          0|
    |w_tile_191_017_fu_230    |  4|   0|    4|          0|
    |w_tile_192_016_fu_226    |  4|   0|    4|          0|
    |w_tile_193_015_fu_222    |  4|   0|    4|          0|
    |w_tile_194_014_fu_218    |  4|   0|    4|          0|
    |w_tile_195_013_fu_214    |  4|   0|    4|          0|
    |w_tile_196_012_fu_210    |  4|   0|    4|          0|
    |w_tile_197_011_fu_206    |  4|   0|    4|          0|
    |w_tile_198_010_fu_202    |  4|   0|    4|          0|
    +-------------------------+---+----+-----+-----------+
    |Total                    |270|   0|  270|          0|
    +-------------------------+---+----+-----+-----------+



================================================================
== Interface
================================================================
* Summary: 
+-------------------------------------------------------------------------+-----+-----+------------+----------------------------------------------------------------+--------------+
|                                RTL Ports                                | Dir | Bits|  Protocol  |                          Source Object                         |    C Type    |
+-------------------------------------------------------------------------+-----+-----+------------+----------------------------------------------------------------+--------------+
|ap_clk                                                                   |   in|    1|  ap_ctrl_hs|                   task_detection_accel_Pipeline_VITIS_LOOP_97_8|  return value|
|ap_rst                                                                   |   in|    1|  ap_ctrl_hs|                   task_detection_accel_Pipeline_VITIS_LOOP_97_8|  return value|
|ap_start                                                                 |   in|    1|  ap_ctrl_hs|                   task_detection_accel_Pipeline_VITIS_LOOP_97_8|  return value|
|ap_done                                                                  |  out|    1|  ap_ctrl_hs|                   task_detection_accel_Pipeline_VITIS_LOOP_97_8|  return value|
|ap_idle                                                                  |  out|    1|  ap_ctrl_hs|                   task_detection_accel_Pipeline_VITIS_LOOP_97_8|  return value|
|ap_ready                                                                 |  out|    1|  ap_ctrl_hs|                   task_detection_accel_Pipeline_VITIS_LOOP_97_8|  return value|
|empty                                                                    |   in|   12|     ap_none|                                                           empty|        scalar|
|shl_ln2                                                                  |   in|    8|     ap_none|                                                         shl_ln2|        scalar|
|l1_out_address0                                                          |  out|    8|   ap_memory|                                                          l1_out|         array|
|l1_out_ce0                                                               |  out|    1|   ap_memory|                                                          l1_out|         array|
|l1_out_q0                                                                |   in|   16|   ap_memory|                                                          l1_out|         array|
|x_tile_1_address0                                                        |  out|    3|   ap_memory|                                                        x_tile_1|         array|
|x_tile_1_ce0                                                             |  out|    1|   ap_memory|                                                        x_tile_1|         array|
|x_tile_1_we0                                                             |  out|    1|   ap_memory|                                                        x_tile_1|         array|
|x_tile_1_d0                                                              |  out|   16|   ap_memory|                                                        x_tile_1|         array|
|w_tile_135_load_out                                                      |  out|    4|      ap_vld|                                             w_tile_135_load_out|       pointer|
|w_tile_135_load_out_ap_vld                                               |  out|    1|      ap_vld|                                             w_tile_135_load_out|       pointer|
|w_tile_136_load_out                                                      |  out|    4|      ap_vld|                                             w_tile_136_load_out|       pointer|
|w_tile_136_load_out_ap_vld                                               |  out|    1|      ap_vld|                                             w_tile_136_load_out|       pointer|
|w_tile_137_load_out                                                      |  out|    4|      ap_vld|                                             w_tile_137_load_out|       pointer|
|w_tile_137_load_out_ap_vld                                               |  out|    1|      ap_vld|                                             w_tile_137_load_out|       pointer|
|w_tile_138_load_out                                                      |  out|    4|      ap_vld|                                             w_tile_138_load_out|       pointer|
|w_tile_138_load_out_ap_vld                                               |  out|    1|      ap_vld|                                             w_tile_138_load_out|       pointer|
|w_tile_139_load_out                                                      |  out|    4|      ap_vld|                                             w_tile_139_load_out|       pointer|
|w_tile_139_load_out_ap_vld                                               |  out|    1|      ap_vld|                                             w_tile_139_load_out|       pointer|
|w_tile_140_load_out                                                      |  out|    4|      ap_vld|                                             w_tile_140_load_out|       pointer|
|w_tile_140_load_out_ap_vld                                               |  out|    1|      ap_vld|                                             w_tile_140_load_out|       pointer|
|w_tile_141_load_out                                                      |  out|    4|      ap_vld|                                             w_tile_141_load_out|       pointer|
|w_tile_141_load_out_ap_vld                                               |  out|    1|      ap_vld|                                             w_tile_141_load_out|       pointer|
|w_tile_142_load_out                                                      |  out|    4|      ap_vld|                                             w_tile_142_load_out|       pointer|
|w_tile_142_load_out_ap_vld                                               |  out|    1|      ap_vld|                                             w_tile_142_load_out|       pointer|
|w_tile_143_load_out                                                      |  out|    4|      ap_vld|                                             w_tile_143_load_out|       pointer|
|w_tile_143_load_out_ap_vld                                               |  out|    1|      ap_vld|                                             w_tile_143_load_out|       pointer|
|w_tile_144_load_out                                                      |  out|    4|      ap_vld|                                             w_tile_144_load_out|       pointer|
|w_tile_144_load_out_ap_vld                                               |  out|    1|      ap_vld|                                             w_tile_144_load_out|       pointer|
|w_tile_145_load_out                                                      |  out|    4|      ap_vld|                                             w_tile_145_load_out|       pointer|
|w_tile_145_load_out_ap_vld                                               |  out|    1|      ap_vld|                                             w_tile_145_load_out|       pointer|
|w_tile_146_load_out                                                      |  out|    4|      ap_vld|                                             w_tile_146_load_out|       pointer|
|w_tile_146_load_out_ap_vld                                               |  out|    1|      ap_vld|                                             w_tile_146_load_out|       pointer|
|w_tile_147_load_out                                                      |  out|    4|      ap_vld|                                             w_tile_147_load_out|       pointer|
|w_tile_147_load_out_ap_vld                                               |  out|    1|      ap_vld|                                             w_tile_147_load_out|       pointer|
|w_tile_148_load_out                                                      |  out|    4|      ap_vld|                                             w_tile_148_load_out|       pointer|
|w_tile_148_load_out_ap_vld                                               |  out|    1|      ap_vld|                                             w_tile_148_load_out|       pointer|
|w_tile_149_load_out                                                      |  out|    4|      ap_vld|                                             w_tile_149_load_out|       pointer|
|w_tile_149_load_out_ap_vld                                               |  out|    1|      ap_vld|                                             w_tile_149_load_out|       pointer|
|w_tile_150_load_out                                                      |  out|    4|      ap_vld|                                             w_tile_150_load_out|       pointer|
|w_tile_150_load_out_ap_vld                                               |  out|    1|      ap_vld|                                             w_tile_150_load_out|       pointer|
|w_tile_151_load_out                                                      |  out|    4|      ap_vld|                                             w_tile_151_load_out|       pointer|
|w_tile_151_load_out_ap_vld                                               |  out|    1|      ap_vld|                                             w_tile_151_load_out|       pointer|
|w_tile_152_load_out                                                      |  out|    4|      ap_vld|                                             w_tile_152_load_out|       pointer|
|w_tile_152_load_out_ap_vld                                               |  out|    1|      ap_vld|                                             w_tile_152_load_out|       pointer|
|w_tile_153_load_out                                                      |  out|    4|      ap_vld|                                             w_tile_153_load_out|       pointer|
|w_tile_153_load_out_ap_vld                                               |  out|    1|      ap_vld|                                             w_tile_153_load_out|       pointer|
|w_tile_154_load_out                                                      |  out|    4|      ap_vld|                                             w_tile_154_load_out|       pointer|
|w_tile_154_load_out_ap_vld                                               |  out|    1|      ap_vld|                                             w_tile_154_load_out|       pointer|
|w_tile_155_load_out                                                      |  out|    4|      ap_vld|                                             w_tile_155_load_out|       pointer|
|w_tile_155_load_out_ap_vld                                               |  out|    1|      ap_vld|                                             w_tile_155_load_out|       pointer|
|w_tile_156_load_out                                                      |  out|    4|      ap_vld|                                             w_tile_156_load_out|       pointer|
|w_tile_156_load_out_ap_vld                                               |  out|    1|      ap_vld|                                             w_tile_156_load_out|       pointer|
|w_tile_157_load_out                                                      |  out|    4|      ap_vld|                                             w_tile_157_load_out|       pointer|
|w_tile_157_load_out_ap_vld                                               |  out|    1|      ap_vld|                                             w_tile_157_load_out|       pointer|
|w_tile_158_load_out                                                      |  out|    4|      ap_vld|                                             w_tile_158_load_out|       pointer|
|w_tile_158_load_out_ap_vld                                               |  out|    1|      ap_vld|                                             w_tile_158_load_out|       pointer|
|w_tile_159_load_out                                                      |  out|    4|      ap_vld|                                             w_tile_159_load_out|       pointer|
|w_tile_159_load_out_ap_vld                                               |  out|    1|      ap_vld|                                             w_tile_159_load_out|       pointer|
|w_tile_160_load_out                                                      |  out|    4|      ap_vld|                                             w_tile_160_load_out|       pointer|
|w_tile_160_load_out_ap_vld                                               |  out|    1|      ap_vld|                                             w_tile_160_load_out|       pointer|
|w_tile_161_load_out                                                      |  out|    4|      ap_vld|                                             w_tile_161_load_out|       pointer|
|w_tile_161_load_out_ap_vld                                               |  out|    1|      ap_vld|                                             w_tile_161_load_out|       pointer|
|w_tile_162_load_out                                                      |  out|    4|      ap_vld|                                             w_tile_162_load_out|       pointer|
|w_tile_162_load_out_ap_vld                                               |  out|    1|      ap_vld|                                             w_tile_162_load_out|       pointer|
|w_tile_163_load_out                                                      |  out|    4|      ap_vld|                                             w_tile_163_load_out|       pointer|
|w_tile_163_load_out_ap_vld                                               |  out|    1|      ap_vld|                                             w_tile_163_load_out|       pointer|
|w_tile_164_load_out                                                      |  out|    4|      ap_vld|                                             w_tile_164_load_out|       pointer|
|w_tile_164_load_out_ap_vld                                               |  out|    1|      ap_vld|                                             w_tile_164_load_out|       pointer|
|w_tile_165_load_out                                                      |  out|    4|      ap_vld|                                             w_tile_165_load_out|       pointer|
|w_tile_165_load_out_ap_vld                                               |  out|    1|      ap_vld|                                             w_tile_165_load_out|       pointer|
|w_tile_166_load_out                                                      |  out|    4|      ap_vld|                                             w_tile_166_load_out|       pointer|
|w_tile_166_load_out_ap_vld                                               |  out|    1|      ap_vld|                                             w_tile_166_load_out|       pointer|
|w_tile_167_load_out                                                      |  out|    4|      ap_vld|                                             w_tile_167_load_out|       pointer|
|w_tile_167_load_out_ap_vld                                               |  out|    1|      ap_vld|                                             w_tile_167_load_out|       pointer|
|w_tile_168_load_out                                                      |  out|    4|      ap_vld|                                             w_tile_168_load_out|       pointer|
|w_tile_168_load_out_ap_vld                                               |  out|    1|      ap_vld|                                             w_tile_168_load_out|       pointer|
|w_tile_169_load_out                                                      |  out|    4|      ap_vld|                                             w_tile_169_load_out|       pointer|
|w_tile_169_load_out_ap_vld                                               |  out|    1|      ap_vld|                                             w_tile_169_load_out|       pointer|
|w_tile_170_load_out                                                      |  out|    4|      ap_vld|                                             w_tile_170_load_out|       pointer|
|w_tile_170_load_out_ap_vld                                               |  out|    1|      ap_vld|                                             w_tile_170_load_out|       pointer|
|w_tile_171_load_out                                                      |  out|    4|      ap_vld|                                             w_tile_171_load_out|       pointer|
|w_tile_171_load_out_ap_vld                                               |  out|    1|      ap_vld|                                             w_tile_171_load_out|       pointer|
|w_tile_172_load_out                                                      |  out|    4|      ap_vld|                                             w_tile_172_load_out|       pointer|
|w_tile_172_load_out_ap_vld                                               |  out|    1|      ap_vld|                                             w_tile_172_load_out|       pointer|
|w_tile_173_load_out                                                      |  out|    4|      ap_vld|                                             w_tile_173_load_out|       pointer|
|w_tile_173_load_out_ap_vld                                               |  out|    1|      ap_vld|                                             w_tile_173_load_out|       pointer|
|w_tile_174_load_out                                                      |  out|    4|      ap_vld|                                             w_tile_174_load_out|       pointer|
|w_tile_174_load_out_ap_vld                                               |  out|    1|      ap_vld|                                             w_tile_174_load_out|       pointer|
|w_tile_175_load_out                                                      |  out|    4|      ap_vld|                                             w_tile_175_load_out|       pointer|
|w_tile_175_load_out_ap_vld                                               |  out|    1|      ap_vld|                                             w_tile_175_load_out|       pointer|
|w_tile_176_load_out                                                      |  out|    4|      ap_vld|                                             w_tile_176_load_out|       pointer|
|w_tile_176_load_out_ap_vld                                               |  out|    1|      ap_vld|                                             w_tile_176_load_out|       pointer|
|w_tile_177_load_out                                                      |  out|    4|      ap_vld|                                             w_tile_177_load_out|       pointer|
|w_tile_177_load_out_ap_vld                                               |  out|    1|      ap_vld|                                             w_tile_177_load_out|       pointer|
|w_tile_178_load_out                                                      |  out|    4|      ap_vld|                                             w_tile_178_load_out|       pointer|
|w_tile_178_load_out_ap_vld                                               |  out|    1|      ap_vld|                                             w_tile_178_load_out|       pointer|
|w_tile_179_load_out                                                      |  out|    4|      ap_vld|                                             w_tile_179_load_out|       pointer|
|w_tile_179_load_out_ap_vld                                               |  out|    1|      ap_vld|                                             w_tile_179_load_out|       pointer|
|w_tile_180_load_out                                                      |  out|    4|      ap_vld|                                             w_tile_180_load_out|       pointer|
|w_tile_180_load_out_ap_vld                                               |  out|    1|      ap_vld|                                             w_tile_180_load_out|       pointer|
|w_tile_181_load_out                                                      |  out|    4|      ap_vld|                                             w_tile_181_load_out|       pointer|
|w_tile_181_load_out_ap_vld                                               |  out|    1|      ap_vld|                                             w_tile_181_load_out|       pointer|
|w_tile_182_load_out                                                      |  out|    4|      ap_vld|                                             w_tile_182_load_out|       pointer|
|w_tile_182_load_out_ap_vld                                               |  out|    1|      ap_vld|                                             w_tile_182_load_out|       pointer|
|w_tile_183_load_out                                                      |  out|    4|      ap_vld|                                             w_tile_183_load_out|       pointer|
|w_tile_183_load_out_ap_vld                                               |  out|    1|      ap_vld|                                             w_tile_183_load_out|       pointer|
|w_tile_184_load_out                                                      |  out|    4|      ap_vld|                                             w_tile_184_load_out|       pointer|
|w_tile_184_load_out_ap_vld                                               |  out|    1|      ap_vld|                                             w_tile_184_load_out|       pointer|
|w_tile_185_load_out                                                      |  out|    4|      ap_vld|                                             w_tile_185_load_out|       pointer|
|w_tile_185_load_out_ap_vld                                               |  out|    1|      ap_vld|                                             w_tile_185_load_out|       pointer|
|w_tile_186_load_out                                                      |  out|    4|      ap_vld|                                             w_tile_186_load_out|       pointer|
|w_tile_186_load_out_ap_vld                                               |  out|    1|      ap_vld|                                             w_tile_186_load_out|       pointer|
|w_tile_187_load_out                                                      |  out|    4|      ap_vld|                                             w_tile_187_load_out|       pointer|
|w_tile_187_load_out_ap_vld                                               |  out|    1|      ap_vld|                                             w_tile_187_load_out|       pointer|
|w_tile_188_load_out                                                      |  out|    4|      ap_vld|                                             w_tile_188_load_out|       pointer|
|w_tile_188_load_out_ap_vld                                               |  out|    1|      ap_vld|                                             w_tile_188_load_out|       pointer|
|w_tile_189_load_out                                                      |  out|    4|      ap_vld|                                             w_tile_189_load_out|       pointer|
|w_tile_189_load_out_ap_vld                                               |  out|    1|      ap_vld|                                             w_tile_189_load_out|       pointer|
|w_tile_190_load_out                                                      |  out|    4|      ap_vld|                                             w_tile_190_load_out|       pointer|
|w_tile_190_load_out_ap_vld                                               |  out|    1|      ap_vld|                                             w_tile_190_load_out|       pointer|
|w_tile_191_load_out                                                      |  out|    4|      ap_vld|                                             w_tile_191_load_out|       pointer|
|w_tile_191_load_out_ap_vld                                               |  out|    1|      ap_vld|                                             w_tile_191_load_out|       pointer|
|w_tile_192_load_out                                                      |  out|    4|      ap_vld|                                             w_tile_192_load_out|       pointer|
|w_tile_192_load_out_ap_vld                                               |  out|    1|      ap_vld|                                             w_tile_192_load_out|       pointer|
|w_tile_193_load_out                                                      |  out|    4|      ap_vld|                                             w_tile_193_load_out|       pointer|
|w_tile_193_load_out_ap_vld                                               |  out|    1|      ap_vld|                                             w_tile_193_load_out|       pointer|
|w_tile_194_load_out                                                      |  out|    4|      ap_vld|                                             w_tile_194_load_out|       pointer|
|w_tile_194_load_out_ap_vld                                               |  out|    1|      ap_vld|                                             w_tile_194_load_out|       pointer|
|w_tile_195_load_out                                                      |  out|    4|      ap_vld|                                             w_tile_195_load_out|       pointer|
|w_tile_195_load_out_ap_vld                                               |  out|    1|      ap_vld|                                             w_tile_195_load_out|       pointer|
|w_tile_196_load_out                                                      |  out|    4|      ap_vld|                                             w_tile_196_load_out|       pointer|
|w_tile_196_load_out_ap_vld                                               |  out|    1|      ap_vld|                                             w_tile_196_load_out|       pointer|
|w_tile_197_load_out                                                      |  out|    4|      ap_vld|                                             w_tile_197_load_out|       pointer|
|w_tile_197_load_out_ap_vld                                               |  out|    1|      ap_vld|                                             w_tile_197_load_out|       pointer|
|w_tile_198_load_out                                                      |  out|    4|      ap_vld|                                             w_tile_198_load_out|       pointer|
|w_tile_198_load_out_ap_vld                                               |  out|    1|      ap_vld|                                             w_tile_198_load_out|       pointer|
|tpu_layer_2_ap_fixed_16_6_5_3_0_ap_fixed_16_6_5_3_0_weights_address0     |  out|   12|   ap_memory|     tpu_layer_2_ap_fixed_16_6_5_3_0_ap_fixed_16_6_5_3_0_weights|         array|
|tpu_layer_2_ap_fixed_16_6_5_3_0_ap_fixed_16_6_5_3_0_weights_ce0          |  out|    1|   ap_memory|     tpu_layer_2_ap_fixed_16_6_5_3_0_ap_fixed_16_6_5_3_0_weights|         array|
|tpu_layer_2_ap_fixed_16_6_5_3_0_ap_fixed_16_6_5_3_0_weights_q0           |   in|    4|   ap_memory|     tpu_layer_2_ap_fixed_16_6_5_3_0_ap_fixed_16_6_5_3_0_weights|         array|
|tpu_layer_2_ap_fixed_16_6_5_3_0_ap_fixed_16_6_5_3_0_weights_8_address0   |  out|   12|   ap_memory|   tpu_layer_2_ap_fixed_16_6_5_3_0_ap_fixed_16_6_5_3_0_weights_8|         array|
|tpu_layer_2_ap_fixed_16_6_5_3_0_ap_fixed_16_6_5_3_0_weights_8_ce0        |  out|    1|   ap_memory|   tpu_layer_2_ap_fixed_16_6_5_3_0_ap_fixed_16_6_5_3_0_weights_8|         array|
|tpu_layer_2_ap_fixed_16_6_5_3_0_ap_fixed_16_6_5_3_0_weights_8_q0         |   in|    4|   ap_memory|   tpu_layer_2_ap_fixed_16_6_5_3_0_ap_fixed_16_6_5_3_0_weights_8|         array|
|tpu_layer_2_ap_fixed_16_6_5_3_0_ap_fixed_16_6_5_3_0_weights_9_address0   |  out|   12|   ap_memory|   tpu_layer_2_ap_fixed_16_6_5_3_0_ap_fixed_16_6_5_3_0_weights_9|         array|
|tpu_layer_2_ap_fixed_16_6_5_3_0_ap_fixed_16_6_5_3_0_weights_9_ce0        |  out|    1|   ap_memory|   tpu_layer_2_ap_fixed_16_6_5_3_0_ap_fixed_16_6_5_3_0_weights_9|         array|
|tpu_layer_2_ap_fixed_16_6_5_3_0_ap_fixed_16_6_5_3_0_weights_9_q0         |   in|    4|   ap_memory|   tpu_layer_2_ap_fixed_16_6_5_3_0_ap_fixed_16_6_5_3_0_weights_9|         array|
|tpu_layer_2_ap_fixed_16_6_5_3_0_ap_fixed_16_6_5_3_0_weights_10_address0  |  out|   12|   ap_memory|  tpu_layer_2_ap_fixed_16_6_5_3_0_ap_fixed_16_6_5_3_0_weights_10|         array|
|tpu_layer_2_ap_fixed_16_6_5_3_0_ap_fixed_16_6_5_3_0_weights_10_ce0       |  out|    1|   ap_memory|  tpu_layer_2_ap_fixed_16_6_5_3_0_ap_fixed_16_6_5_3_0_weights_10|         array|
|tpu_layer_2_ap_fixed_16_6_5_3_0_ap_fixed_16_6_5_3_0_weights_10_q0        |   in|    4|   ap_memory|  tpu_layer_2_ap_fixed_16_6_5_3_0_ap_fixed_16_6_5_3_0_weights_10|         array|
|tpu_layer_2_ap_fixed_16_6_5_3_0_ap_fixed_16_6_5_3_0_weights_11_address0  |  out|   12|   ap_memory|  tpu_layer_2_ap_fixed_16_6_5_3_0_ap_fixed_16_6_5_3_0_weights_11|         array|
|tpu_layer_2_ap_fixed_16_6_5_3_0_ap_fixed_16_6_5_3_0_weights_11_ce0       |  out|    1|   ap_memory|  tpu_layer_2_ap_fixed_16_6_5_3_0_ap_fixed_16_6_5_3_0_weights_11|         array|
|tpu_layer_2_ap_fixed_16_6_5_3_0_ap_fixed_16_6_5_3_0_weights_11_q0        |   in|    4|   ap_memory|  tpu_layer_2_ap_fixed_16_6_5_3_0_ap_fixed_16_6_5_3_0_weights_11|         array|
|tpu_layer_2_ap_fixed_16_6_5_3_0_ap_fixed_16_6_5_3_0_weights_12_address0  |  out|   12|   ap_memory|  tpu_layer_2_ap_fixed_16_6_5_3_0_ap_fixed_16_6_5_3_0_weights_12|         array|
|tpu_layer_2_ap_fixed_16_6_5_3_0_ap_fixed_16_6_5_3_0_weights_12_ce0       |  out|    1|   ap_memory|  tpu_layer_2_ap_fixed_16_6_5_3_0_ap_fixed_16_6_5_3_0_weights_12|         array|
|tpu_layer_2_ap_fixed_16_6_5_3_0_ap_fixed_16_6_5_3_0_weights_12_q0        |   in|    4|   ap_memory|  tpu_layer_2_ap_fixed_16_6_5_3_0_ap_fixed_16_6_5_3_0_weights_12|         array|
|tpu_layer_2_ap_fixed_16_6_5_3_0_ap_fixed_16_6_5_3_0_weights_13_address0  |  out|   12|   ap_memory|  tpu_layer_2_ap_fixed_16_6_5_3_0_ap_fixed_16_6_5_3_0_weights_13|         array|
|tpu_layer_2_ap_fixed_16_6_5_3_0_ap_fixed_16_6_5_3_0_weights_13_ce0       |  out|    1|   ap_memory|  tpu_layer_2_ap_fixed_16_6_5_3_0_ap_fixed_16_6_5_3_0_weights_13|         array|
|tpu_layer_2_ap_fixed_16_6_5_3_0_ap_fixed_16_6_5_3_0_weights_13_q0        |   in|    4|   ap_memory|  tpu_layer_2_ap_fixed_16_6_5_3_0_ap_fixed_16_6_5_3_0_weights_13|         array|
|tpu_layer_2_ap_fixed_16_6_5_3_0_ap_fixed_16_6_5_3_0_weights_14_address0  |  out|   12|   ap_memory|  tpu_layer_2_ap_fixed_16_6_5_3_0_ap_fixed_16_6_5_3_0_weights_14|         array|
|tpu_layer_2_ap_fixed_16_6_5_3_0_ap_fixed_16_6_5_3_0_weights_14_ce0       |  out|    1|   ap_memory|  tpu_layer_2_ap_fixed_16_6_5_3_0_ap_fixed_16_6_5_3_0_weights_14|         array|
|tpu_layer_2_ap_fixed_16_6_5_3_0_ap_fixed_16_6_5_3_0_weights_14_q0        |   in|    4|   ap_memory|  tpu_layer_2_ap_fixed_16_6_5_3_0_ap_fixed_16_6_5_3_0_weights_14|         array|
+-------------------------------------------------------------------------+-----+-----+------------+----------------------------------------------------------------+--------------+

