

================================================================
== Vitis HLS Report for 'tpu_layer_2_Pipeline_VITIS_LOOP_165_1'
================================================================
* Date:           Tue Jun 16 19:43:25 2026

* Version:        2025.2 (Build 6295257 on Nov 14 2025)
* Project:        tpu_integrated_accel
* Solution:       hls (Vivado IP Flow Target)
* Product family: kintex7
* Target device:  xc7k325t-ffg900-2


================================================================
== Performance Estimates
================================================================
+ Timing: 
    * Summary: 
    +--------+----------+----------+------------+
    |  Clock |  Target  | Estimated| Uncertainty|
    +--------+----------+----------+------------+
    |ap_clk  |  10.00 ns|  3.616 ns|     2.70 ns|
    +--------+----------+----------+------------+

+ Latency: 
    * Summary: 
    +---------+---------+----------+----------+-----+-----+-------------------+
    |  Latency (cycles) |  Latency (absolute) |  Interval |      Pipeline     |
    |   min   |   max   |    min   |    max   | min | max |        Type       |
    +---------+---------+----------+----------+-----+-----+-------------------+
    |      258|      258|  2.580 us|  2.580 us|    0|    0|  loop pipeline stp|
    +---------+---------+----------+----------+-----+-----+-------------------+

    + Detail: 
        * Instance: 
        N/A

        * Loop: 
        +--------------------+---------+---------+----------+-----------+-----------+------+----------+
        |                    |  Latency (cycles) | Iteration|  Initiation Interval  | Trip |          |
        |      Loop Name     |   min   |   max   |  Latency |  achieved |   target  | Count| Pipelined|
        +--------------------+---------+---------+----------+-----------+-----------+------+----------+
        |- VITIS_LOOP_165_1  |      256|      256|         2|          1|          1|   256|       yes|
        +--------------------+---------+---------+----------+-----------+-----------+------+----------+



================================================================
== Utilization Estimates
================================================================
* Summary: 
+-----------------+---------+-----+--------+--------+-----+
|       Name      | BRAM_18K| DSP |   FF   |   LUT  | URAM|
+-----------------+---------+-----+--------+--------+-----+
|DSP              |        -|    -|       -|       -|    -|
|Expression       |        -|    -|       0|      37|    -|
|FIFO             |        -|    -|       -|       -|    -|
|Instance         |        -|    -|       -|       -|    -|
|Memory           |        -|    -|       -|       -|    -|
|Multiplexer      |        -|    -|       0|      45|    -|
|Register         |        -|    -|      20|       -|    -|
+-----------------+---------+-----+--------+--------+-----+
|Total            |        0|    0|      20|      82|    0|
+-----------------+---------+-----+--------+--------+-----+
|Available        |      890|  840|  407600|  203800|    0|
+-----------------+---------+-----+--------+--------+-----+
|Utilization (%)  |        0|    0|      ~0|      ~0|    0|
+-----------------+---------+-----+--------+--------+-----+

+ Detail: 
    * Instance: 
    N/A

    * DSP: 
    N/A

    * Memory: 
    N/A

    * FIFO: 
    N/A

    * Expression: 
    +---------------------------+----------+----+---+----+------------+------------+
    |       Variable Name       | Operation| DSP| FF| LUT| Bitwidth P0| Bitwidth P1|
    +---------------------------+----------+----+---+----+------------+------------+
    |add_ln165_fu_206_p2        |         +|   0|  0|  16|           9|           1|
    |ap_block_pp0_stage0_11001  |       and|   0|  0|   2|           1|           1|
    |icmp_ln165_fu_200_p2       |      icmp|   0|  0|  17|           9|          10|
    |ap_enable_pp0              |       xor|   0|  0|   2|           1|           2|
    +---------------------------+----------+----+---+----+------------+------------+
    |Total                      |          |   0|  0|  37|          20|          14|
    +---------------------------+----------+----+---+----+------------+------------+

    * Multiplexer: 
    +-------------------------+----+-----------+-----+-----------+
    |           Name          | LUT| Input Size| Bits| Total Bits|
    +-------------------------+----+-----------+-----+-----------+
    |ap_done_int              |   9|          2|    1|          2|
    |ap_enable_reg_pp0_iter1  |   9|          2|    1|          2|
    |ap_sig_allocacmp_i_14    |   9|          2|    9|         18|
    |i_fu_70                  |   9|          2|    9|         18|
    |stream_l1_to_l2_blk_n    |   9|          2|    1|          2|
    +-------------------------+----+-----------+-----+-----------+
    |Total                    |  45|         10|   21|         42|
    +-------------------------+----+-----------+-----+-----------+

    * Register: 
    +-------------------------+---+----+-----+-----------+
    |           Name          | FF| LUT| Bits| Const Bits|
    +-------------------------+---+----+-----+-----------+
    |ap_CS_fsm                |  1|   0|    1|          0|
    |ap_done_reg              |  1|   0|    1|          0|
    |ap_enable_reg_pp0_iter1  |  1|   0|    1|          0|
    |i_fu_70                  |  9|   0|    9|          0|
    |lshr_ln_reg_274          |  5|   0|    5|          0|
    |trunc_ln165_reg_270      |  3|   0|    3|          0|
    +-------------------------+---+----+-----+-----------+
    |Total                    | 20|   0|   20|          0|
    +-------------------------+---+----+-----+-----------+



================================================================
== Interface
================================================================
* Summary: 
+--------------------------------+-----+-----+------------+---------------------------------------+--------------+
|            RTL Ports           | Dir | Bits|  Protocol  |             Source Object             |    C Type    |
+--------------------------------+-----+-----+------------+---------------------------------------+--------------+
|ap_clk                          |   in|    1|  ap_ctrl_hs|  tpu_layer_2_Pipeline_VITIS_LOOP_165_1|  return value|
|ap_rst                          |   in|    1|  ap_ctrl_hs|  tpu_layer_2_Pipeline_VITIS_LOOP_165_1|  return value|
|ap_start                        |   in|    1|  ap_ctrl_hs|  tpu_layer_2_Pipeline_VITIS_LOOP_165_1|  return value|
|ap_done                         |  out|    1|  ap_ctrl_hs|  tpu_layer_2_Pipeline_VITIS_LOOP_165_1|  return value|
|ap_idle                         |  out|    1|  ap_ctrl_hs|  tpu_layer_2_Pipeline_VITIS_LOOP_165_1|  return value|
|ap_ready                        |  out|    1|  ap_ctrl_hs|  tpu_layer_2_Pipeline_VITIS_LOOP_165_1|  return value|
|stream_l1_to_l2_dout            |   in|   16|     ap_fifo|                        stream_l1_to_l2|       pointer|
|stream_l1_to_l2_empty_n         |   in|    1|     ap_fifo|                        stream_l1_to_l2|       pointer|
|stream_l1_to_l2_read            |  out|    1|     ap_fifo|                        stream_l1_to_l2|       pointer|
|stream_l1_to_l2_num_data_valid  |   in|    3|     ap_fifo|                        stream_l1_to_l2|       pointer|
|stream_l1_to_l2_fifo_cap        |   in|    3|     ap_fifo|                        stream_l1_to_l2|       pointer|
|local_in_14_address0            |  out|    5|   ap_memory|                            local_in_14|         array|
|local_in_14_ce0                 |  out|    1|   ap_memory|                            local_in_14|         array|
|local_in_14_we0                 |  out|    1|   ap_memory|                            local_in_14|         array|
|local_in_14_d0                  |  out|   16|   ap_memory|                            local_in_14|         array|
|local_in_13_address0            |  out|    5|   ap_memory|                            local_in_13|         array|
|local_in_13_ce0                 |  out|    1|   ap_memory|                            local_in_13|         array|
|local_in_13_we0                 |  out|    1|   ap_memory|                            local_in_13|         array|
|local_in_13_d0                  |  out|   16|   ap_memory|                            local_in_13|         array|
|local_in_12_address0            |  out|    5|   ap_memory|                            local_in_12|         array|
|local_in_12_ce0                 |  out|    1|   ap_memory|                            local_in_12|         array|
|local_in_12_we0                 |  out|    1|   ap_memory|                            local_in_12|         array|
|local_in_12_d0                  |  out|   16|   ap_memory|                            local_in_12|         array|
|local_in_11_address0            |  out|    5|   ap_memory|                            local_in_11|         array|
|local_in_11_ce0                 |  out|    1|   ap_memory|                            local_in_11|         array|
|local_in_11_we0                 |  out|    1|   ap_memory|                            local_in_11|         array|
|local_in_11_d0                  |  out|   16|   ap_memory|                            local_in_11|         array|
|local_in_10_address0            |  out|    5|   ap_memory|                            local_in_10|         array|
|local_in_10_ce0                 |  out|    1|   ap_memory|                            local_in_10|         array|
|local_in_10_we0                 |  out|    1|   ap_memory|                            local_in_10|         array|
|local_in_10_d0                  |  out|   16|   ap_memory|                            local_in_10|         array|
|local_in_9_address0             |  out|    5|   ap_memory|                             local_in_9|         array|
|local_in_9_ce0                  |  out|    1|   ap_memory|                             local_in_9|         array|
|local_in_9_we0                  |  out|    1|   ap_memory|                             local_in_9|         array|
|local_in_9_d0                   |  out|   16|   ap_memory|                             local_in_9|         array|
|local_in_8_address0             |  out|    5|   ap_memory|                             local_in_8|         array|
|local_in_8_ce0                  |  out|    1|   ap_memory|                             local_in_8|         array|
|local_in_8_we0                  |  out|    1|   ap_memory|                             local_in_8|         array|
|local_in_8_d0                   |  out|   16|   ap_memory|                             local_in_8|         array|
|local_in_address0               |  out|    5|   ap_memory|                               local_in|         array|
|local_in_ce0                    |  out|    1|   ap_memory|                               local_in|         array|
|local_in_we0                    |  out|    1|   ap_memory|                               local_in|         array|
|local_in_d0                     |  out|   16|   ap_memory|                               local_in|         array|
+--------------------------------+-----+-----+------------+---------------------------------------+--------------+

