

================================================================
== Vitis HLS Report for 'tpu_layer_3_Pipeline_VITIS_LOOP_268_1'
================================================================
* Date:           Tue Jun 16 19:43:39 2026

* Version:        2025.2 (Build 6295257 on Nov 14 2025)
* Project:        tpu_integrated_accel
* Solution:       hls (Vivado IP Flow Target)
* Product family: kintex7
* Target device:  xc7k325t-ffg900-2


================================================================
== Performance Estimates
================================================================
+ Timing: 
    * Summary: 
    +--------+----------+----------+------------+
    |  Clock |  Target  | Estimated| Uncertainty|
    +--------+----------+----------+------------+
    |ap_clk  |  10.00 ns|  3.616 ns|     2.70 ns|
    +--------+----------+----------+------------+

+ Latency: 
    * Summary: 
    +---------+---------+----------+----------+-----+-----+-------------------+
    |  Latency (cycles) |  Latency (absolute) |  Interval |      Pipeline     |
    |   min   |   max   |    min   |    max   | min | max |        Type       |
    +---------+---------+----------+----------+-----+-----+-------------------+
    |      130|      130|  1.300 us|  1.300 us|    0|    0|  loop pipeline stp|
    +---------+---------+----------+----------+-----+-----+-------------------+

    + Detail: 
        * Instance: 
        N/A

        * Loop: 
        +--------------------+---------+---------+----------+-----------+-----------+------+----------+
        |                    |  Latency (cycles) | Iteration|  Initiation Interval  | Trip |          |
        |      Loop Name     |   min   |   max   |  Latency |  achieved |   target  | Count| Pipelined|
        +--------------------+---------+---------+----------+-----------+-----------+------+----------+
        |- VITIS_LOOP_268_1  |      128|      128|         2|          1|          1|   128|       yes|
        +--------------------+---------+---------+----------+-----------+-----------+------+----------+



================================================================
== Utilization Estimates
================================================================
* Summary: 
+-----------------+---------+-----+--------+--------+-----+
|       Name      | BRAM_18K| DSP |   FF   |   LUT  | URAM|
+-----------------+---------+-----+--------+--------+-----+
|DSP              |        -|    -|       -|       -|    -|
|Expression       |        -|    -|       0|      35|    -|
|FIFO             |        -|    -|       -|       -|    -|
|Instance         |        -|    -|       -|       -|    -|
|Memory           |        -|    -|       -|       -|    -|
|Multiplexer      |        -|    -|       0|      45|    -|
|Register         |        -|    -|      18|       -|    -|
+-----------------+---------+-----+--------+--------+-----+
|Total            |        0|    0|      18|      80|    0|
+-----------------+---------+-----+--------+--------+-----+
|Available        |      890|  840|  407600|  203800|    0|
+-----------------+---------+-----+--------+--------+-----+
|Utilization (%)  |        0|    0|      ~0|      ~0|    0|
+-----------------+---------+-----+--------+--------+-----+

+ Detail: 
    * Instance: 
    N/A

    * DSP: 
    N/A

    * Memory: 
    N/A

    * FIFO: 
    N/A

    * Expression: 
    +---------------------------+----------+----+---+----+------------+------------+
    |       Variable Name       | Operation| DSP| FF| LUT| Bitwidth P0| Bitwidth P1|
    +---------------------------+----------+----+---+----+------------+------------+
    |add_ln268_fu_206_p2        |         +|   0|  0|  15|           8|           1|
    |ap_block_pp0_stage0_11001  |       and|   0|  0|   2|           1|           1|
    |icmp_ln268_fu_200_p2       |      icmp|   0|  0|  16|           8|           9|
    |ap_enable_pp0              |       xor|   0|  0|   2|           1|           2|
    +---------------------------+----------+----+---+----+------------+------------+
    |Total                      |          |   0|  0|  35|          18|          13|
    +---------------------------+----------+----+---+----+------------+------------+

    * Multiplexer: 
    +-------------------------+----+-----------+-----+-----------+
    |           Name          | LUT| Input Size| Bits| Total Bits|
    +-------------------------+----+-----------+-----+-----------+
    |ap_done_int              |   9|          2|    1|          2|
    |ap_enable_reg_pp0_iter1  |   9|          2|    1|          2|
    |ap_sig_allocacmp_i_6     |   9|          2|    8|         16|
    |i_fu_70                  |   9|          2|    8|         16|
    |stream_l2_to_l3_blk_n    |   9|          2|    1|          2|
    +-------------------------+----+-----------+-----+-----------+
    |Total                    |  45|         10|   19|         38|
    +-------------------------+----+-----------+-----+-----------+

    * Register: 
    +-------------------------+---+----+-----+-----------+
    |           Name          | FF| LUT| Bits| Const Bits|
    +-------------------------+---+----+-----+-----------+
    |ap_CS_fsm                |  1|   0|    1|          0|
    |ap_done_reg              |  1|   0|    1|          0|
    |ap_enable_reg_pp0_iter1  |  1|   0|    1|          0|
    |i_fu_70                  |  8|   0|    8|          0|
    |lshr_ln_reg_274          |  4|   0|    4|          0|
    |trunc_ln268_reg_270      |  3|   0|    3|          0|
    +-------------------------+---+----+-----+-----------+
    |Total                    | 18|   0|   18|          0|
    +-------------------------+---+----+-----+-----------+



================================================================
== Interface
================================================================
* Summary: 
+--------------------------------+-----+-----+------------+---------------------------------------+--------------+
|            RTL Ports           | Dir | Bits|  Protocol  |             Source Object             |    C Type    |
+--------------------------------+-----+-----+------------+---------------------------------------+--------------+
|ap_clk                          |   in|    1|  ap_ctrl_hs|  tpu_layer_3_Pipeline_VITIS_LOOP_268_1|  return value|
|ap_rst                          |   in|    1|  ap_ctrl_hs|  tpu_layer_3_Pipeline_VITIS_LOOP_268_1|  return value|
|ap_start                        |   in|    1|  ap_ctrl_hs|  tpu_layer_3_Pipeline_VITIS_LOOP_268_1|  return value|
|ap_done                         |  out|    1|  ap_ctrl_hs|  tpu_layer_3_Pipeline_VITIS_LOOP_268_1|  return value|
|ap_idle                         |  out|    1|  ap_ctrl_hs|  tpu_layer_3_Pipeline_VITIS_LOOP_268_1|  return value|
|ap_ready                        |  out|    1|  ap_ctrl_hs|  tpu_layer_3_Pipeline_VITIS_LOOP_268_1|  return value|
|stream_l2_to_l3_dout            |   in|   16|     ap_fifo|                        stream_l2_to_l3|       pointer|
|stream_l2_to_l3_empty_n         |   in|    1|     ap_fifo|                        stream_l2_to_l3|       pointer|
|stream_l2_to_l3_read            |  out|    1|     ap_fifo|                        stream_l2_to_l3|       pointer|
|stream_l2_to_l3_num_data_valid  |   in|    3|     ap_fifo|                        stream_l2_to_l3|       pointer|
|stream_l2_to_l3_fifo_cap        |   in|    3|     ap_fifo|                        stream_l2_to_l3|       pointer|
|local_in_7_address0             |  out|    4|   ap_memory|                             local_in_7|         array|
|local_in_7_ce0                  |  out|    1|   ap_memory|                             local_in_7|         array|
|local_in_7_we0                  |  out|    1|   ap_memory|                             local_in_7|         array|
|local_in_7_d0                   |  out|   16|   ap_memory|                             local_in_7|         array|
|local_in_6_address0             |  out|    4|   ap_memory|                             local_in_6|         array|
|local_in_6_ce0                  |  out|    1|   ap_memory|                             local_in_6|         array|
|local_in_6_we0                  |  out|    1|   ap_memory|                             local_in_6|         array|
|local_in_6_d0                   |  out|   16|   ap_memory|                             local_in_6|         array|
|local_in_5_address0             |  out|    4|   ap_memory|                             local_in_5|         array|
|local_in_5_ce0                  |  out|    1|   ap_memory|                             local_in_5|         array|
|local_in_5_we0                  |  out|    1|   ap_memory|                             local_in_5|         array|
|local_in_5_d0                   |  out|   16|   ap_memory|                             local_in_5|         array|
|local_in_4_address0             |  out|    4|   ap_memory|                             local_in_4|         array|
|local_in_4_ce0                  |  out|    1|   ap_memory|                             local_in_4|         array|
|local_in_4_we0                  |  out|    1|   ap_memory|                             local_in_4|         array|
|local_in_4_d0                   |  out|   16|   ap_memory|                             local_in_4|         array|
|local_in_3_address0             |  out|    4|   ap_memory|                             local_in_3|         array|
|local_in_3_ce0                  |  out|    1|   ap_memory|                             local_in_3|         array|
|local_in_3_we0                  |  out|    1|   ap_memory|                             local_in_3|         array|
|local_in_3_d0                   |  out|   16|   ap_memory|                             local_in_3|         array|
|local_in_2_address0             |  out|    4|   ap_memory|                             local_in_2|         array|
|local_in_2_ce0                  |  out|    1|   ap_memory|                             local_in_2|         array|
|local_in_2_we0                  |  out|    1|   ap_memory|                             local_in_2|         array|
|local_in_2_d0                   |  out|   16|   ap_memory|                             local_in_2|         array|
|local_in_1_address0             |  out|    4|   ap_memory|                             local_in_1|         array|
|local_in_1_ce0                  |  out|    1|   ap_memory|                             local_in_1|         array|
|local_in_1_we0                  |  out|    1|   ap_memory|                             local_in_1|         array|
|local_in_1_d0                   |  out|   16|   ap_memory|                             local_in_1|         array|
|local_in_address0               |  out|    4|   ap_memory|                               local_in|         array|
|local_in_ce0                    |  out|    1|   ap_memory|                               local_in|         array|
|local_in_we0                    |  out|    1|   ap_memory|                               local_in|         array|
|local_in_d0                     |  out|   16|   ap_memory|                               local_in|         array|
+--------------------------------+-----+-----+------------+---------------------------------------+--------------+

