

================================================================
== Vitis HLS Report for 'leaky_relu_1'
================================================================
* Date:           Tue Jun 16 23:52:44 2026

* Version:        2025.2 (Build 6295257 on Nov 14 2025)
* Project:        yolo_backbone_1
* Solution:       hls (Vivado IP Flow Target)
* Product family: kintex7
* Target device:  xc7k325t-ffg900-2


================================================================
== Performance Estimates
================================================================
+ Timing: 
    * Summary: 
    +--------+----------+----------+------------+
    |  Clock |  Target  | Estimated| Uncertainty|
    +--------+----------+----------+------------+
    |ap_clk  |  10.00 ns|  6.578 ns|     2.70 ns|
    +--------+----------+----------+------------+

+ Latency: 
    * Summary: 
    +---------+---------+----------+----------+-----+-----+------------------------------------------------+
    |  Latency (cycles) |  Latency (absolute) |  Interval |                    Pipeline                    |
    |   min   |   max   |    min   |    max   | min | max |                      Type                      |
    +---------+---------+----------+----------+-----+-----+------------------------------------------------+
    |      199|      199|  1.990 us|  1.990 us|  197|  197|  loop auto-rewind stp (delay=0 clock cycles(s))|
    +---------+---------+----------+----------+-----+-----+------------------------------------------------+

    + Detail: 
        * Instance: 
        N/A

        * Loop: 
        +-------------------+---------+---------+----------+-----------+-----------+------+----------+
        |                   |  Latency (cycles) | Iteration|  Initiation Interval  | Trip |          |
        |     Loop Name     |   min   |   max   |  Latency |  achieved |   target  | Count| Pipelined|
        +-------------------+---------+---------+----------+-----------+-----------+------+----------+
        |- VITIS_LOOP_84_1  |      197|      197|         3|          1|          1|   196|       yes|
        +-------------------+---------+---------+----------+-----------+-----------+------+----------+



================================================================
== Utilization Estimates
================================================================
* Summary: 
+-----------------+---------+-----+--------+--------+-----+
|       Name      | BRAM_18K| DSP |   FF   |   LUT  | URAM|
+-----------------+---------+-----+--------+--------+-----+
|DSP              |        -|    -|       -|       -|    -|
|Expression       |        -|    -|       0|     660|    -|
|FIFO             |        -|    -|       -|       -|    -|
|Instance         |        -|   16|       0|      96|    -|
|Memory           |        -|    -|       -|       -|    -|
|Multiplexer      |        -|    -|       0|      63|    -|
|Register         |        -|    -|     286|       -|    -|
+-----------------+---------+-----+--------+--------+-----+
|Total            |        0|   16|     286|     819|    0|
+-----------------+---------+-----+--------+--------+-----+
|Available        |      890|  840|  407600|  203800|    0|
+-----------------+---------+-----+--------+--------+-----+
|Utilization (%)  |        0|    1|      ~0|      ~0|    0|
+-----------------+---------+-----+--------+--------+-----+

+ Detail: 
    * Instance: 
    +--------------------------+--------------------+---------+----+---+----+-----+
    |         Instance         |       Module       | BRAM_18K| DSP| FF| LUT| URAM|
    +--------------------------+--------------------+---------+----+---+----+-----+
    |mul_16s_8ns_24_1_1_U2464  |mul_16s_8ns_24_1_1  |        0|   1|  0|   6|    0|
    |mul_16s_8ns_24_1_1_U2465  |mul_16s_8ns_24_1_1  |        0|   1|  0|   6|    0|
    |mul_16s_8ns_24_1_1_U2466  |mul_16s_8ns_24_1_1  |        0|   1|  0|   6|    0|
    |mul_16s_8ns_24_1_1_U2467  |mul_16s_8ns_24_1_1  |        0|   1|  0|   6|    0|
    |mul_16s_8ns_24_1_1_U2468  |mul_16s_8ns_24_1_1  |        0|   1|  0|   6|    0|
    |mul_16s_8ns_24_1_1_U2469  |mul_16s_8ns_24_1_1  |        0|   1|  0|   6|    0|
    |mul_16s_8ns_24_1_1_U2470  |mul_16s_8ns_24_1_1  |        0|   1|  0|   6|    0|
    |mul_16s_8ns_24_1_1_U2471  |mul_16s_8ns_24_1_1  |        0|   1|  0|   6|    0|
    |mul_16s_8ns_24_1_1_U2472  |mul_16s_8ns_24_1_1  |        0|   1|  0|   6|    0|
    |mul_16s_8ns_24_1_1_U2473  |mul_16s_8ns_24_1_1  |        0|   1|  0|   6|    0|
    |mul_16s_8ns_24_1_1_U2474  |mul_16s_8ns_24_1_1  |        0|   1|  0|   6|    0|
    |mul_16s_8ns_24_1_1_U2475  |mul_16s_8ns_24_1_1  |        0|   1|  0|   6|    0|
    |mul_16s_8ns_24_1_1_U2476  |mul_16s_8ns_24_1_1  |        0|   1|  0|   6|    0|
    |mul_16s_8ns_24_1_1_U2477  |mul_16s_8ns_24_1_1  |        0|   1|  0|   6|    0|
    |mul_16s_8ns_24_1_1_U2478  |mul_16s_8ns_24_1_1  |        0|   1|  0|   6|    0|
    |mul_16s_8ns_24_1_1_U2479  |mul_16s_8ns_24_1_1  |        0|   1|  0|   6|    0|
    +--------------------------+--------------------+---------+----+---+----+-----+
    |Total                     |                    |        0|  16|  0|  96|    0|
    +--------------------------+--------------------+---------+----+---+----+-----+

    * DSP: 
    N/A

    * Memory: 
    N/A

    * FIFO: 
    N/A

    * Expression: 
    +--------------------------------+----------+----+---+----+------------+------------+
    |          Variable Name         | Operation| DSP| FF| LUT| Bitwidth P0| Bitwidth P1|
    +--------------------------------+----------+----+---+----+------------+------------+
    |i_4_fu_141_p2                   |         +|   0|  0|  15|           8|           1|
    |ap_condition_177                |       and|   0|  0|   2|           1|           1|
    |icmp_ln84_fu_135_p2             |      icmp|   0|  0|  15|           8|           7|
    |icmp_ln90_10_fu_366_p2          |      icmp|   0|  0|  23|          16|           1|
    |icmp_ln90_11_fu_372_p2          |      icmp|   0|  0|  23|          16|           1|
    |icmp_ln90_12_fu_378_p2          |      icmp|   0|  0|  23|          16|           1|
    |icmp_ln90_13_fu_384_p2          |      icmp|   0|  0|  23|          16|           1|
    |icmp_ln90_14_fu_390_p2          |      icmp|   0|  0|  23|          16|           1|
    |icmp_ln90_15_fu_396_p2          |      icmp|   0|  0|  23|          16|           1|
    |icmp_ln90_1_fu_312_p2           |      icmp|   0|  0|  23|          16|           1|
    |icmp_ln90_2_fu_318_p2           |      icmp|   0|  0|  23|          16|           1|
    |icmp_ln90_3_fu_324_p2           |      icmp|   0|  0|  23|          16|           1|
    |icmp_ln90_4_fu_330_p2           |      icmp|   0|  0|  23|          16|           1|
    |icmp_ln90_5_fu_336_p2           |      icmp|   0|  0|  23|          16|           1|
    |icmp_ln90_6_fu_342_p2           |      icmp|   0|  0|  23|          16|           1|
    |icmp_ln90_7_fu_348_p2           |      icmp|   0|  0|  23|          16|           1|
    |icmp_ln90_8_fu_354_p2           |      icmp|   0|  0|  23|          16|           1|
    |icmp_ln90_9_fu_360_p2           |      icmp|   0|  0|  23|          16|           1|
    |icmp_ln90_fu_306_p2             |      icmp|   0|  0|  23|          16|           1|
    |ap_block_pp0_stage0_01001_grp1  |        or|   0|  0|   2|           1|           1|
    |p_out_10_fu_715_p3              |    select|   0|  0|  16|           1|          16|
    |p_out_11_fu_744_p3              |    select|   0|  0|  16|           1|          16|
    |p_out_12_fu_773_p3              |    select|   0|  0|  16|           1|          16|
    |p_out_13_fu_802_p3              |    select|   0|  0|  16|           1|          16|
    |p_out_14_fu_831_p3              |    select|   0|  0|  16|           1|          16|
    |p_out_15_fu_860_p3              |    select|   0|  0|  16|           1|          16|
    |p_out_1_fu_454_p3               |    select|   0|  0|  16|           1|          16|
    |p_out_2_fu_483_p3               |    select|   0|  0|  16|           1|          16|
    |p_out_3_fu_512_p3               |    select|   0|  0|  16|           1|          16|
    |p_out_4_fu_541_p3               |    select|   0|  0|  16|           1|          16|
    |p_out_5_fu_570_p3               |    select|   0|  0|  16|           1|          16|
    |p_out_6_fu_599_p3               |    select|   0|  0|  16|           1|          16|
    |p_out_7_fu_628_p3               |    select|   0|  0|  16|           1|          16|
    |p_out_8_fu_657_p3               |    select|   0|  0|  16|           1|          16|
    |p_out_9_fu_686_p3               |    select|   0|  0|  16|           1|          16|
    |p_out_fu_425_p3                 |    select|   0|  0|  16|           1|          16|
    |ap_enable_pp0                   |       xor|   0|  0|   2|           1|           2|
    +--------------------------------+----------+----+---+----+------------+------------+
    |Total                           |          |   0|  0| 660|         291|         284|
    +--------------------------------+----------+----+---+----+------------+------------+

    * Multiplexer: 
    +-------------------------+----+-----------+-----+-----------+
    |           Name          | LUT| Input Size| Bits| Total Bits|
    +-------------------------+----+-----------+-----+-----------+
    |ap_done_int              |   9|          2|    1|          2|
    |ap_enable_reg_pp0_iter1  |   9|          2|    1|          2|
    |ap_sig_allocacmp_i_3     |   9|          2|    8|         16|
    |i_fu_110                 |   9|          2|    8|         16|
    |real_start               |   9|          2|    1|          2|
    |stream_l1_out_blk_n      |   9|          2|    1|          2|
    |stream_relu_out_blk_n    |   9|          2|    1|          2|
    +-------------------------+----+-----------+-----+-----------+
    |Total                    |  63|         14|   21|         42|
    +-------------------------+----+-----------+-----+-----------+

    * Register: 
    +----------------------------------+----+----+-----+-----------+
    |               Name               | FF | LUT| Bits| Const Bits|
    +----------------------------------+----+----+-----+-----------+
    |ap_CS_fsm                         |   1|   0|    1|          0|
    |ap_done_reg                       |   1|   0|    1|          0|
    |ap_enable_reg_pp0_iter1           |   1|   0|    1|          0|
    |ap_enable_reg_pp0_iter2           |   1|   0|    1|          0|
    |ap_loop_exit_ready_pp0_iter1_reg  |   1|   0|    1|          0|
    |i_fu_110                          |   8|   0|    8|          0|
    |icmp_ln90_10_reg_1060             |   1|   0|    1|          0|
    |icmp_ln90_11_reg_1065             |   1|   0|    1|          0|
    |icmp_ln90_12_reg_1070             |   1|   0|    1|          0|
    |icmp_ln90_13_reg_1075             |   1|   0|    1|          0|
    |icmp_ln90_14_reg_1080             |   1|   0|    1|          0|
    |icmp_ln90_15_reg_1085             |   1|   0|    1|          0|
    |icmp_ln90_1_reg_1015              |   1|   0|    1|          0|
    |icmp_ln90_2_reg_1020              |   1|   0|    1|          0|
    |icmp_ln90_3_reg_1025              |   1|   0|    1|          0|
    |icmp_ln90_4_reg_1030              |   1|   0|    1|          0|
    |icmp_ln90_5_reg_1035              |   1|   0|    1|          0|
    |icmp_ln90_6_reg_1040              |   1|   0|    1|          0|
    |icmp_ln90_7_reg_1045              |   1|   0|    1|          0|
    |icmp_ln90_8_reg_1050              |   1|   0|    1|          0|
    |icmp_ln90_9_reg_1055              |   1|   0|    1|          0|
    |icmp_ln90_reg_1010                |   1|   0|    1|          0|
    |p_in_10_reg_980                   |  16|   0|   16|          0|
    |p_in_11_reg_986                   |  16|   0|   16|          0|
    |p_in_12_reg_992                   |  16|   0|   16|          0|
    |p_in_13_reg_998                   |  16|   0|   16|          0|
    |p_in_14_reg_1004                  |  16|   0|   16|          0|
    |p_in_15_reg_974                   |  16|   0|   16|          0|
    |p_in_1_reg_920                    |  16|   0|   16|          0|
    |p_in_2_reg_926                    |  16|   0|   16|          0|
    |p_in_3_reg_932                    |  16|   0|   16|          0|
    |p_in_4_reg_938                    |  16|   0|   16|          0|
    |p_in_5_reg_944                    |  16|   0|   16|          0|
    |p_in_6_reg_950                    |  16|   0|   16|          0|
    |p_in_7_reg_956                    |  16|   0|   16|          0|
    |p_in_8_reg_962                    |  16|   0|   16|          0|
    |p_in_9_reg_968                    |  16|   0|   16|          0|
    |p_in_reg_914                      |  16|   0|   16|          0|
    |start_once_reg                    |   1|   0|    1|          0|
    +----------------------------------+----+----+-----+-----------+
    |Total                             | 286|   0|  286|          0|
    +----------------------------------+----+----+-----+-----------+



================================================================
== Interface
================================================================
* Summary: 
+--------------------------------+-----+-----+------------+-----------------+--------------+
|            RTL Ports           | Dir | Bits|  Protocol  |  Source Object  |    C Type    |
+--------------------------------+-----+-----+------------+-----------------+--------------+
|ap_clk                          |   in|    1|  ap_ctrl_hs|     leaky_relu_1|  return value|
|ap_rst                          |   in|    1|  ap_ctrl_hs|     leaky_relu_1|  return value|
|ap_start                        |   in|    1|  ap_ctrl_hs|     leaky_relu_1|  return value|
|start_full_n                    |   in|    1|  ap_ctrl_hs|     leaky_relu_1|  return value|
|ap_done                         |  out|    1|  ap_ctrl_hs|     leaky_relu_1|  return value|
|ap_continue                     |   in|    1|  ap_ctrl_hs|     leaky_relu_1|  return value|
|ap_idle                         |  out|    1|  ap_ctrl_hs|     leaky_relu_1|  return value|
|ap_ready                        |  out|    1|  ap_ctrl_hs|     leaky_relu_1|  return value|
|start_out                       |  out|    1|  ap_ctrl_hs|     leaky_relu_1|  return value|
|start_write                     |  out|    1|  ap_ctrl_hs|     leaky_relu_1|  return value|
|stream_l1_out_dout              |   in|  256|     ap_fifo|    stream_l1_out|       pointer|
|stream_l1_out_empty_n           |   in|    1|     ap_fifo|    stream_l1_out|       pointer|
|stream_l1_out_read              |  out|    1|     ap_fifo|    stream_l1_out|       pointer|
|stream_l1_out_num_data_valid    |   in|    3|     ap_fifo|    stream_l1_out|       pointer|
|stream_l1_out_fifo_cap          |   in|    3|     ap_fifo|    stream_l1_out|       pointer|
|stream_relu_out_din             |  out|  256|     ap_fifo|  stream_relu_out|       pointer|
|stream_relu_out_full_n          |   in|    1|     ap_fifo|  stream_relu_out|       pointer|
|stream_relu_out_write           |  out|    1|     ap_fifo|  stream_relu_out|       pointer|
|stream_relu_out_num_data_valid  |   in|   32|     ap_fifo|  stream_relu_out|       pointer|
|stream_relu_out_fifo_cap        |   in|   32|     ap_fifo|  stream_relu_out|       pointer|
+--------------------------------+-----+-----+------------+-----------------+--------------+

