================================================================
== Design Size Report
================================================================

* Total Instructions per Compilation Phase
+---------------+----------------------------+--------------+----------------------------------------------------------------------------------------+
| Phase         | Step                       | Instructions | Description                                                                            |
+---------------+----------------------------+--------------+----------------------------------------------------------------------------------------+
| Compile/Link  |                            |  5,695       | After all functions are compiled and linked into a single design                       |
|               |                            |              |                                                                                        |
| Unroll/Inline |                            |              | After user unroll and inline pragmas are applied                                       |
|               | (1) unroll                 |  3,184       | user unroll pragmas are applied                                                        |
|               | (2) simplification         |  1,448       | simplification of applied user unroll pragmas                                          |
|               | (3) inline                 |  1,146       | user inline pragmas are applied                                                        |
|               | (4) simplification         |  1,135       | simplification of applied user inline pragmas                                          |
|               |                            |              |                                                                                        |
| Array/Struct  |                            |              | After user array partition and struct aggregate/disaggregate pragmas are applied       |
|               | (1) array partition        | 11,321       | user array partition pragmas are applied                                               |
|               | (2) simplification         |  4,556       | simplification of applied user array partition & struct aggregate/disaggregate pragmas |
|               | (3) aggregate/disaggregate |  4,556       | user struct aggregate/disaggregate pragmas are applied                                 |
|               | (4) array reshape          |  4,556       | apply array reshape pragmas                                                            |
|               | (5) access patterns        |  4,704       | array access pattern optmizations                                                      |
|               |                            |              |                                                                                        |
| Performance   |                            |              | After transformations are applied to meet performance pragma targets                   |
|               | (1) loop simplification    |  4,704       | loop and instruction simplification                                                    |
|               | (2) parallelization        |  4,557       | loops are unrolled or pipelined to meet performance targets                            |
|               | (3) array partition        |  6,361       | arrays are partitioned to meet performance targets                                     |
|               | (4) simplification         |  4,837       | simplification of design after performance transformations                             |
|               |                            |              |                                                                                        |
| HW Transforms |                            |              | After hardware transfomations                                                          |
|               | (1) lowering               |  4,849       | initial conversion to HW specific instructions                                         |
|               | (2) optimizations          |  5,049       | high level synthesis optimizations                                                     |
+---------------+----------------------------+--------------+----------------------------------------------------------------------------------------+

* Instructions per Function for each Compilation Phase
+------------------------+----------------------------+--------------+---------------+--------------+-------------+---------------+
| Function               | Location                   | Compile/Link | Unroll/Inline | Array/Struct | Performance | HW Transforms |
+------------------------+----------------------------+--------------+---------------+--------------+-------------+---------------+
| + task_detection_accel | task_detection_accel.cpp:7 | 5,695        | 1,135         | 4,704        | 4,837       | 5,049         |
|    linear_180_256      | mlp_engine.cpp:8           | 1,296        |  326          | 2,369        | 2,350       | 2,412         |
|    linear_256_128      | mlp_engine.cpp:81          | 1,296        |  326          | 1,345        | 1,343       | 1,405         |
|    linear_128_64       | mlp_engine.cpp:147         | 1,296        |  326          |  833         |  831        |  893          |
|    linear_64_1         | mlp_engine.cpp:213         | 1,221        |               |              |             |               |
+------------------------+----------------------------+--------------+---------------+--------------+-------------+---------------+

* Design Size Message Settings
+---------------------------------------------+--------+------------------------------------------------------------------+
| Message Setting                             | Value  | Description                                                      |
+---------------------------------------------+--------+------------------------------------------------------------------+
| config_compile -design_size_maximum_warning | 100000 | Show a warning when total design instructions exceeds this value |
+---------------------------------------------+--------+------------------------------------------------------------------+


